Component: ARM Compiler 5.06 update 6 (build 750) Tool: armlink [4d35ed]

==============================================================================

Section Cross References

    interrupts_cw32f030.o(i.DMACH1_IRQHandler) refers to cw32f030_dma.o(i.DMA_GetITStatus) for DMA_GetITStatus
    interrupts_cw32f030.o(i.DMACH1_IRQHandler) refers to cw32f030_dma.o(i.DMA_ClearITPendingBit) for DMA_ClearITPendingBit
    interrupts_cw32f030.o(i.DMACH1_IRQHandler) refers to adc.o(i.DMACH1_IRQHandlerCallBack) for DMACH1_IRQHandlerCallBack
    interrupts_cw32f030.o(i.DMACH23_IRQHandler) refers to cw32f030_dma.o(i.DMA_GetITStatus) for DMA_GetITStatus
    interrupts_cw32f030.o(i.DMACH23_IRQHandler) refers to cw32f030_dma.o(i.DMA_ClearITPendingBit) for DMA_ClearITPendingBit
    interrupts_cw32f030.o(i.UART1_IRQHandler) refers to uart.o(i.UART1_IRQHandleCallback) for UART1_IRQHandleCallback
    main.o(i.main) refers to sys_init.o(i.SYS_Init) for SYS_Init
    main.o(i.main) refers to app.o(i.State_Machine) for State_Machine
    main.o(i.main) refers to task.o(i.Task_Pro_Handler_Callback) for Task_Pro_Handler_Callback
    startup_cw32f030.o(RESET) refers to startup_cw32f030.o(STACK) for __initial_sp
    startup_cw32f030.o(RESET) refers to startup_cw32f030.o(.text) for Reset_Handler
    startup_cw32f030.o(RESET) refers to interrupts_cw32f030.o(i.NMI_Handler) for NMI_Handler
    startup_cw32f030.o(RESET) refers to interrupts_cw32f030.o(i.HardFault_Handler) for HardFault_Handler
    startup_cw32f030.o(RESET) refers to interrupts_cw32f030.o(i.SVC_Handler) for SVC_Handler
    startup_cw32f030.o(RESET) refers to interrupts_cw32f030.o(i.PendSV_Handler) for PendSV_Handler
    startup_cw32f030.o(RESET) refers to cw32f030_systick.o(i.SysTick_Handler) for SysTick_Handler
    startup_cw32f030.o(RESET) refers to interrupts_cw32f030.o(i.WDT_IRQHandler) for WDT_IRQHandler
    startup_cw32f030.o(RESET) refers to interrupts_cw32f030.o(i.LVD_IRQHandler) for LVD_IRQHandler
    startup_cw32f030.o(RESET) refers to interrupts_cw32f030.o(i.RTC_IRQHandler) for RTC_IRQHandler
    startup_cw32f030.o(RESET) refers to interrupts_cw32f030.o(i.FLASHRAM_IRQHandler) for FLASHRAM_IRQHandler
    startup_cw32f030.o(RESET) refers to interrupts_cw32f030.o(i.RCC_IRQHandler) for RCC_IRQHandler
    startup_cw32f030.o(RESET) refers to interrupts_cw32f030.o(i.GPIOA_IRQHandler) for GPIOA_IRQHandler
    startup_cw32f030.o(RESET) refers to encoder.o(i.GPIOB_IRQHandler) for GPIOB_IRQHandler
    startup_cw32f030.o(RESET) refers to interrupts_cw32f030.o(i.GPIOC_IRQHandler) for GPIOC_IRQHandler
    startup_cw32f030.o(RESET) refers to interrupts_cw32f030.o(i.GPIOF_IRQHandler) for GPIOF_IRQHandler
    startup_cw32f030.o(RESET) refers to interrupts_cw32f030.o(i.DMACH1_IRQHandler) for DMACH1_IRQHandler
    startup_cw32f030.o(RESET) refers to interrupts_cw32f030.o(i.DMACH23_IRQHandler) for DMACH23_IRQHandler
    startup_cw32f030.o(RESET) refers to interrupts_cw32f030.o(i.DMACH45_IRQHandler) for DMACH45_IRQHandler
    startup_cw32f030.o(RESET) refers to interrupts_cw32f030.o(i.ADC_IRQHandler) for ADC_IRQHandler
    startup_cw32f030.o(RESET) refers to atim.o(i.ATIM_IRQHandler) for ATIM_IRQHandler
    startup_cw32f030.o(RESET) refers to interrupts_cw32f030.o(i.VC1_IRQHandler) for VC1_IRQHandler
    startup_cw32f030.o(RESET) refers to interrupts_cw32f030.o(i.VC2_IRQHandler) for VC2_IRQHandler
    startup_cw32f030.o(RESET) refers to encoder.o(i.GTIM1_IRQHandler) for GTIM1_IRQHandler
    startup_cw32f030.o(RESET) refers to gtim.o(i.GTIM2_IRQHandler) for GTIM2_IRQHandler
    startup_cw32f030.o(RESET) refers to interrupts_cw32f030.o(i.GTIM3_IRQHandler) for GTIM3_IRQHandler
    startup_cw32f030.o(RESET) refers to interrupts_cw32f030.o(i.GTIM4_IRQHandler) for GTIM4_IRQHandler
    startup_cw32f030.o(RESET) refers to btim.o(i.BTIM1_IRQHandler) for BTIM1_IRQHandler
    startup_cw32f030.o(RESET) refers to interrupts_cw32f030.o(i.BTIM2_IRQHandler) for BTIM2_IRQHandler
    startup_cw32f030.o(RESET) refers to interrupts_cw32f030.o(i.BTIM3_IRQHandler) for BTIM3_IRQHandler
    startup_cw32f030.o(RESET) refers to interrupts_cw32f030.o(i.I2C1_IRQHandler) for I2C1_IRQHandler
    startup_cw32f030.o(RESET) refers to interrupts_cw32f030.o(i.I2C2_IRQHandler) for I2C2_IRQHandler
    startup_cw32f030.o(RESET) refers to interrupts_cw32f030.o(i.SPI1_IRQHandler) for SPI1_IRQHandler
    startup_cw32f030.o(RESET) refers to interrupts_cw32f030.o(i.SPI2_IRQHandler) for SPI2_IRQHandler
    startup_cw32f030.o(RESET) refers to interrupts_cw32f030.o(i.UART1_IRQHandler) for UART1_IRQHandler
    startup_cw32f030.o(RESET) refers to interrupts_cw32f030.o(i.UART2_IRQHandler) for UART2_IRQHandler
    startup_cw32f030.o(RESET) refers to interrupts_cw32f030.o(i.UART3_IRQHandler) for UART3_IRQHandler
    startup_cw32f030.o(RESET) refers to interrupts_cw32f030.o(i.AWT_IRQHandler) for AWT_IRQHandler
    startup_cw32f030.o(RESET) refers to interrupts_cw32f030.o(i.FAULT_IRQHandler) for FAULT_IRQHandler
[...]
    ../clib/microlib/division.c              0x00000000   Number         0  idiv.o ABSOLUTE
    ../clib/microlib/init/entry.s            0x00000000   Number         0  entry7a.o ABSOLUTE
    ../clib/microlib/init/entry.s            0x00000000   Number         0  entry2.o ABSOLUTE
    ../clib/microlib/init/entry.s            0x00000000   Number         0  entry11a.o ABSOLUTE
    ../clib/microlib/init/entry.s            0x00000000   Number         0  entry.o ABSOLUTE
    ../clib/microlib/init/entry.s            0x00000000   Number         0  entry10a.o ABSOLUTE
    ../clib/microlib/init/entry.s            0x00000000   Number         0  entry11b.o ABSOLUTE
    ../clib/microlib/init/entry.s            0x00000000   Number         0  entry5.o ABSOLUTE
    ../clib/microlib/init/entry.s            0x00000000   Number         0  entry10b.o ABSOLUTE
    ../clib/microlib/init/entry.s            0x00000000   Number         0  entry9b.o ABSOLUTE
    ../clib/microlib/init/entry.s            0x00000000   Number         0  entry9a.o ABSOLUTE
    ../clib/microlib/init/entry.s            0x00000000   Number         0  entry8b.o ABSOLUTE
    ../clib/microlib/init/entry.s            0x00000000   Number         0  entry8a.o ABSOLUTE
    ../clib/microlib/init/entry.s            0x00000000   Number         0  entry7b.o ABSOLUTE
    ../clib/microlib/longlong.c              0x00000000   Number         0  llsshr.o ABSOLUTE
    ../clib/microlib/longlong.c              0x00000000   Number         0  llushr.o ABSOLUTE
    ../clib/microlib/longlong.c              0x00000000   Number         0  llshl.o ABSOLUTE
    ../clib/microlib/string/memcpy.c         0x00000000   Number         0  memcpyb.o ABSOLUTE
    ../clib/microlib/string/memcpy.c         0x00000000   Number         0  memcpya.o ABSOLUTE
    ../clib/microlib/string/memset.c         0x00000000   Number         0  memseta.o ABSOLUTE
    ../clib/microlib/stubs.s                 0x00000000   Number         0  iusefp.o ABSOLUTE
    ../fplib/microlib/d2f.c                  0x00000000   Number         0  d2f.o ABSOLUTE
    ../fplib/microlib/f2d.c                  0x00000000   Number         0  f2d.o ABSOLUTE
    ../fplib/microlib/fpadd.c                0x00000000   Number         0  dadd.o ABSOLUTE
    ../fplib/microlib/fpadd.c                0x00000000   Number         0  fadd.o ABSOLUTE
    ../fplib/microlib/fpdiv.c                0x00000000   Number         0  ddiv.o ABSOLUTE
    ../fplib/microlib/fpdiv.c                0x00000000   Number         0  fdiv.o ABSOLUTE
    ../fplib/microlib/fpepilogue.c           0x00000000   Number         0  fepilogue.o ABSOLUTE
    ../fplib/microlib/fpepilogue.c           0x00000000   Number         0  depilogue.o ABSOLUTE
    ../fplib/microlib/fpfix.c                0x00000000   Number         0  ffixui.o ABSOLUTE
    ../fplib/microlib/fpfix.c                0x00000000   Number         0  dfixui.o ABSOLUTE
    ../fplib/microlib/fpflt.c                0x00000000   Number         0  dfltui.o ABSOLUTE
    ../fplib/microlib/fpflt.c                0x00000000   Number         0  dflti.o ABSOLUTE
    ../fplib/microlib/fpflt.c                0x00000000   Number         0  ffltui.o ABSOLUTE
    ../fplib/microlib/fpflt.c                0x00000000   Number         0  fflti.o ABSOLUTE
    ../fplib/microlib/fpmul.c                0x00000000   Number         0  dmul.o ABSOLUTE
    ../fplib/microlib/fpmul.c                0x00000000   Number         0  fmul.o ABSOLUTE
    HARDWARE\ADC\adc.c                       0x00000000   Number         0  adc.o ABSOLUTE
    HARDWARE\APP\app.c                       0x00000000   Number         0  app.o ABSOLUTE
    HARDWARE\ATIM\atim.c                     0x00000000   Number         0  atim.o ABSOLUTE
    HARDWARE\BTIM\btim.c                     0x00000000   Number         0  btim.o ABSOLUTE
    HARDWARE\BUZZER\buzzer.c                 0x00000000   Number         0  buzzer.o ABSOLUTE
    HARDWARE\ENCODER\encoder.c               0x00000000   Number         0  encoder.o ABSOLUTE
    HARDWARE\GLOBAL\global.c                 0x00000000   Number         0  global.o ABSOLUTE
    HARDWARE\GTIM\gtim.c                     0x00000000   Number         0  gtim.o ABSOLUTE
    HARDWARE\IWDT\iwdt.c                     0x00000000   Number         0  iwdt.o ABSOLUTE
    HARDWARE\KEY\key.c                       0x00000000   Number         0  key.o ABSOLUTE
    HARDWARE\LED\led.c                       0x00000000   Number         0  led.o ABSOLUTE
    HARDWARE\MOTOR\motor.c                   0x00000000   Number         0  motor.o ABSOLUTE
    HARDWARE\OLED\oled_iic.c                 0x00000000   Number         0  oled_iic.o ABSOLUTE
    HARDWARE\TASK\task.c                     0x00000000   Number         0  task.o ABSOLUTE
    HARDWARE\UART\uart.c                     0x00000000   Number         0  uart.o ABSOLUTE
    HARDWARE\\ADC\\adc.c                     0x00000000   Number         0  adc.o ABSOLUTE
    HARDWARE\\APP\\app.c                     0x00000000   Number         0  app.o ABSOLUTE
    HARDWARE\\ATIM\\atim.c                   0x00000000   Number         0  atim.o ABSOLUTE
    HARDWARE\\BTIM\\btim.c                   0x00000000   Number         0  btim.o ABSOLUTE
    HARDWARE\\BUZZER\\buzzer.c               0x00000000   Number         0  buzzer.o ABSOLUTE
    HARDWARE\\ENCODER\\encoder.c             0x00000000   Number         0  encoder.o ABSOLUTE
    HARDWARE\\GLOBAL\\global.c               0x00000000   Number         0  global.o ABSOLUTE
    HARDWARE\\GTIM\\gtim.c                   0x00000000   Number         0  gtim.o ABSOLUTE
    HARDWARE\\IWDT\\iwdt.c                   0x00000000   Number         0  iwdt.o ABSOLUTE
    HARDWARE\\KEY\\key.c                     0x00000000   Number         0  key.o ABSOLUTE
    HARDWARE\\LED\\led.c                     0x00000000   Number         0  led.o ABSOLUTE
    HARDWARE\\MOTOR\\motor.c                 0x00000000   Number         0  motor.o ABSOLUTE
    HARDWARE\\OLED\\oled_iic.c               0x00000000   Number         0  oled_iic.o ABSOLUTE
    HARDWARE\\TASK\\task.c                   0x00000000   Number         0  task.o ABSOLUTE
    HARDWARE\\UART\\uart.c                   0x00000000   Number         0  uart.o ABSOLUTE
    Libraries\\src\\cw32f030_adc.c           0x00000000   Number         0  cw32f030_adc.o ABSOLUTE
    Libraries\\src\\cw32f030_atim.c          0x00000000   Number         0  cw32f030_atim.o ABSOLUTE
    Libraries\\src\\cw32f030_awt.c           0x00000000   Number         0  cw32f030_awt.o ABSOLUTE
    Libraries\\src\\cw32f030_btim.c          0x00000000   Number         0  cw32f030_btim.o ABSOLUTE
    Libraries\\src\\cw32f030_crc.c           0x00000000   Number         0  cw32f030_crc.o ABSOLUTE
    Libraries\\src\\cw32f030_debug.c         0x00000000   Number         0  cw32f030_debug.o ABSOLUTE
    Libraries\\src\\cw32f030_digitalsign.c   0x00000000   Number         0  cw32f030_digitalsign.o ABSOLUTE
    Libraries\\src\\cw32f030_dma.c           0x00000000   Number         0  cw32f030_dma.o ABSOLUTE
    Libraries\\src\\cw32f030_flash.c         0x00000000   Number         0  cw32f030_flash.o ABSOLUTE
    Libraries\\src\\cw32f030_gpio.c          0x00000000   Number         0  cw32f030_gpio.o ABSOLUTE
    Libraries\\src\\cw32f030_gtim.c          0x00000000   Number         0  cw32f030_gtim.o ABSOLUTE
    Libraries\\src\\cw32f030_i2c.c           0x00000000   Number         0  cw32f030_i2c.o ABSOLUTE
    Libraries\\src\\cw32f030_iwdt.c          0x00000000   Number         0  cw32f030_iwdt.o ABSOLUTE
    Libraries\\src\\cw32f030_lvd.c           0x00000000   Number         0  cw32f030_lvd.o ABSOLUTE
    Libraries\\src\\cw32f030_pwr.c           0x00000000   Number         0  cw32f030_pwr.o ABSOLUTE
    Libraries\\src\\cw32f030_ram.c           0x00000000   Number         0  cw32f030_ram.o ABSOLUTE
    Libraries\\src\\cw32f030_rcc.c           0x00000000   Number         0  cw32f030_rcc.o ABSOLUTE
    Libraries\\src\\cw32f030_rtc.c           0x00000000   Number         0  cw32f030_rtc.o ABSOLUTE
    Libraries\\src\\cw32f030_spi.c           0x00000000   Number         0  cw32f030_spi.o ABSOLUTE
    Libraries\\src\\cw32f030_systick.c       0x00000000   Number         0  cw32f030_systick.o ABSOLUTE
    Libraries\\src\\cw32f030_uart.c          0x00000000   Number         0  cw32f030_uart.o ABSOLUTE
    Libraries\\src\\cw32f030_vc.c            0x00000000   Number         0  cw32f030_vc.o ABSOLUTE
    Libraries\\src\\cw32f030_wwdt.c          0x00000000   Number         0  cw32f030_wwdt.o ABSOLUTE
    Libraries\\src\\system_cw32f030.c        0x00000000   Number         0  system_cw32f030.o ABSOLUTE
    Libraries\src\cw32f030_adc.c             0x00000000   Number         0  cw32f030_adc.o ABSOLUTE
    Libraries\src\cw32f030_atim.c            0x00000000   Number         0  cw32f030_atim.o ABSOLUTE
    Libraries\src\cw32f030_awt.c             0x00000000   Number         0  cw32f030_awt.o ABSOLUTE
    Libraries\src\cw32f030_btim.c            0x00000000   Number         0  cw32f030_btim.o ABSOLUTE
    Libraries\src\cw32f030_crc.c             0x00000000   Number         0  cw32f030_crc.o ABSOLUTE
    Libraries\src\cw32f030_debug.c           0x00000000   Number         0  cw32f030_debug.o ABSOLUTE
    Libraries\src\cw32f030_digitalsign.c     0x00000000   Number         0  cw32f030_digitalsign.o ABSOLUTE
    Libraries\src\cw32f030_dma.c             0x00000000   Number         0  cw32f030_dma.o ABSOLUTE
    Libraries\src\cw32f030_flash.c           0x00000000   Number         0  cw32f030_flash.o ABSOLUTE
    Libraries\src\cw32f030_gpio.c            0x00000000   Number         0  cw32f030_gpio.o ABSOLUTE
    Libraries\src\cw32f030_gtim.c            0x00000000   Number         0  cw32f030_gtim.o ABSOLUTE
    Libraries\src\cw32f030_i2c.c             0x00000000   Number         0  cw32f030_i2c.o ABSOLUTE
    Libraries\src\cw32f030_iwdt.c            0x00000000   Number         0  cw32f030_iwdt.o ABSOLUTE
    Libraries\src\cw32f030_lvd.c             0x00000000   Number         0  cw32f030_lvd.o ABSOLUTE
    Libraries\src\cw32f030_pwr.c             0x00000000   Number         0  cw32f030_pwr.o ABSOLUTE
    Libraries\src\cw32f030_ram.c             0x00000000   Number         0  cw32f030_ram.o ABSOLUTE
    Libraries\src\cw32f030_rcc.c             0x00000000   Number         0  cw32f030_rcc.o ABSOLUTE
    Libraries\src\cw32f030_rtc.c             0x00000000   Number         0  cw32f030_rtc.o ABSOLUTE
    Libraries\src\cw32f030_spi.c             0x00000000   Number         0  cw32f030_spi.o ABSOLUTE
    Libraries\src\cw32f030_systick.c         0x00000000   Number         0  cw32f030_systick.o ABSOLUTE
    Libraries\src\cw32f030_uart.c            0x00000000   Number         0  cw32f030_uart.o ABSOLUTE
    Libraries\src\cw32f030_vc.c              0x00000000   Number         0  cw32f030_vc.o ABSOLUTE
    Libraries\src\cw32f030_wwdt.c            0x00000000   Number         0  cw32f030_wwdt.o ABSOLUTE
    Libraries\src\system_cw32f030.c          0x00000000   Number         0  system_cw32f030.o ABSOLUTE
    User\SYS\sys_init.c                      0x00000000   Number         0  sys_init.o ABSOLUTE
    User\\SYS\\sys_init.c                    0x00000000   Number         0  sys_init.o ABSOLUTE
    User\\interrupts_cw32f030.c              0x00000000   Number         0  interrupts_cw32f030.o ABSOLUTE
    User\\main.c                             0x00000000   Number         0  main.o ABSOLUTE
    User\interrupts_cw32f030.c               0x00000000   Number         0  interrupts_cw32f030.o ABSOLUTE
    User\main.c                              0x00000000   Number         0  main.o ABSOLUTE
    User\startup_cw32f030.s                  0x00000000   Number         0  startup_cw32f030.o ABSOLUTE
    cdcmple.s                                0x00000000   Number         0  cdcmple.o ABSOLUTE
    dc.s                                     0x00000000   Number         0  dc.o ABSOLUTE
    handlers.s                               0x00000000   Number         0  handlers.o ABSOLUTE
    init.s                                   0x00000000   Number         0  init.o ABSOLUTE
    .ARM.Collect$$$$00000000                 0x000000c0   Section        0  entry.o(.ARM.Collect$$$$00000000)
    .ARM.Collect$$$$00000001                 0x000000c0   Section        4  entry2.o(.ARM.Collect$$$$00000001)
    .ARM.Collect$$$$00000004                 0x000000c4   Section        4  entry5.o(.ARM.Collect$$$$00000004)
    .ARM.Collect$$$$00000008                 0x000000c8   Section        0  entry7b.o(.ARM.Collect$$$$00000008)
    .ARM.Collect$$$$0000000A                 0x000000c8   Section        0  entry8b.o(.ARM.Collect$$$$0000000A)
    .ARM.Collect$$$$0000000B                 0x000000c8   Section        8  entry9a.o(.ARM.Collect$$$$0000000B)
    .ARM.Collect$$$$0000000D                 0x000000d0   Section        0  entry10a.o(.ARM.Collect$$$$0000000D)
    .ARM.Collect$$$$0000000F                 0x000000d0   Section        0  entry11a.o(.ARM.Collect$$$$0000000F)
    .ARM.Collect$$$$00002712                 0x000000d0   Section        4  entry2.o(.ARM.Collect$$$$00002712)
    __lit__00000000                          0x000000d0   Data           4  entry2.o(.ARM.Collect$$$$00002712)
    .text                                    0x000000d4   Section       28  startup_cw32f030.o(.text)
    .text                                    0x000000f0   Section        0  uidiv.o(.text)
    .text                                    0x0000011c   Section        0  ldiv.o(.text)
    .text                                    0x00000168   Section        0  memcpya.o(.text)
    .text                                    0x0000018c   Section        0  memseta.o(.text)
    .text                                    0x000001b0   Section        0  fadd.o(.text)
    .text                                    0x00000262   Section        0  fmul.o(.text)
    .text                                    0x000002dc   Section        0  fdiv.o(.text)
    .text                                    0x00000358   Section        0  dadd.o(.text)
    .text                                    0x000004bc   Section        0  dmul.o(.text)
    .text                                    0x0000058c   Section        0  ddiv.o(.text)
    .text                                    0x0000067c   Section        0  ffltui.o(.text)
    .text                                    0x0000068c   Section        0  dflti.o(.text)
    .text                                    0x000006b4   Section        0  dfltui.o(.text)
    .text                                    0x000006d0   Section        0  ffixui.o(.text)
    .text                                    0x000006f8   Section        0  dfixui.o(.text)
    .text                                    0x00000734   Section        0  f2d.o(.text)
    .text                                    0x0000075c   Section       40  cdcmple.o(.text)
    .text                                    0x00000784   Section        0  d2f.o(.text)
    .text                                    0x000007bc   Section        0  uldiv.o(.text)
    .text                                    0x0000081c   Section        0  llshl.o(.text)
    .text                                    0x0000083c   Section        0  llushr.o(.text)
    .text                                    0x0000085e   Section        0  llsshr.o(.text)
    .text                                    0x00000884   Section        0  fepilogue.o(.text)
    .text                                    0x00000884   Section        0  iusefp.o(.text)
    .text                                    0x00000906   Section        0  depilogue.o(.text)
    .text                                    0x000009c4   Section       36  init.o(.text)
    RAMCODE                                  0x000009e8   Section        0  cw32f030_btim.o(RAMCODE)
    i.ADC_Configuration                      0x000009f0   Section        0  adc.o(i.ADC_Configuration)
    i.ADC_Enable                             0x00000bc4   Section        0  cw32f030_adc.o(i.ADC_Enable)
    i.ADC_GetITStatus                        0x00000be4   Section        0  cw32f030_adc.o(i.ADC_GetITStatus)
    i.ADC_IRQHandler                         0x00000bfc   Section        0  interrupts_cw32f030.o(i.ADC_IRQHandler)
    i.ADC_Init                               0x00000c00   Section        0  cw32f030_adc.o(i.ADC_Init)
    i.APP_config                             0x00000c88   Section        0  app.o(i.APP_config)
    i.ATIM_ClearITPendingBit                 0x00000d64   Section        0  cw32f030_atim.o(i.ATIM_ClearITPendingBit)
    i.ATIM_Cmd                               0x00000d70   Section        0  cw32f030_atim.o(i.ATIM_Cmd)
    i.ATIM_Configuration                     0x00000d88   Section        0  atim.o(i.ATIM_Configuration)
    i.ATIM_CtrlPWMOutputs                    0x00000f0c   Section        0  cw32f030_atim.o(i.ATIM_CtrlPWMOutputs)
    i.ATIM_GetITStatus                       0x00000f2c   Section        0  cw32f030_atim.o(i.ATIM_GetITStatus)
    i.ATIM_IRQHandler                        0x00000f44   Section        0  atim.o(i.ATIM_IRQHandler)
    i.ATIM_Init                              0x00000f5c   Section        0  cw32f030_atim.o(i.ATIM_Init)
    i.ATIM_OC1AInit                          0x00000fc4   Section        0  cw32f030_atim.o(i.ATIM_OC1AInit)
    i.ATIM_OC2AInit                          0x00001038   Section        0  cw32f030_atim.o(i.ATIM_OC2AInit)
    i.ATIM_OC3AInit                          0x000010b0   Section        0  cw32f030_atim.o(i.ATIM_OC3AInit)
    i.ATIM_OC4Init                           0x00001128   Section        0  cw32f030_atim.o(i.ATIM_OC4Init)
    i.ATIM_PWMOutputConfig                   0x00001168   Section        0  cw32f030_atim.o(i.ATIM_PWMOutputConfig)
    i.ATIM_SetCompare1A                      0x000011b4   Section        0  cw32f030_atim.o(i.ATIM_SetCompare1A)
    i.ATIM_SetCompare2A                      0x000011c0   Section        0  cw32f030_atim.o(i.ATIM_SetCompare2A)
    i.ATIM_SetCompare3A                      0x000011cc   Section        0  cw32f030_atim.o(i.ATIM_SetCompare3A)
    i.ATIM_SetCompare4                       0x000011d8   Section        0  cw32f030_atim.o(i.ATIM_SetCompare4)
    i.AWT_IRQHandler                         0x000011e4   Section        0  interrupts_cw32f030.o(i.AWT_IRQHandler)
    i.BTIM1_Configuration                    0x000011e8   Section        0  btim.o(i.BTIM1_Configuration)
    i.BTIM1_IRQHandler                       0x00001250   Section        0  btim.o(i.BTIM1_IRQHandler)
    i.BTIM2_IRQHandler                       0x00001288   Section        0  interrupts_cw32f030.o(i.BTIM2_IRQHandler)
    i.BTIM3_IRQHandler                       0x0000128a   Section        0  interrupts_cw32f030.o(i.BTIM3_IRQHandler)
    i.BTIM_Cmd                               0x0000128c   Section        0  cw32f030_btim.o(i.BTIM_Cmd)
    i.BTIM_GetITStatus                       0x000012a4   Section        0  cw32f030_btim.o(i.BTIM_GetITStatus)
    i.BTIM_ITConfig                          0x000012b6   Section        0  cw32f030_btim.o(i.BTIM_ITConfig)
    i.BTIM_TimeBaseInit                      0x000012cc   Section        0  cw32f030_btim.o(i.BTIM_TimeBaseInit)
    i.Buzzer_Init                            0x000012ec   Section        0  buzzer.o(i.Buzzer_Init)
    i.Commutation                            0x00001328   Section        0  motor.o(i.Commutation)
    i.DMACH1_IRQHandler                      0x00001424   Section        0  interrupts_cw32f030.o(i.DMACH1_IRQHandler)
    i.DMACH1_IRQHandlerCallBack              0x0000143c   Section        0  adc.o(i.DMACH1_IRQHandlerCallBack)
    i.DMACH23_IRQHandler                     0x000014e8   Section        0  interrupts_cw32f030.o(i.DMACH23_IRQHandler)
    i.DMACH45_IRQHandler                     0x00001500   Section        0  interrupts_cw32f030.o(i.DMACH45_IRQHandler)
    i.DMA_ClearITPendingBit                  0x00001504   Section        0  cw32f030_dma.o(i.DMA_ClearITPendingBit)
    i.DMA_Cmd                                0x00001514   Section        0  cw32f030_dma.o(i.DMA_Cmd)
    i.DMA_GetITStatus                        0x0000152c   Section        0  cw32f030_dma.o(i.DMA_GetITStatus)
    i.DMA_ITConfig                           0x00001544   Section        0  cw32f030_dma.o(i.DMA_ITConfig)
    i.DMA_Init                               0x00001558   Section        0  cw32f030_dma.o(i.DMA_Init)
    i.Encoder_Init                           0x00001594   Section        0  encoder.o(i.Encoder_Init)
    i.FAULT_IRQHandler                       0x000015f0   Section        0  interrupts_cw32f030.o(i.FAULT_IRQHandler)
    i.FLASHRAM_IRQHandler                    0x000015f2   Section        0  interrupts_cw32f030.o(i.FLASHRAM_IRQHandler)
    i.FLASH_SetLatency                       0x000015f4   Section        0  cw32f030_flash.o(i.FLASH_SetLatency)
    i.GPIOA_IRQHandler                       0x0000162c   Section        0  interrupts_cw32f030.o(i.GPIOA_IRQHandler)
    i.GPIOB_IRQHandler                       0x00001630   Section        0  encoder.o(i.GPIOB_IRQHandler)
    i.GPIOC_IRQHandler                       0x00001724   Section        0  interrupts_cw32f030.o(i.GPIOC_IRQHandler)
    i.GPIOF_IRQHandler                       0x00001726   Section        0  interrupts_cw32f030.o(i.GPIOF_IRQHandler)
    i.GPIO_ConfigFilter                      0x00001728   Section        0  cw32f030_gpio.o(i.GPIO_ConfigFilter)
    i.GPIO_Init                              0x00001730   Section        0  cw32f030_gpio.o(i.GPIO_Init)
    i.GTIM1_IRQHandler                       0x00001830   Section        0  encoder.o(i.GTIM1_IRQHandler)
    i.GTIM2_Configuration                    0x00001850   Section        0  gtim.o(i.GTIM2_Configuration)
    i.GTIM2_IRQHandler                       0x00001980   Section        0  gtim.o(i.GTIM2_IRQHandler)
    i.GTIM3_IRQHandler                       0x00001a2c   Section        0  interrupts_cw32f030.o(i.GTIM3_IRQHandler)
    i.GTIM4_IRQHandler                       0x00001a2e   Section        0  interrupts_cw32f030.o(i.GTIM4_IRQHandler)
    i.GTIM_ClearITPendingBit                 0x00001a30   Section        0  cw32f030_gtim.o(i.GTIM_ClearITPendingBit)
    i.GTIM_Cmd                               0x00001a3c   Section        0  cw32f030_gtim.o(i.GTIM_Cmd)
    i.GTIM_GetITStatus                       0x00001a58   Section        0  cw32f030_gtim.o(i.GTIM_GetITStatus)
    i.GTIM_ICInit                            0x00001a70   Section        0  cw32f030_gtim.o(i.GTIM_ICInit)
    i.GTIM_ITConfig                          0x00001ab8   Section        0  cw32f030_gtim.o(i.GTIM_ITConfig)
    i.GTIM_TimeBaseInit                      0x00001ae8   Section        0  cw32f030_gtim.o(i.GTIM_TimeBaseInit)
    i.HALL_Check                             0x00001b28   Section        0  motor.o(i.HALL_Check)
    i.HardFault_Handler                      0x00001b98   Section        0  interrupts_cw32f030.o(i.HardFault_Handler)
    i.I2C1_DeInit                            0x00001b9c   Section        0  cw32f030_i2c.o(i.I2C1_DeInit)
    i.I2C1_IRQHandler                        0x00001bc8   Section        0  interrupts_cw32f030.o(i.I2C1_IRQHandler)
    i.I2C2_IRQHandler                        0x00001bca   Section        0  interrupts_cw32f030.o(i.I2C2_IRQHandler)
    i.I2C_AcknowledgeConfig                  0x00001bcc   Section        0  cw32f030_i2c.o(i.I2C_AcknowledgeConfig)
    i.I2C_BaudGeneratorEnable                0x00001be6   Section        0  cw32f030_i2c.o(i.I2C_BaudGeneratorEnable)
    i.I2C_ClearIrq                           0x00001c00   Section        0  cw32f030_i2c.o(i.I2C_ClearIrq)
    i.I2C_Cmd                                0x00001c0a   Section        0  cw32f030_i2c.o(i.I2C_Cmd)
    i.I2C_FilterConfig                       0x00001c24   Section        0  cw32f030_i2c.o(i.I2C_FilterConfig)
    i.I2C_GenerateSTART                      0x00001c3e   Section        0  cw32f030_i2c.o(i.I2C_GenerateSTART)
    i.I2C_GenerateSTOP                       0x00001c86   Section        0  cw32f030_i2c.o(i.I2C_GenerateSTOP)
    i.I2C_GetIrq                             0x00001ca0   Section        0  cw32f030_i2c.o(i.I2C_GetIrq)
    i.I2C_GetState                           0x00001cac   Section        0  cw32f030_i2c.o(i.I2C_GetState)
    i.I2C_MasterWriteByte                    0x00001cb4   Section        0  oled_iic.o(i.I2C_MasterWriteByte)
    i.I2C_Master_Init                        0x00001d66   Section        0  cw32f030_i2c.o(i.I2C_Master_Init)
    i.I2C_Send7bitAddress                    0x00001d9c   Section        0  cw32f030_i2c.o(i.I2C_Send7bitAddress)
    i.I2C_SendData                           0x00001dae   Section        0  cw32f030_i2c.o(i.I2C_SendData)
    i.I2C_SetBaud                            0x00001db2   Section        0  cw32f030_i2c.o(i.I2C_SetBaud)
    i.IWDT_Cmd                               0x00001db8   Section        0  cw32f030_iwdt.o(i.IWDT_Cmd)
    i.IWDT_Configuration                     0x00001dc8   Section        0  iwdt.o(i.IWDT_Configuration)
    i.IWDT_Init                              0x00001e1c   Section        0  cw32f030_iwdt.o(i.IWDT_Init)
    i.IWDT_Refresh                           0x00001e80   Section        0  cw32f030_iwdt.o(i.IWDT_Refresh)
    i.KEY_Handle                             0x00001e90   Section        0  key.o(i.KEY_Handle)
    i.KEY_Init                               0x00001ef4   Section        0  key.o(i.KEY_Init)
    i.LED_Init                               0x00001f2c   Section        0  led.o(i.LED_Init)
    i.LVD_IRQHandler                         0x00001f70   Section        0  interrupts_cw32f030.o(i.LVD_IRQHandler)
    i.NMI_Handler                            0x00001f72   Section        0  interrupts_cw32f030.o(i.NMI_Handler)
    i.OLED_Clear                             0x00001f74   Section        0  oled_iic.o(i.OLED_Clear)
    i.OLED_ClearPoint                        0x00001fa4   Section        0  oled_iic.o(i.OLED_ClearPoint)
    i.OLED_Display_On                        0x00002000   Section        0  oled_iic.o(i.OLED_Display_On)
    i.OLED_DrawPoint                         0x00002018   Section        0  oled_iic.o(i.OLED_DrawPoint)
    i.OLED_I2C_Init                          0x00002054   Section        0  oled_iic.o(i.OLED_I2C_Init)
    i.OLED_Init                              0x000020e4   Section        0  oled_iic.o(i.OLED_Init)
    i.OLED_Play_1                            0x00002198   Section        0  oled_iic.o(i.OLED_Play_1)
    i.OLED_Pow                               0x000021e8   Section        0  oled_iic.o(i.OLED_Pow)
    i.OLED_Refresh                           0x00002204   Section        0  oled_iic.o(i.OLED_Refresh)
    i.OLED_ShowChar                          0x00002248   Section        0  oled_iic.o(i.OLED_ShowChar)
    i.OLED_ShowNum                           0x0000232c   Section        0  oled_iic.o(i.OLED_ShowNum)
    i.OLED_ShowString                        0x000023a8   Section        0  oled_iic.o(i.OLED_ShowString)
    i.PendSV_Handler                         0x000023ea   Section        0  interrupts_cw32f030.o(i.PendSV_Handler)
    i.RCC_AHBPeriphClk_Enable                0x000023ec   Section        0  cw32f030_rcc.o(i.RCC_AHBPeriphClk_Enable)
    i.RCC_APBPeriphClk_Enable2               0x0000240c   Section        0  cw32f030_rcc.o(i.RCC_APBPeriphClk_Enable2)
    i.RCC_Configuration                      0x0000242c   Section        0  sys_init.o(i.RCC_Configuration)
    i.RCC_HCLKPRS_Config                     0x00002488   Section        0  cw32f030_rcc.o(i.RCC_HCLKPRS_Config)
    i.RCC_HSE_Enable                         0x000024a8   Section        0  cw32f030_rcc.o(i.RCC_HSE_Enable)
    i.RCC_HSI_Disable                        0x00002574   Section        0  cw32f030_rcc.o(i.RCC_HSI_Disable)
    i.RCC_IRQHandler                         0x00002590   Section        0  interrupts_cw32f030.o(i.RCC_IRQHandler)
    i.RCC_PCLKPRS_Config                     0x00002594   Section        0  cw32f030_rcc.o(i.RCC_PCLKPRS_Config)
    i.RCC_PLL_Enable                         0x000025b4   Section        0  cw32f030_rcc.o(i.RCC_PLL_Enable)
    i.RCC_SysClk_Switch                      0x00002668   Section        0  cw32f030_rcc.o(i.RCC_SysClk_Switch)
    i.RCC_Sysctrl_GetHClkFreq                0x000026a8   Section        0  cw32f030_rcc.o(i.RCC_Sysctrl_GetHClkFreq)
    i.RCC_SystemCoreClockUpdate              0x00002780   Section        0  cw32f030_rcc.o(i.RCC_SystemCoreClockUpdate)
    i.RTC_IRQHandler                         0x0000278c   Section        0  interrupts_cw32f030.o(i.RTC_IRQHandler)
    i.SPI1_IRQHandler                        0x0000278e   Section        0  interrupts_cw32f030.o(i.SPI1_IRQHandler)
    i.SPI2_IRQHandler                        0x00002790   Section        0  interrupts_cw32f030.o(i.SPI2_IRQHandler)
    i.SVC_Handler                            0x00002792   Section        0  interrupts_cw32f030.o(i.SVC_Handler)
    i.SYS_Init                               0x00002794   Section        0  sys_init.o(i.SYS_Init)
    i.SampleVI                               0x000027a8   Section        0  adc.o(i.SampleVI)
    i.Set_Speed                              0x00002904   Section        0  motor.o(i.Set_Speed)
    i.Speed_Count                            0x000029a8   Section        0  gtim.o(i.Speed_Count)
    i.State_Machine                          0x000029d0   Section        0  app.o(i.State_Machine)
    i.SysTick_Handler                        0x000029d4   Section        0  cw32f030_systick.o(i.SysTick_Handler)
    i.SystemCoreClockUpdate                  0x000029ec   Section        0  system_cw32f030.o(i.SystemCoreClockUpdate)
    i.SystemInit                             0x000029fc   Section        0  system_cw32f030.o(i.SystemInit)
    i.Task_Marks_Handler_Callback            0x00002a38   Section        0  task.o(i.Task_Marks_Handler_Callback)
    i.Task_Pro_Handler_Callback              0x00002a9c   Section        0  task.o(i.Task_Pro_Handler_Callback)
    i.TasksHandle_10MS                       0x00002ad8   Section        0  app.o(i.TasksHandle_10MS)
    i.TasksHandle_200MS                      0x00002ae0   Section        0  app.o(i.TasksHandle_200MS)
    i.TasksHandle_20MS                       0x00002ae8   Section        0  app.o(i.TasksHandle_20MS)
    i.TasksHandle_250MS                      0x00002af4   Section        0  app.o(i.TasksHandle_250MS)
    i.TasksHandle_500MS                      0x00002b08   Section        0  app.o(i.TasksHandle_500MS)
    i.UART1_IRQHandleCallback                0x00002b98   Section        0  uart.o(i.UART1_IRQHandleCallback)
    i.UART1_IRQHandler                       0x00002bc4   Section        0  interrupts_cw32f030.o(i.UART1_IRQHandler)
    i.UART2_IRQHandler                       0x00002bcc   Section        0  interrupts_cw32f030.o(i.UART2_IRQHandler)
    i.UART3_IRQHandler                       0x00002bce   Section        0  interrupts_cw32f030.o(i.UART3_IRQHandler)
    i.UART_Configuration                     0x00002bd0   Section        0  uart.o(i.UART_Configuration)
    i.USART_ClearITPendingBit                0x00002ca0   Section        0  cw32f030_uart.o(i.USART_ClearITPendingBit)
    i.USART_GetITStatus                      0x00002ca8   Section        0  cw32f030_uart.o(i.USART_GetITStatus)
    i.USART_ITConfig                         0x00002cba   Section        0  cw32f030_uart.o(i.USART_ITConfig)
    i.USART_Init                             0x00002cd4   Section        0  cw32f030_uart.o(i.USART_Init)
    i.USART_ReceiveData_8bit                 0x00002e48   Section        0  cw32f030_uart.o(i.USART_ReceiveData_8bit)
    i.USART_SendData_8bit                    0x00002e50   Section        0  cw32f030_uart.o(i.USART_SendData_8bit)
    i.VC1_IRQHandler                         0x00002e54   Section        0  interrupts_cw32f030.o(i.VC1_IRQHandler)
    i.VC2_IRQHandler                         0x00002e56   Section        0  interrupts_cw32f030.o(i.VC2_IRQHandler)
    i.WDT_IRQHandler                         0x00002e58   Section        0  interrupts_cw32f030.o(i.WDT_IRQHandler)
    i.WriteCmd                               0x00002e5c   Section        0  oled_iic.o(i.WriteCmd)
    i.WriteDat                               0x00002e70   Section        0  oled_iic.o(i.WriteDat)
    i.__ARM_clz                              0x00002e84   Section        0  depilogue.o(i.__ARM_clz)
    i.__ARM_common_switch8                   0x00002eb2   Section        0  cw32f030_i2c.o(i.__ARM_common_switch8)
    i.__NVIC_EnableIRQ                       0x00002ed0   Section        0  encoder.o(i.__NVIC_EnableIRQ)
    __NVIC_EnableIRQ                         0x00002ed1   Thumb Code    18  encoder.o(i.__NVIC_EnableIRQ)
    i.__NVIC_SetPriority                     0x00002ee8   Section        0  uart.o(i.__NVIC_SetPriority)
    __NVIC_SetPriority                       0x00002ee9   Thumb Code   110  uart.o(i.__NVIC_SetPriority)
    i.__NVIC_SetPriority                     0x00002f60   Section        0  gtim.o(i.__NVIC_SetPriority)
    __NVIC_SetPriority                       0x00002f61   Thumb Code   110  gtim.o(i.__NVIC_SetPriority)
    i.__scatterload_copy                     0x00002fd8   Section       14  handlers.o(i.__scatterload_copy)
    i.__scatterload_null                     0x00002fe6   Section        2  handlers.o(i.__scatterload_null)
    i.__scatterload_zeroinit                 0x00002fe8   Section       14  handlers.o(i.__scatterload_zeroinit)
    i.delay1ms                               0x00002ff8   Section        0  system_cw32f030.o(i.delay1ms)
    i.main                                   0x00003050   Section        0  main.o(i.main)
    .constdata                               0x00003060   Section     6080  oled_iic.o(.constdata)
    .constdata                               0x00004820   Section       12  global.o(.constdata)
    .constdata                               0x0000482c   Section      100  cw32f030_rcc.o(.constdata)
    .data                                    0x20000000   Section       61  task.o(.data)
    Task_Comps                               0x20000000   Data          60  task.o(.data)
    .data                                    0x2000003d   Section        2  key.o(.data)
    .data                                    0x20000040   Section       16  adc.o(.data)
    IErCount                                 0x2000004e   Data           1  adc.o(.data)
    VErCount                                 0x2000004f   Data           1  adc.o(.data)
    .data                                    0x20000050   Section        1  motor.o(.data)
    Hall_Err_Num                             0x20000050   Data           1  motor.o(.data)
    .data                                    0x20000054   Section       90  global.o(.data)
    .data                                    0x200000b0   Section        9  cw32f030_systick.o(.data)
    .data                                    0x200000bc   Section        4  system_cw32f030.o(.data)
    .bss                                     0x200000c0   Section     1152  oled_iic.o(.bss)
    STACK                                    0x20000540   Section      512  startup_cw32f030.o(STACK)

    Global Symbols

    Symbol Name                              Value     Ov Type        Size  Object(Section)

    BuildAttributes$$THM_ISAv3M$S$PE$A:L22$X:L11$S22$IEEE1$IW$USESV6$~STKCKD$USESV7$~SHL$OTIME$ROPI$EBA8$MICROLIB$REQ8$PRES8$EABIv2 0x00000000   Number         0  anon$$obj.o ABSOLUTE
    __ARM_use_no_argv                        0x00000000   Number         0  main.o ABSOLUTE
    __Vectors                                0x00000000   Data           0  startup_cw32f030.o(RESET)
    __cpp_initialize__aeabi_                  - Undefined Weak Reference
    __cxa_finalize                            - Undefined Weak Reference
    __decompress                              - Undefined Weak Reference
    _clock_init                               - Undefined Weak Reference
    _microlib_exit                            - Undefined Weak Reference
    __Vectors_End                            0x000000c0   Data           0  startup_cw32f030.o(RESET)
    __Vectors_Size                           0x000000c0   Number         0  startup_cw32f030.o ABSOLUTE
    __main                                   0x000000c1   Thumb Code     0  entry.o(.ARM.Collect$$$$00000000)
    _main_stk                                0x000000c1   Thumb Code     0  entry2.o(.ARM.Collect$$$$00000001)
    _main_scatterload                        0x000000c5   Thumb Code     0  entry5.o(.ARM.Collect$$$$00000004)
    __main_after_scatterload                 0x000000c9   Thumb Code     0  entry5.o(.ARM.Collect$$$$00000004)
    _main_clock                              0x000000c9   Thumb Code     0  entry7b.o(.ARM.Collect$$$$00000008)
    _main_cpp_init                           0x000000c9   Thumb Code     0  entry8b.o(.ARM.Collect$$$$0000000A)
    _main_init                               0x000000c9   Thumb Code     0  entry9a.o(.ARM.Collect$$$$0000000B)
    __rt_final_cpp                           0x000000d1   Thumb Code     0  entry10a.o(.ARM.Collect$$$$0000000D)
    __rt_final_exit                          0x000000d1   Thumb Code     0  entry11a.o(.ARM.Collect$$$$0000000F)
    Reset_Handler                            0x000000d5   Thumb Code     8  startup_cw32f030.o(.text)
    __aeabi_uidiv                            0x000000f1   Thumb Code     0  uidiv.o(.text)
    __aeabi_uidivmod                         0x000000f1   Thumb Code    44  uidiv.o(.text)
    __aeabi_ldivmod                          0x0000011d   Thumb Code    76  ldiv.o(.text)
    __aeabi_memcpy                           0x00000169   Thumb Code    36  memcpya.o(.text)
    __aeabi_memcpy4                          0x00000169   Thumb Code     0  memcpya.o(.text)
    __aeabi_memcpy8                          0x00000169   Thumb Code     0  memcpya.o(.text)
    __aeabi_memset                           0x0000018d   Thumb Code    14  memseta.o(.text)
    __aeabi_memset4                          0x0000018d   Thumb Code     0  memseta.o(.text)
    __aeabi_memset8                          0x0000018d   Thumb Code     0  memseta.o(.text)
    __aeabi_memclr                           0x0000019b   Thumb Code     4  memseta.o(.text)
    __aeabi_memclr4                          0x0000019b   Thumb Code     0  memseta.o(.text)
    __aeabi_memclr8                          0x0000019b   Thumb Code     0  memseta.o(.text)
    _memset$wrapper                          0x0000019f   Thumb Code    18  memseta.o(.text)
    __aeabi_fadd                             0x000001b1   Thumb Code   162  fadd.o(.text)
    __aeabi_fsub                             0x00000253   Thumb Code     8  fadd.o(.text)
    __aeabi_frsub                            0x0000025b   Thumb Code     8  fadd.o(.text)
    __aeabi_fmul                             0x00000263   Thumb Code   122  fmul.o(.text)
    __aeabi_fdiv                             0x000002dd   Thumb Code   124  fdiv.o(.text)
    __aeabi_dadd                             0x00000359   Thumb Code   328  dadd.o(.text)
    __aeabi_dsub                             0x000004a1   Thumb Code    12  dadd.o(.text)
    __aeabi_drsub                            0x000004ad   Thumb Code    12  dadd.o(.text)
    __aeabi_dmul                             0x000004bd   Thumb Code   202  dmul.o(.text)
    __aeabi_ddiv                             0x0000058d   Thumb Code   234  ddiv.o(.text)
    __aeabi_ui2f                             0x0000067d   Thumb Code    14  ffltui.o(.text)
    __aeabi_i2d                              0x0000068d   Thumb Code    34  dflti.o(.text)
    __aeabi_ui2d                             0x000006b5   Thumb Code    24  dfltui.o(.text)
    __aeabi_f2uiz                            0x000006d1   Thumb Code    40  ffixui.o(.text)
    __aeabi_d2uiz                            0x000006f9   Thumb Code    50  dfixui.o(.text)
    __aeabi_f2d                              0x00000735   Thumb Code    40  f2d.o(.text)
    __aeabi_cdcmpeq                          0x0000075d   Thumb Code     0  cdcmple.o(.text)
    __aeabi_cdcmple                          0x0000075d   Thumb Code    38  cdcmple.o(.text)
    __aeabi_d2f                              0x00000785   Thumb Code    56  d2f.o(.text)
    __aeabi_uldivmod                         0x000007bd   Thumb Code    96  uldiv.o(.text)
    __aeabi_llsl                             0x0000081d   Thumb Code    32  llshl.o(.text)
    _ll_shift_l                              0x0000081d   Thumb Code     0  llshl.o(.text)
    __aeabi_llsr                             0x0000083d   Thumb Code    34  llushr.o(.text)
    _ll_ushift_r                             0x0000083d   Thumb Code     0  llushr.o(.text)
    __aeabi_lasr                             0x0000085f   Thumb Code    38  llsshr.o(.text)
    _ll_sshift_r                             0x0000085f   Thumb Code     0  llsshr.o(.text)
    __I$use$fp                               0x00000885   Thumb Code     0  iusefp.o(.text)
    _float_round                             0x00000885   Thumb Code    16  fepilogue.o(.text)
    _float_epilogue                          0x00000895   Thumb Code   114  fepilogue.o(.text)
    _double_round                            0x00000907   Thumb Code    26  depilogue.o(.text)
    _double_epilogue                         0x00000921   Thumb Code   164  depilogue.o(.text)
    __scatterload                            0x000009c5   Thumb Code    28  init.o(.text)
    __scatterload_rt2                        0x000009c5   Thumb Code     0  init.o(.text)
    BTIM_ClearITPendingBit                   0x000009e9   Thumb Code     8  cw32f030_btim.o(RAMCODE)
    ADC_Configuration                        0x000009f1   Thumb Code   440  adc.o(i.ADC_Configuration)
    ADC_Enable                               0x00000bc5   Thumb Code    28  cw32f030_adc.o(i.ADC_Enable)
    ADC_GetITStatus                          0x00000be5   Thumb Code    20  cw32f030_adc.o(i.ADC_GetITStatus)
    ADC_IRQHandler                           0x00000bfd   Thumb Code     2  interrupts_cw32f030.o(i.ADC_IRQHandler)
    ADC_Init                                 0x00000c01   Thumb Code   118  cw32f030_adc.o(i.ADC_Init)
    APP_config                               0x00000c89   Thumb Code   184  app.o(i.APP_config)
    ATIM_ClearITPendingBit                   0x00000d65   Thumb Code     8  cw32f030_atim.o(i.ATIM_ClearITPendingBit)
    ATIM_Cmd                                 0x00000d71   Thumb Code    20  cw32f030_atim.o(i.ATIM_Cmd)
    ATIM_Configuration                       0x00000d89   Thumb Code   358  atim.o(i.ATIM_Configuration)
    ATIM_CtrlPWMOutputs                      0x00000f0d   Thumb Code    26  cw32f030_atim.o(i.ATIM_CtrlPWMOutputs)
    ATIM_GetITStatus                         0x00000f2d   Thumb Code    20  cw32f030_atim.o(i.ATIM_GetITStatus)
    ATIM_IRQHandler                          0x00000f45   Thumb Code    24  atim.o(i.ATIM_IRQHandler)
    ATIM_Init                                0x00000f5d   Thumb Code    94  cw32f030_atim.o(i.ATIM_Init)
    ATIM_OC1AInit                            0x00000fc5   Thumb Code   110  cw32f030_atim.o(i.ATIM_OC1AInit)
    ATIM_OC2AInit                            0x00001039   Thumb Code   114  cw32f030_atim.o(i.ATIM_OC2AInit)
    ATIM_OC3AInit                            0x000010b1   Thumb Code   114  cw32f030_atim.o(i.ATIM_OC3AInit)
    ATIM_OC4Init                             0x00001129   Thumb Code    60  cw32f030_atim.o(i.ATIM_OC4Init)
    ATIM_PWMOutputConfig                     0x00001169   Thumb Code    72  cw32f030_atim.o(i.ATIM_PWMOutputConfig)
    ATIM_SetCompare1A                        0x000011b5   Thumb Code     6  cw32f030_atim.o(i.ATIM_SetCompare1A)
    ATIM_SetCompare2A                        0x000011c1   Thumb Code     6  cw32f030_atim.o(i.ATIM_SetCompare2A)
    ATIM_SetCompare3A                        0x000011cd   Thumb Code     6  cw32f030_atim.o(i.ATIM_SetCompare3A)
    ATIM_SetCompare4                         0x000011d9   Thumb Code     6  cw32f030_atim.o(i.ATIM_SetCompare4)
    AWT_IRQHandler                           0x000011e5   Thumb Code     2  interrupts_cw32f030.o(i.AWT_IRQHandler)
    BTIM1_Configuration                      0x000011e9   Thumb Code    86  btim.o(i.BTIM1_Configuration)
    BTIM1_IRQHandler                         0x00001251   Thumb Code    46  btim.o(i.BTIM1_IRQHandler)
    BTIM2_IRQHandler                         0x00001289   Thumb Code     2  interrupts_cw32f030.o(i.BTIM2_IRQHandler)
    BTIM3_IRQHandler                         0x0000128b   Thumb Code     2  interrupts_cw32f030.o(i.BTIM3_IRQHandler)
    BTIM_Cmd                                 0x0000128d   Thumb Code    24  cw32f030_btim.o(i.BTIM_Cmd)
    BTIM_GetITStatus                         0x000012a5   Thumb Code    18  cw32f030_btim.o(i.BTIM_GetITStatus)
    BTIM_ITConfig                            0x000012b7   Thumb Code    20  cw32f030_btim.o(i.BTIM_ITConfig)
    BTIM_TimeBaseInit                        0x000012cd   Thumb Code    28  cw32f030_btim.o(i.BTIM_TimeBaseInit)
    Buzzer_Init                              0x000012ed   Thumb Code    48  buzzer.o(i.Buzzer_Init)
    Commutation                              0x00001329   Thumb Code   244  motor.o(i.Commutation)
    DMACH1_IRQHandler                        0x00001425   Thumb Code    24  interrupts_cw32f030.o(i.DMACH1_IRQHandler)
    DMACH1_IRQHandlerCallBack                0x0000143d   Thumb Code   144  adc.o(i.DMACH1_IRQHandlerCallBack)
    DMACH23_IRQHandler                       0x000014e9   Thumb Code    24  interrupts_cw32f030.o(i.DMACH23_IRQHandler)
    DMACH45_IRQHandler                       0x00001501   Thumb Code     2  interrupts_cw32f030.o(i.DMACH45_IRQHandler)
    DMA_ClearITPendingBit                    0x00001505   Thumb Code    12  cw32f030_dma.o(i.DMA_ClearITPendingBit)
    DMA_Cmd                                  0x00001515   Thumb Code    24  cw32f030_dma.o(i.DMA_Cmd)
    DMA_GetITStatus                          0x0000152d   Thumb Code    20  cw32f030_dma.o(i.DMA_GetITStatus)
    DMA_ITConfig                             0x00001545   Thumb Code    20  cw32f030_dma.o(i.DMA_ITConfig)
    DMA_Init                                 0x00001559   Thumb Code    60  cw32f030_dma.o(i.DMA_Init)
    Encoder_Init                             0x00001595   Thumb Code    78  encoder.o(i.Encoder_Init)
    FAULT_IRQHandler                         0x000015f1   Thumb Code     2  interrupts_cw32f030.o(i.FAULT_IRQHandler)
    FLASHRAM_IRQHandler                      0x000015f3   Thumb Code     2  interrupts_cw32f030.o(i.FLASHRAM_IRQHandler)
    FLASH_SetLatency                         0x000015f5   Thumb Code    42  cw32f030_flash.o(i.FLASH_SetLatency)
    GPIOA_IRQHandler                         0x0000162d   Thumb Code     2  interrupts_cw32f030.o(i.GPIOA_IRQHandler)
    GPIOB_IRQHandler                         0x00001631   Thumb Code   218  encoder.o(i.GPIOB_IRQHandler)
    GPIOC_IRQHandler                         0x00001725   Thumb Code     2  interrupts_cw32f030.o(i.GPIOC_IRQHandler)
    GPIOF_IRQHandler                         0x00001727   Thumb Code     2  interrupts_cw32f030.o(i.GPIOF_IRQHandler)
    GPIO_ConfigFilter                        0x00001729   Thumb Code     8  cw32f030_gpio.o(i.GPIO_ConfigFilter)
    GPIO_Init                                0x00001731   Thumb Code   252  cw32f030_gpio.o(i.GPIO_Init)
    GTIM1_IRQHandler                         0x00001831   Thumb Code    28  encoder.o(i.GTIM1_IRQHandler)
    GTIM2_Configuration                      0x00001851   Thumb Code   278  gtim.o(i.GTIM2_Configuration)
    GTIM2_IRQHandler                         0x00001981   Thumb Code   138  gtim.o(i.GTIM2_IRQHandler)
    GTIM3_IRQHandler                         0x00001a2d   Thumb Code     2  interrupts_cw32f030.o(i.GTIM3_IRQHandler)
    GTIM4_IRQHandler                         0x00001a2f   Thumb Code     2  interrupts_cw32f030.o(i.GTIM4_IRQHandler)
    GTIM_ClearITPendingBit                   0x00001a31   Thumb Code    12  cw32f030_gtim.o(i.GTIM_ClearITPendingBit)
    GTIM_Cmd                                 0x00001a3d   Thumb Code    28  cw32f030_gtim.o(i.GTIM_Cmd)
    GTIM_GetITStatus                         0x00001a59   Thumb Code    24  cw32f030_gtim.o(i.GTIM_GetITStatus)
    GTIM_ICInit                              0x00001a71   Thumb Code    72  cw32f030_gtim.o(i.GTIM_ICInit)
    GTIM_ITConfig                            0x00001ab9   Thumb Code    46  cw32f030_gtim.o(i.GTIM_ITConfig)
    GTIM_TimeBaseInit                        0x00001ae9   Thumb Code    60  cw32f030_gtim.o(i.GTIM_TimeBaseInit)
    HALL_Check                               0x00001b29   Thumb Code    94  motor.o(i.HALL_Check)
    HardFault_Handler                        0x00001b99   Thumb Code     4  interrupts_cw32f030.o(i.HardFault_Handler)
    I2C1_DeInit                              0x00001b9d   Thumb Code    36  cw32f030_i2c.o(i.I2C1_DeInit)
    I2C1_IRQHandler                          0x00001bc9   Thumb Code     2  interrupts_cw32f030.o(i.I2C1_IRQHandler)
    I2C2_IRQHandler                          0x00001bcb   Thumb Code     2  interrupts_cw32f030.o(i.I2C2_IRQHandler)
    I2C_AcknowledgeConfig                    0x00001bcd   Thumb Code    26  cw32f030_i2c.o(i.I2C_AcknowledgeConfig)
    I2C_BaudGeneratorEnable                  0x00001be7   Thumb Code    26  cw32f030_i2c.o(i.I2C_BaudGeneratorEnable)
    I2C_ClearIrq                             0x00001c01   Thumb Code    10  cw32f030_i2c.o(i.I2C_ClearIrq)
    I2C_Cmd                                  0x00001c0b   Thumb Code    26  cw32f030_i2c.o(i.I2C_Cmd)
    I2C_FilterConfig                         0x00001c25   Thumb Code    26  cw32f030_i2c.o(i.I2C_FilterConfig)
    I2C_GenerateSTART                        0x00001c3f   Thumb Code    72  cw32f030_i2c.o(i.I2C_GenerateSTART)
    I2C_GenerateSTOP                         0x00001c87   Thumb Code    26  cw32f030_i2c.o(i.I2C_GenerateSTOP)
    I2C_GetIrq                               0x00001ca1   Thumb Code    12  cw32f030_i2c.o(i.I2C_GetIrq)
    I2C_GetState                             0x00001cad   Thumb Code     8  cw32f030_i2c.o(i.I2C_GetState)
    I2C_MasterWriteByte                      0x00001cb5   Thumb Code   178  oled_iic.o(i.I2C_MasterWriteByte)
    I2C_Master_Init                          0x00001d67   Thumb Code    54  cw32f030_i2c.o(i.I2C_Master_Init)
    I2C_Send7bitAddress                      0x00001d9d   Thumb Code    18  cw32f030_i2c.o(i.I2C_Send7bitAddress)
    I2C_SendData                             0x00001daf   Thumb Code     4  cw32f030_i2c.o(i.I2C_SendData)
    I2C_SetBaud                              0x00001db3   Thumb Code     4  cw32f030_i2c.o(i.I2C_SetBaud)
    IWDT_Cmd                                 0x00001db9   Thumb Code     8  cw32f030_iwdt.o(i.IWDT_Cmd)
    IWDT_Configuration                       0x00001dc9   Thumb Code    72  iwdt.o(i.IWDT_Configuration)
    IWDT_Init                                0x00001e1d   Thumb Code    82  cw32f030_iwdt.o(i.IWDT_Init)
    IWDT_Refresh                             0x00001e81   Thumb Code     8  cw32f030_iwdt.o(i.IWDT_Refresh)
    KEY_Handle                               0x00001e91   Thumb Code    88  key.o(i.KEY_Handle)
    KEY_Init                                 0x00001ef5   Thumb Code    42  key.o(i.KEY_Init)
    LED_Init                                 0x00001f2d   Thumb Code    56  led.o(i.LED_Init)
    LVD_IRQHandler                           0x00001f71   Thumb Code     2  interrupts_cw32f030.o(i.LVD_IRQHandler)
    NMI_Handler                              0x00001f73   Thumb Code     2  interrupts_cw32f030.o(i.NMI_Handler)
    OLED_Clear                               0x00001f75   Thumb Code    42  oled_iic.o(i.OLED_Clear)
    OLED_ClearPoint                          0x00001fa5   Thumb Code    86  oled_iic.o(i.OLED_ClearPoint)
    OLED_Display_On                          0x00002001   Thumb Code    22  oled_iic.o(i.OLED_Display_On)
    OLED_DrawPoint                           0x00002019   Thumb Code    54  oled_iic.o(i.OLED_DrawPoint)
    OLED_I2C_Init                            0x00002055   Thumb Code   126  oled_iic.o(i.OLED_I2C_Init)
    OLED_Init                                0x000020e5   Thumb Code   180  oled_iic.o(i.OLED_Init)
    OLED_Play_1                              0x00002199   Thumb Code    56  oled_iic.o(i.OLED_Play_1)
    OLED_Pow                                 0x000021e9   Thumb Code    26  oled_iic.o(i.OLED_Pow)
    OLED_Refresh                             0x00002205   Thumb Code    62  oled_iic.o(i.OLED_Refresh)
    OLED_ShowChar                            0x00002249   Thumb Code   216  oled_iic.o(i.OLED_ShowChar)
    OLED_ShowNum                             0x0000232d   Thumb Code   124  oled_iic.o(i.OLED_ShowNum)
    OLED_ShowString                          0x000023a9   Thumb Code    66  oled_iic.o(i.OLED_ShowString)
    PendSV_Handler                           0x000023eb   Thumb Code     2  interrupts_cw32f030.o(i.PendSV_Handler)
    RCC_AHBPeriphClk_Enable                  0x000023ed   Thumb Code    28  cw32f030_rcc.o(i.RCC_AHBPeriphClk_Enable)
    RCC_APBPeriphClk_Enable2                 0x0000240d   Thumb Code    28  cw32f030_rcc.o(i.RCC_APBPeriphClk_Enable2)
    RCC_Configuration                        0x0000242d   Thumb Code    82  sys_init.o(i.RCC_Configuration)
    RCC_HCLKPRS_Config                       0x00002489   Thumb Code    20  cw32f030_rcc.o(i.RCC_HCLKPRS_Config)
    RCC_HSE_Enable                           0x000024a9   Thumb Code   178  cw32f030_rcc.o(i.RCC_HSE_Enable)
    RCC_HSI_Disable                          0x00002575   Thumb Code    20  cw32f030_rcc.o(i.RCC_HSI_Disable)
    RCC_IRQHandler                           0x00002591   Thumb Code     2  interrupts_cw32f030.o(i.RCC_IRQHandler)
    RCC_PCLKPRS_Config                       0x00002595   Thumb Code    20  cw32f030_rcc.o(i.RCC_PCLKPRS_Config)
    RCC_PLL_Enable                           0x000025b5   Thumb Code   168  cw32f030_rcc.o(i.RCC_PLL_Enable)
    RCC_SysClk_Switch                        0x00002669   Thumb Code    54  cw32f030_rcc.o(i.RCC_SysClk_Switch)
    RCC_Sysctrl_GetHClkFreq                  0x000026a9   Thumb Code   194  cw32f030_rcc.o(i.RCC_Sysctrl_GetHClkFreq)
    RCC_SystemCoreClockUpdate                0x00002781   Thumb Code     6  cw32f030_rcc.o(i.RCC_SystemCoreClockUpdate)
    RTC_IRQHandler                           0x0000278d   Thumb Code     2  interrupts_cw32f030.o(i.RTC_IRQHandler)
    SPI1_IRQHandler                          0x0000278f   Thumb Code     2  interrupts_cw32f030.o(i.SPI1_IRQHandler)
    SPI2_IRQHandler                          0x00002791   Thumb Code     2  interrupts_cw32f030.o(i.SPI2_IRQHandler)
    SVC_Handler                              0x00002793   Thumb Code     2  interrupts_cw32f030.o(i.SVC_Handler)
    SYS_Init                                 0x00002795   Thumb Code    20  sys_init.o(i.SYS_Init)
    SampleVI                                 0x000027a9   Thumb Code   278  adc.o(i.SampleVI)
    Set_Speed                                0x00002905   Thumb Code   140  motor.o(i.Set_Speed)
    Speed_Count                              0x000029a9   Thumb Code    30  gtim.o(i.Speed_Count)
    State_Machine                            0x000029d1   Thumb Code     2  app.o(i.State_Machine)
    SysTick_Handler                          0x000029d5   Thumb Code    16  cw32f030_systick.o(i.SysTick_Handler)
    SystemCoreClockUpdate                    0x000029ed   Thumb Code     8  system_cw32f030.o(i.SystemCoreClockUpdate)
    SystemInit                               0x000029fd   Thumb Code    54  system_cw32f030.o(i.SystemInit)
    Task_Marks_Handler_Callback              0x00002a39   Thumb Code    92  task.o(i.Task_Marks_Handler_Callback)
    Task_Pro_Handler_Callback                0x00002a9d   Thumb Code    52  task.o(i.Task_Pro_Handler_Callback)
    TasksHandle_10MS                         0x00002ad9   Thumb Code     8  app.o(i.TasksHandle_10MS)
    TasksHandle_200MS                        0x00002ae1   Thumb Code     8  app.o(i.TasksHandle_200MS)
    TasksHandle_20MS                         0x00002ae9   Thumb Code    12  app.o(i.TasksHandle_20MS)
    TasksHandle_250MS                        0x00002af5   Thumb Code    16  app.o(i.TasksHandle_250MS)
    TasksHandle_500MS                        0x00002b09   Thumb Code   130  app.o(i.TasksHandle_500MS)
    UART1_IRQHandleCallback                  0x00002b99   Thumb Code    40  uart.o(i.UART1_IRQHandleCallback)
    UART1_IRQHandler                         0x00002bc5   Thumb Code     8  interrupts_cw32f030.o(i.UART1_IRQHandler)
    UART2_IRQHandler                         0x00002bcd   Thumb Code     2  interrupts_cw32f030.o(i.UART2_IRQHandler)
    UART3_IRQHandler                         0x00002bcf   Thumb Code     2  interrupts_cw32f030.o(i.UART3_IRQHandler)
    UART_Configuration                       0x00002bd1   Thumb Code   186  uart.o(i.UART_Configuration)
    USART_ClearITPendingBit                  0x00002ca1   Thumb Code     8  cw32f030_uart.o(i.USART_ClearITPendingBit)
    USART_GetITStatus                        0x00002ca9   Thumb Code    18  cw32f030_uart.o(i.USART_GetITStatus)
    USART_ITConfig                           0x00002cbb   Thumb Code    26  cw32f030_uart.o(i.USART_ITConfig)
    USART_Init                               0x00002cd5   Thumb Code   362  cw32f030_uart.o(i.USART_Init)
    USART_ReceiveData_8bit                   0x00002e49   Thumb Code     8  cw32f030_uart.o(i.USART_ReceiveData_8bit)
    USART_SendData_8bit                      0x00002e51   Thumb Code     4  cw32f030_uart.o(i.USART_SendData_8bit)
    VC1_IRQHandler                           0x00002e55   Thumb Code     2  interrupts_cw32f030.o(i.VC1_IRQHandler)
    VC2_IRQHandler                           0x00002e57   Thumb Code     2  interrupts_cw32f030.o(i.VC2_IRQHandler)
    WDT_IRQHandler                           0x00002e59   Thumb Code     2  interrupts_cw32f030.o(i.WDT_IRQHandler)
    WriteCmd                                 0x00002e5d   Thumb Code    16  oled_iic.o(i.WriteCmd)
    WriteDat                                 0x00002e71   Thumb Code    16  oled_iic.o(i.WriteDat)
    __ARM_clz                                0x00002e85   Thumb Code    46  depilogue.o(i.__ARM_clz)
    __ARM_common_switch8                     0x00002eb3   Thumb Code    28  cw32f030_i2c.o(i.__ARM_common_switch8)
    __scatterload_copy                       0x00002fd9   Thumb Code    14  handlers.o(i.__scatterload_copy)
    __scatterload_null                       0x00002fe7   Thumb Code     2  handlers.o(i.__scatterload_null)
    __scatterload_zeroinit                   0x00002fe9   Thumb Code    14  handlers.o(i.__scatterload_zeroinit)
    delay1ms                                 0x00002ff9   Thumb Code    76  system_cw32f030.o(i.delay1ms)
    main                                     0x00003051   Thumb Code    16  main.o(i.main)
    asc2_1206                                0x00003060   Data        1140  oled_iic.o(.constdata)
    asc2_1608                                0x000034d4   Data        1520  oled_iic.o(.constdata)
    asc2_2412                                0x00003ac4   Data        3420  oled_iic.o(.constdata)
    STEP_TAB                                 0x00004820   Data          12  global.o(.constdata)
    hsiprs_tbl                               0x0000482c   Data          64  cw32f030_rcc.o(.constdata)
    Region$$Table$$Base                      0x00004890   Number         0  anon$$obj.o(Region$$Table)
    Region$$Table$$Limit                     0x000048b0   Number         0  anon$$obj.o(Region$$Table)
    Tasks_Max                                0x2000003c   Data           1  task.o(.data)
    key1_count                               0x2000003d   Data           1  key.o(.data)
    key2_count                               0x2000003e   Data           1  key.o(.data)
    ADC_CR1Array                             0x20000040   Data           4  adc.o(.data)
    ADC_Start                                0x20000044   Data           1  adc.o(.data)
    SampleData                               0x20000046   Data           8  adc.o(.data)
    DIin                                     0x20000054   Data           4  global.o(.data)
    CanshuV                                  0x20000058   Data           4  global.o(.data)
    CanshuI                                  0x2000005c   Data           4  global.o(.data)
    Err_Code                                 0x20000060   Data           2  global.o(.data)
    Cur_step                                 0x20000062   Data           2  global.o(.data)
    Motor_Start_F                            0x20000064   Data           2  global.o(.data)
    OutPwm                                   0x20000066   Data           2  global.o(.data)
    Dir                                      0x20000068   Data           1  global.o(.data)
    ISH                                      0x2000006c   Data           4  global.o(.data)
    VSH                                      0x20000070   Data           4  global.o(.data)
    LSH                                      0x20000074   Data           4  global.o(.data)
    MPolePairs                               0x20000078   Data           4  global.o(.data)
    MAXSPEED                                 0x2000007c   Data           4  global.o(.data)
    MINSPEED                                 0x20000080   Data           4  global.o(.data)
    SP                                       0x20000084   Data           4  global.o(.data)
    SI                                       0x20000088   Data           4  global.o(.data)
    SD                                       0x2000008c   Data           4  global.o(.data)
    KKN                                      0x20000090   Data           4  global.o(.data)
    SetSpeed                                 0x20000094   Data           4  global.o(.data)
    Clock_Counter                            0x20000098   Data           1  global.o(.data)
    Count_1                                  0x20000099   Data           1  global.o(.data)
    Count_2                                  0x2000009a   Data           1  global.o(.data)
    Out_Pwm_Value                            0x2000009c   Data           4  global.o(.data)
    PWM_Duty_Load                            0x200000a0   Data           2  global.o(.data)
    PWM_Duty_Set                             0x200000a2   Data           2  global.o(.data)
    CNT_Value                                0x200000a4   Data           2  global.o(.data)
    CNT_uValue                               0x200000a6   Data           2  global.o(.data)
    HALLcount                                0x200000a8   Data           2  global.o(.data)
    HALLcount1                               0x200000aa   Data           2  global.o(.data)
    RealS                                    0x200000ac   Data           2  global.o(.data)
    uwTick                                   0x200000b0   Data           4  cw32f030_systick.o(.data)
    uwTickPrio                               0x200000b4   Data           4  cw32f030_systick.o(.data)
    uwTickFreq                               0x200000b8   Data           1  cw32f030_systick.o(.data)
    SystemCoreClock                          0x200000bc   Data           4  system_cw32f030.o(.data)
    OLED_GRAM                                0x200000c0   Data        1152  oled_iic.o(.bss)
    __initial_sp                             0x20000740   Data           0  startup_cw32f030.o(STACK)



==============================================================================

Memory Map of the image

  Image Entry point : 0x000000c1

  Load Region LR_IROM1 (Base: 0x00000000, Size: 0x00004970, Max: 0x00010000, ABSOLUTE)

    Execution Region ER_IROM1 (Exec base: 0x00000000, Load base: 0x00000000, Size: 0x000048b0, Max: 0x00010000, ABSOLUTE)

    Exec Addr    Load Addr    Size         Type   Attr      Idx    E Section Name        Object

    0x00000000   0x00000000   0x000000c0   Data   RO          357    RESET               startup_cw32f030.o
    0x000000c0   0x000000c0   0x00000000   Code   RO         4232  * .ARM.Collect$$$$00000000  mc_p.l(entry.o)
    0x000000c0   0x000000c0   0x00000004   Code   RO         4277    .ARM.Collect$$$$00000001  mc_p.l(entry2.o)
    0x000000c4   0x000000c4   0x00000004   Code   RO         4280    .ARM.Collect$$$$00000004  mc_p.l(entry5.o)
    0x000000c8   0x000000c8   0x00000000   Code   RO         4282    .ARM.Collect$$$$00000008  mc_p.l(entry7b.o)
    0x000000c8   0x000000c8   0x00000000   Code   RO         4284    .ARM.Collect$$$$0000000A  mc_p.l(entry8b.o)
    0x000000c8   0x000000c8   0x00000008   Code   RO         4285    .ARM.Collect$$$$0000000B  mc_p.l(entry9a.o)
    0x000000d0   0x000000d0   0x00000000   Code   RO         4287    .ARM.Collect$$$$0000000D  mc_p.l(entry10a.o)
    0x000000d0   0x000000d0   0x00000000   Code   RO         4289    .ARM.Collect$$$$0000000F  mc_p.l(entry11a.o)
    0x000000d0   0x000000d0   0x00000004   Code   RO         4278    .ARM.Collect$$$$00002712  mc_p.l(entry2.o)
    0x000000d4   0x000000d4   0x0000001c   Code   RO          358    .text               startup_cw32f030.o
    0x000000f0   0x000000f0   0x0000002c   Code   RO         4235    .text               mc_p.l(uidiv.o)
    0x0000011c   0x0000011c   0x0000004c   Code   RO         4239    .text               mc_p.l(ldiv.o)
    0x00000168   0x00000168   0x00000024   Code   RO         4241    .text               mc_p.l(memcpya.o)
    0x0000018c   0x0000018c   0x00000024   Code   RO         4243    .text               mc_p.l(memseta.o)
    0x000001b0   0x000001b0   0x000000b2   Code   RO         4247    .text               mf_p.l(fadd.o)
    0x00000262   0x00000262   0x0000007a   Code   RO         4249    .text               mf_p.l(fmul.o)
    0x000002dc   0x000002dc   0x0000007c   Code   RO         4251    .text               mf_p.l(fdiv.o)
    0x00000358   0x00000358   0x00000164   Code   RO         4253    .text               mf_p.l(dadd.o)
    0x000004bc   0x000004bc   0x000000d0   Code   RO         4255    .text               mf_p.l(dmul.o)
    0x0000058c   0x0000058c   0x000000f0   Code   RO         4257    .text               mf_p.l(ddiv.o)
    0x0000067c   0x0000067c   0x0000000e   Code   RO         4261    .text               mf_p.l(ffltui.o)
    0x0000068a   0x0000068a   0x00000002   PAD
    0x0000068c   0x0000068c   0x00000028   Code   RO         4263    .text               mf_p.l(dflti.o)
    0x000006b4   0x000006b4   0x0000001c   Code   RO         4265    .text               mf_p.l(dfltui.o)
    0x000006d0   0x000006d0   0x00000028   Code   RO         4267    .text               mf_p.l(ffixui.o)
    0x000006f8   0x000006f8   0x0000003c   Code   RO         4269    .text               mf_p.l(dfixui.o)
    0x00000734   0x00000734   0x00000028   Code   RO         4271    .text               mf_p.l(f2d.o)
    0x0000075c   0x0000075c   0x00000028   Code   RO         4273    .text               mf_p.l(cdcmple.o)
    0x00000784   0x00000784   0x00000038   Code   RO         4275    .text               mf_p.l(d2f.o)
    0x000007bc   0x000007bc   0x00000060   Code   RO         4291    .text               mc_p.l(uldiv.o)
    0x0000081c   0x0000081c   0x00000020   Code   RO         4293    .text               mc_p.l(llshl.o)
    0x0000083c   0x0000083c   0x00000022   Code   RO         4295    .text               mc_p.l(llushr.o)
    0x0000085e   0x0000085e   0x00000026   Code   RO         4297    .text               mc_p.l(llsshr.o)
    0x00000884   0x00000884   0x00000000   Code   RO         4299    .text               mc_p.l(iusefp.o)
    0x00000884   0x00000884   0x00000082   Code   RO         4300    .text               mf_p.l(fepilogue.o)
    0x00000906   0x00000906   0x000000be   Code   RO         4302    .text               mf_p.l(depilogue.o)
    0x000009c4   0x000009c4   0x00000024   Code   RO         4306    .text               mc_p.l(init.o)
    0x000009e8   0x000009e8   0x00000008   Code   RO         1780    RAMCODE             cw32f030_btim.o
    0x000009f0   0x000009f0   0x000001d4   Code   RO          706    i.ADC_Configuration  adc.o
    0x00000bc4   0x00000bc4   0x00000020   Code   RO         1081    i.ADC_Enable        cw32f030_adc.o
    0x00000be4   0x00000be4   0x00000018   Code   RO         1087    i.ADC_GetITStatus   cw32f030_adc.o
    0x00000bfc   0x00000bfc   0x00000002   Code   RO            3    i.ADC_IRQHandler    interrupts_cw32f030.o
    0x00000bfe   0x00000bfe   0x00000002   PAD
    0x00000c00   0x00000c00   0x00000088   Code   RO         1096    i.ADC_Init          cw32f030_adc.o
    0x00000c88   0x00000c88   0x000000dc   Code   RO          399    i.APP_config        app.o
    0x00000d64   0x00000d64   0x0000000c   Code   RO         1401    i.ATIM_ClearITPendingBit  cw32f030_atim.o
    0x00000d70   0x00000d70   0x00000018   Code   RO         1402    i.ATIM_Cmd          cw32f030_atim.o
    0x00000d88   0x00000d88   0x00000184   Code   RO          820    i.ATIM_Configuration  atim.o
    0x00000f0c   0x00000f0c   0x00000020   Code   RO         1403    i.ATIM_CtrlPWMOutputs  cw32f030_atim.o
    0x00000f2c   0x00000f2c   0x00000018   Code   RO         1412    i.ATIM_GetITStatus  cw32f030_atim.o
    0x00000f44   0x00000f44   0x00000018   Code   RO          821    i.ATIM_IRQHandler   atim.o
    0x00000f5c   0x00000f5c   0x00000068   Code   RO         1420    i.ATIM_Init         cw32f030_atim.o
    0x00000fc4   0x00000fc4   0x00000074   Code   RO         1422    i.ATIM_OC1AInit     cw32f030_atim.o
    0x00001038   0x00001038   0x00000078   Code   RO         1424    i.ATIM_OC2AInit     cw32f030_atim.o
    0x000010b0   0x000010b0   0x00000078   Code   RO         1426    i.ATIM_OC3AInit     cw32f030_atim.o
    0x00001128   0x00001128   0x00000040   Code   RO         1428    i.ATIM_OC4Init      cw32f030_atim.o
    0x00001168   0x00001168   0x0000004c   Code   RO         1429    i.ATIM_PWMOutputConfig  cw32f030_atim.o
    0x000011b4   0x000011b4   0x0000000c   Code   RO         1430    i.ATIM_SetCompare1A  cw32f030_atim.o
    0x000011c0   0x000011c0   0x0000000c   Code   RO         1432    i.ATIM_SetCompare2A  cw32f030_atim.o
    0x000011cc   0x000011cc   0x0000000c   Code   RO         1434    i.ATIM_SetCompare3A  cw32f030_atim.o
    0x000011d8   0x000011d8   0x0000000c   Code   RO         1436    i.ATIM_SetCompare4  cw32f030_atim.o
    0x000011e4   0x000011e4   0x00000002   Code   RO            4    i.AWT_IRQHandler    interrupts_cw32f030.o
    0x000011e6   0x000011e6   0x00000002   PAD
    0x000011e8   0x000011e8   0x00000068   Code   RO          849    i.BTIM1_Configuration  btim.o
    0x00001250   0x00001250   0x00000038   Code   RO          850    i.BTIM1_IRQHandler  btim.o
    0x00001288   0x00001288   0x00000002   Code   RO            5    i.BTIM2_IRQHandler  interrupts_cw32f030.o
    0x0000128a   0x0000128a   0x00000002   Code   RO            6    i.BTIM3_IRQHandler  interrupts_cw32f030.o
    0x0000128c   0x0000128c   0x00000018   Code   RO         1781    i.BTIM_Cmd          cw32f030_btim.o
    0x000012a4   0x000012a4   0x00000012   Code   RO         1787    i.BTIM_GetITStatus  cw32f030_btim.o
    0x000012b6   0x000012b6   0x00000014   Code   RO         1789    i.BTIM_ITConfig     cw32f030_btim.o
    0x000012ca   0x000012ca   0x00000002   PAD
    0x000012cc   0x000012cc   0x00000020   Code   RO         1798    i.BTIM_TimeBaseInit  cw32f030_btim.o
    0x000012ec   0x000012ec   0x0000003c   Code   RO         1024    i.Buzzer_Init       buzzer.o
    0x00001328   0x00001328   0x000000fc   Code   RO          918    i.Commutation       motor.o
    0x00001424   0x00001424   0x00000018   Code   RO            7    i.DMACH1_IRQHandler  interrupts_cw32f030.o
    0x0000143c   0x0000143c   0x000000ac   Code   RO          707    i.DMACH1_IRQHandlerCallBack  adc.o
    0x000014e8   0x000014e8   0x00000018   Code   RO            8    i.DMACH23_IRQHandler  interrupts_cw32f030.o
    0x00001500   0x00001500   0x00000002   Code   RO            9    i.DMACH45_IRQHandler  interrupts_cw32f030.o
    0x00001502   0x00001502   0x00000002   PAD
    0x00001504   0x00001504   0x00000010   Code   RO         2037    i.DMA_ClearITPendingBit  cw32f030_dma.o
    0x00001514   0x00001514   0x00000018   Code   RO         2038    i.DMA_Cmd           cw32f030_dma.o
    0x0000152c   0x0000152c   0x00000018   Code   RO         2041    i.DMA_GetITStatus   cw32f030_dma.o
    0x00001544   0x00001544   0x00000014   Code   RO         2042    i.DMA_ITConfig      cw32f030_dma.o
    0x00001558   0x00001558   0x0000003c   Code   RO         2043    i.DMA_Init          cw32f030_dma.o
    0x00001594   0x00001594   0x0000005c   Code   RO          961    i.Encoder_Init      encoder.o
    0x000015f0   0x000015f0   0x00000002   Code   RO           10    i.FAULT_IRQHandler  interrupts_cw32f030.o
    0x000015f2   0x000015f2   0x00000002   Code   RO           11    i.FLASHRAM_IRQHandler  interrupts_cw32f030.o
    0x000015f4   0x000015f4   0x00000038   Code   RO         2119    i.FLASH_SetLatency  cw32f030_flash.o
    0x0000162c   0x0000162c   0x00000002   Code   RO           12    i.GPIOA_IRQHandler  interrupts_cw32f030.o
    0x0000162e   0x0000162e   0x00000002   PAD
    0x00001630   0x00001630   0x000000f4   Code   RO          963    i.GPIOB_IRQHandler  encoder.o
    0x00001724   0x00001724   0x00000002   Code   RO           13    i.GPIOC_IRQHandler  interrupts_cw32f030.o
    0x00001726   0x00001726   0x00000002   Code   RO           14    i.GPIOF_IRQHandler  interrupts_cw32f030.o
    0x00001728   0x00001728   0x00000008   Code   RO         2245    i.GPIO_ConfigFilter  cw32f030_gpio.o
    0x00001730   0x00001730   0x00000100   Code   RO         2249    i.GPIO_Init         cw32f030_gpio.o
    0x00001830   0x00001830   0x00000020   Code   RO          965    i.GTIM1_IRQHandler  encoder.o
    0x00001850   0x00001850   0x00000130   Code   RO          878    i.GTIM2_Configuration  gtim.o
    0x00001980   0x00001980   0x000000ac   Code   RO          879    i.GTIM2_IRQHandler  gtim.o
    0x00001a2c   0x00001a2c   0x00000002   Code   RO           15    i.GTIM3_IRQHandler  interrupts_cw32f030.o
    0x00001a2e   0x00001a2e   0x00000002   Code   RO           16    i.GTIM4_IRQHandler  interrupts_cw32f030.o
    0x00001a30   0x00001a30   0x0000000c   Code   RO         2333    i.GTIM_ClearITPendingBit  cw32f030_gtim.o
    0x00001a3c   0x00001a3c   0x0000001c   Code   RO         2334    i.GTIM_Cmd          cw32f030_gtim.o
    0x00001a58   0x00001a58   0x00000018   Code   RO         2342    i.GTIM_GetITStatus  cw32f030_gtim.o
    0x00001a70   0x00001a70   0x00000048   Code   RO         2344    i.GTIM_ICInit       cw32f030_gtim.o
    0x00001ab8   0x00001ab8   0x0000002e   Code   RO         2345    i.GTIM_ITConfig     cw32f030_gtim.o
    0x00001ae6   0x00001ae6   0x00000002   PAD
    0x00001ae8   0x00001ae8   0x00000040   Code   RO         2354    i.GTIM_TimeBaseInit  cw32f030_gtim.o
    0x00001b28   0x00001b28   0x00000070   Code   RO          919    i.HALL_Check        motor.o
    0x00001b98   0x00001b98   0x00000004   Code   RO           17    i.HardFault_Handler  interrupts_cw32f030.o
    0x00001b9c   0x00001b9c   0x0000002c   Code   RO         2519    i.I2C1_DeInit       cw32f030_i2c.o
    0x00001bc8   0x00001bc8   0x00000002   Code   RO           18    i.I2C1_IRQHandler   interrupts_cw32f030.o
    0x00001bca   0x00001bca   0x00000002   Code   RO           19    i.I2C2_IRQHandler   interrupts_cw32f030.o
    0x00001bcc   0x00001bcc   0x0000001a   Code   RO         2523    i.I2C_AcknowledgeConfig  cw32f030_i2c.o
    0x00001be6   0x00001be6   0x0000001a   Code   RO         2524    i.I2C_BaudGeneratorEnable  cw32f030_i2c.o
    0x00001c00   0x00001c00   0x0000000a   Code   RO         2525    i.I2C_ClearIrq      cw32f030_i2c.o
    0x00001c0a   0x00001c0a   0x0000001a   Code   RO         2526    i.I2C_Cmd           cw32f030_i2c.o
    0x00001c24   0x00001c24   0x0000001a   Code   RO         2527    i.I2C_FilterConfig  cw32f030_i2c.o
    0x00001c3e   0x00001c3e   0x00000048   Code   RO         2529    i.I2C_GenerateSTART  cw32f030_i2c.o
    0x00001c86   0x00001c86   0x0000001a   Code   RO         2530    i.I2C_GenerateSTOP  cw32f030_i2c.o
    0x00001ca0   0x00001ca0   0x0000000c   Code   RO         2531    i.I2C_GetIrq        cw32f030_i2c.o
    0x00001cac   0x00001cac   0x00000008   Code   RO         2532    i.I2C_GetState      cw32f030_i2c.o
    0x00001cb4   0x00001cb4   0x000000b2   Code   RO          555    i.I2C_MasterWriteByte  oled_iic.o
    0x00001d66   0x00001d66   0x00000036   Code   RO         2537    i.I2C_Master_Init   cw32f030_i2c.o
    0x00001d9c   0x00001d9c   0x00000012   Code   RO         2539    i.I2C_Send7bitAddress  cw32f030_i2c.o
    0x00001dae   0x00001dae   0x00000004   Code   RO         2540    i.I2C_SendData      cw32f030_i2c.o
    0x00001db2   0x00001db2   0x00000004   Code   RO         2541    i.I2C_SetBaud       cw32f030_i2c.o
    0x00001db6   0x00001db6   0x00000002   PAD
    0x00001db8   0x00001db8   0x00000010   Code   RO         2766    i.IWDT_Cmd          cw32f030_iwdt.o
    0x00001dc8   0x00001dc8   0x00000054   Code   RO          797    i.IWDT_Configuration  iwdt.o
    0x00001e1c   0x00001e1c   0x00000064   Code   RO         2713    i.IWDT_Init         cw32f030_iwdt.o
    0x00001e80   0x00001e80   0x00000010   Code   RO         2772    i.IWDT_Refresh      cw32f030_iwdt.o
    0x00001e90   0x00001e90   0x00000064   Code   RO          523    i.KEY_Handle        key.o
    0x00001ef4   0x00001ef4   0x00000038   Code   RO          524    i.KEY_Init          key.o
    0x00001f2c   0x00001f2c   0x00000044   Code   RO          500    i.LED_Init          led.o
    0x00001f70   0x00001f70   0x00000002   Code   RO           20    i.LVD_IRQHandler    interrupts_cw32f030.o
    0x00001f72   0x00001f72   0x00000002   Code   RO           21    i.NMI_Handler       interrupts_cw32f030.o
    0x00001f74   0x00001f74   0x00000030   Code   RO          556    i.OLED_Clear        oled_iic.o
    0x00001fa4   0x00001fa4   0x0000005c   Code   RO          558    i.OLED_ClearPoint   oled_iic.o
    0x00002000   0x00002000   0x00000016   Code   RO          560    i.OLED_Display_On   oled_iic.o
    0x00002016   0x00002016   0x00000002   PAD
    0x00002018   0x00002018   0x0000003c   Code   RO          562    i.OLED_DrawPoint    oled_iic.o
    0x00002054   0x00002054   0x00000090   Code   RO          563    i.OLED_I2C_Init     oled_iic.o
    0x000020e4   0x000020e4   0x000000b4   Code   RO          564    i.OLED_Init         oled_iic.o
    0x00002198   0x00002198   0x00000050   Code   RO          565    i.OLED_Play_1       oled_iic.o
    0x000021e8   0x000021e8   0x0000001a   Code   RO          566    i.OLED_Pow          oled_iic.o
    0x00002202   0x00002202   0x00000002   PAD
    0x00002204   0x00002204   0x00000044   Code   RO          567    i.OLED_Refresh      oled_iic.o
    0x00002248   0x00002248   0x000000e4   Code   RO          568    i.OLED_ShowChar     oled_iic.o
    0x0000232c   0x0000232c   0x0000007c   Code   RO          570    i.OLED_ShowNum      oled_iic.o
    0x000023a8   0x000023a8   0x00000042   Code   RO          572    i.OLED_ShowString   oled_iic.o
    0x000023ea   0x000023ea   0x00000002   Code   RO           22    i.PendSV_Handler    interrupts_cw32f030.o
    0x000023ec   0x000023ec   0x00000020   Code   RO         2985    i.RCC_AHBPeriphClk_Enable  cw32f030_rcc.o
    0x0000240c   0x0000240c   0x00000020   Code   RO         2988    i.RCC_APBPeriphClk_Enable2  cw32f030_rcc.o
    0x0000242c   0x0000242c   0x0000005c   Code   RO          364    i.RCC_Configuration  sys_init.o
    0x00002488   0x00002488   0x00000020   Code   RO         3008    i.RCC_HCLKPRS_Config  cw32f030_rcc.o
    0x000024a8   0x000024a8   0x000000cc   Code   RO         3011    i.RCC_HSE_Enable    cw32f030_rcc.o
    0x00002574   0x00002574   0x0000001c   Code   RO         3013    i.RCC_HSI_Disable   cw32f030_rcc.o
    0x00002590   0x00002590   0x00000002   Code   RO           23    i.RCC_IRQHandler    interrupts_cw32f030.o
    0x00002592   0x00002592   0x00000002   PAD
    0x00002594   0x00002594   0x00000020   Code   RO         3026    i.RCC_PCLKPRS_Config  cw32f030_rcc.o
    0x000025b4   0x000025b4   0x000000b4   Code   RO         3029    i.RCC_PLL_Enable    cw32f030_rcc.o
    0x00002668   0x00002668   0x00000040   Code   RO         3033    i.RCC_SysClk_Switch  cw32f030_rcc.o
    0x000026a8   0x000026a8   0x000000d8   Code   RO         3034    i.RCC_Sysctrl_GetHClkFreq  cw32f030_rcc.o
    0x00002780   0x00002780   0x0000000c   Code   RO         3036    i.RCC_SystemCoreClockUpdate  cw32f030_rcc.o
    0x0000278c   0x0000278c   0x00000002   Code   RO           24    i.RTC_IRQHandler    interrupts_cw32f030.o
    0x0000278e   0x0000278e   0x00000002   Code   RO           25    i.SPI1_IRQHandler   interrupts_cw32f030.o
    0x00002790   0x00002790   0x00000002   Code   RO           26    i.SPI2_IRQHandler   interrupts_cw32f030.o
    0x00002792   0x00002792   0x00000002   Code   RO           27    i.SVC_Handler       interrupts_cw32f030.o
    0x00002794   0x00002794   0x00000014   Code   RO          365    i.SYS_Init          sys_init.o
    0x000027a8   0x000027a8   0x0000015c   Code   RO          708    i.SampleVI          adc.o
    0x00002904   0x00002904   0x000000a4   Code   RO          921    i.Set_Speed         motor.o
    0x000029a8   0x000029a8   0x00000028   Code   RO          880    i.Speed_Count       gtim.o
    0x000029d0   0x000029d0   0x00000002   Code   RO          400    i.State_Machine     app.o
    0x000029d2   0x000029d2   0x00000002   PAD
    0x000029d4   0x000029d4   0x00000018   Code   RO         3623    i.SysTick_Handler   cw32f030_systick.o
    0x000029ec   0x000029ec   0x00000010   Code   RO         4174    i.SystemCoreClockUpdate  system_cw32f030.o
    0x000029fc   0x000029fc   0x0000003c   Code   RO         4175    i.SystemInit        system_cw32f030.o
    0x00002a38   0x00002a38   0x00000064   Code   RO          468    i.Task_Marks_Handler_Callback  task.o
    0x00002a9c   0x00002a9c   0x0000003c   Code   RO          469    i.Task_Pro_Handler_Callback  task.o
    0x00002ad8   0x00002ad8   0x00000008   Code   RO          401    i.TasksHandle_10MS  app.o
    0x00002ae0   0x00002ae0   0x00000008   Code   RO          402    i.TasksHandle_200MS  app.o
    0x00002ae8   0x00002ae8   0x0000000c   Code   RO          403    i.TasksHandle_20MS  app.o
    0x00002af4   0x00002af4   0x00000014   Code   RO          404    i.TasksHandle_250MS  app.o
    0x00002b08   0x00002b08   0x00000090   Code   RO          405    i.TasksHandle_500MS  app.o
    0x00002b98   0x00002b98   0x0000002c   Code   RO          751    i.UART1_IRQHandleCallback  uart.o
    0x00002bc4   0x00002bc4   0x00000008   Code   RO           28    i.UART1_IRQHandler  interrupts_cw32f030.o
    0x00002bcc   0x00002bcc   0x00000002   Code   RO           29    i.UART2_IRQHandler  interrupts_cw32f030.o
    0x00002bce   0x00002bce   0x00000002   Code   RO           30    i.UART3_IRQHandler  interrupts_cw32f030.o
    0x00002bd0   0x00002bd0   0x000000d0   Code   RO          752    i.UART_Configuration  uart.o
    0x00002ca0   0x00002ca0   0x00000008   Code   RO         3686    i.USART_ClearITPendingBit  cw32f030_uart.o
    0x00002ca8   0x00002ca8   0x00000012   Code   RO         3692    i.USART_GetITStatus  cw32f030_uart.o
    0x00002cba   0x00002cba   0x0000001a   Code   RO         3694    i.USART_ITConfig    cw32f030_uart.o
    0x00002cd4   0x00002cd4   0x00000174   Code   RO         3695    i.USART_Init        cw32f030_uart.o
    0x00002e48   0x00002e48   0x00000008   Code   RO         3698    i.USART_ReceiveData_8bit  cw32f030_uart.o
    0x00002e50   0x00002e50   0x00000004   Code   RO         3700    i.USART_SendData_8bit  cw32f030_uart.o
    0x00002e54   0x00002e54   0x00000002   Code   RO           31    i.VC1_IRQHandler    interrupts_cw32f030.o
    0x00002e56   0x00002e56   0x00000002   Code   RO           32    i.VC2_IRQHandler    interrupts_cw32f030.o
    0x00002e58   0x00002e58   0x00000002   Code   RO           33    i.WDT_IRQHandler    interrupts_cw32f030.o
    0x00002e5a   0x00002e5a   0x00000002   PAD
    0x00002e5c   0x00002e5c   0x00000014   Code   RO          574    i.WriteCmd          oled_iic.o
    0x00002e70   0x00002e70   0x00000014   Code   RO          575    i.WriteDat          oled_iic.o
    0x00002e84   0x00002e84   0x0000002e   Code   RO         4304    i.__ARM_clz         mf_p.l(depilogue.o)
    0x00002eb2   0x00002eb2   0x0000001c   Code   RO         2702    i.__ARM_common_switch8  cw32f030_i2c.o
    0x00002ece   0x00002ece   0x00000002   PAD
    0x00002ed0   0x00002ed0   0x00000018   Code   RO          967    i.__NVIC_EnableIRQ  encoder.o
    0x00002ee8   0x00002ee8   0x00000078   Code   RO          753    i.__NVIC_SetPriority  uart.o
    0x00002f60   0x00002f60   0x00000078   Code   RO          881    i.__NVIC_SetPriority  gtim.o
    0x00002fd8   0x00002fd8   0x0000000e   Code   RO         4310    i.__scatterload_copy  mc_p.l(handlers.o)
    0x00002fe6   0x00002fe6   0x00000002   Code   RO         4311    i.__scatterload_null  mc_p.l(handlers.o)
    0x00002fe8   0x00002fe8   0x0000000e   Code   RO         4312    i.__scatterload_zeroinit  mc_p.l(handlers.o)
    0x00002ff6   0x00002ff6   0x00000002   PAD
    0x00002ff8   0x00002ff8   0x00000058   Code   RO         4178    i.delay1ms          system_cw32f030.o
    0x00003050   0x00003050   0x00000010   Code   RO          287    i.main              main.o
    0x00003060   0x00003060   0x000017c0   Data   RO          577    .constdata          oled_iic.o
    0x00004820   0x00004820   0x0000000c   Data   RO         1047    .constdata          global.o
    0x0000482c   0x0000482c   0x00000064   Data   RO         3038    .constdata          cw32f030_rcc.o
    0x00004890   0x00004890   0x00000020   Data   RO         4308    Region$$Table       anon$$obj.o


    Execution Region RW_IRAM1 (Exec base: 0x20000000, Load base: 0x000048b0, Size: 0x00000740, Max: 0x00020000, ABSOLUTE)

    Exec Addr    Load Addr    Size         Type   Attr      Idx    E Section Name        Object

    0x20000000   0x000048b0   0x0000003d   Data   RW          470    .data               task.o
    0x2000003d   0x000048ed   0x00000002   Data   RW          525    .data               key.o
    0x2000003f   0x000048ef   0x00000001   PAD
    0x20000040   0x000048f0   0x00000010   Data   RW          709    .data               adc.o
    0x20000050   0x00004900   0x00000001   Data   RW          922    .data               motor.o
    0x20000051   0x00004901   0x00000003   PAD
    0x20000054   0x00004904   0x0000005a   Data   RW         1048    .data               global.o
    0x200000ae   0x0000495e   0x00000002   PAD
    0x200000b0   0x00004960   0x00000009   Data   RW         3625    .data               cw32f030_systick.o
    0x200000b9   0x00004969   0x00000003   PAD
    0x200000bc   0x0000496c   0x00000004   Data   RW         4179    .data               system_cw32f030.o
    0x200000c0        -       0x00000480   Zero   RW          576    .bss                oled_iic.o
    0x20000540        -       0x00000200   Zero   RW          355    STACK               startup_cw32f030.o


==============================================================================

Image component sizes


      Code (inc. data)   RO Data    RW Data    ZI Data      Debug   Object Name

       988        126          0         16          0       9943   adc.o
       414         54          0          0          0       3135   app.o
       412         30          0          0          0       1183   atim.o
       160         28          0          0          0       1097   btim.o
        60         12          0          0          0        482   buzzer.o
       192         26          0          0          0       1850   cw32f030_adc.o
       740         78          0          0          0       7426   cw32f030_atim.o
       102          4          0          0          0       2991   cw32f030_btim.o
       144          8          0          0          0       2870   cw32f030_dma.o
        56         14          0          0          0        511   cw32f030_flash.o
       264          4          0          0          0       1492   cw32f030_gpio.o
       246          4          0          0          0       3537   cw32f030_gtim.o
       384          8          0          0          0       7468   cw32f030_i2c.o
       132         34          0          0          0       1634   cw32f030_iwdt.o
       832        124        100          0          0       6342   cw32f030_rcc.o
        24          8          0          9          0       1633   cw32f030_systick.o
       436         10          0          0          0       3795   cw32f030_uart.o
       392         50          0          0          0       1941   encoder.o
         0          0         12         90          0       1581   global.o
       636         80          0          0          0       2243   gtim.o
       114          0          0          0          0     243274   interrupts_cw32f030.o
        84         12          0          0          0        537   iwdt.o
       156         26          0          2          0       1160   key.o
        68         12          0          0          0        467   led.o
        16          0          0          0          0        411   main.o
       528         50          0          1          0       1775   motor.o
      1356         86       6080          0       1152      10113   oled_iic.o
        28          8        192          0        512        600   startup_cw32f030.o
       112         10          0          0          0        935   sys_init.o
       164         26          0          4          0       1686   system_cw32f030.o
       160         16          0         61          0       1874   task.o
       372         36          0          0          0       8999   uart.o

    ----------------------------------------------------------------------
      9798        984       6416        192       1664     334985   Object Totals
         0          0         32          0          0          0   (incl. Generated)
        26          0          0          9          0          0   (incl. Padding)

    ----------------------------------------------------------------------

      Code (inc. data)   RO Data    RW Data    ZI Data      Debug   Library Member Name

         0          0          0          0          0          0   entry.o
         0          0          0          0          0          0   entry10a.o
         0          0          0          0          0          0   entry11a.o
         8          4          0          0          0          0   entry2.o
         4          0          0          0          0          0   entry5.o
         0          0          0          0          0          0   entry7b.o
         0          0          0          0          0          0   entry8b.o
         8          4          0          0          0          0   entry9a.o
        30          0          0          0          0          0   handlers.o
        36          8          0          0          0         68   init.o
         0          0          0          0          0          0   iusefp.o
        76          0          0          0          0         76   ldiv.o
        32          0          0          0          0         68   llshl.o
        38          0          0          0          0         68   llsshr.o
        34          0          0          0          0         68   llushr.o
        36          0          0          0          0         60   memcpya.o
        36          0          0          0          0        100   memseta.o
        44          0          0          0          0         72   uidiv.o
        96          0          0          0          0         84   uldiv.o
        40          2          0          0          0         68   cdcmple.o
        56          0          0          0          0         68   d2f.o
       356          4          0          0          0        140   dadd.o
       240          6          0          0          0         84   ddiv.o
       236          0          0          0          0        216   depilogue.o
        60         10          0          0          0         68   dfixui.o
        40          6          0          0          0         68   dflti.o
        28          4          0          0          0         68   dfltui.o
       208          6          0          0          0         88   dmul.o
        40          0          0          0          0         60   f2d.o
       178          0          0          0          0        108   fadd.o
       124          0          0          0          0         72   fdiv.o
       130          0          0          0          0        144   fepilogue.o
        40          0          0          0          0         60   ffixui.o
        14          0          0          0          0         68   ffltui.o
       122          0          0          0          0         72   fmul.o

    ----------------------------------------------------------------------
      2394         54          0          0          0       2116   Library Totals
         4          0          0          0          0          0   (incl. Padding)

    ----------------------------------------------------------------------

      Code (inc. data)   RO Data    RW Data    ZI Data      Debug   Library Name

       478         16          0          0          0        664   mc_p.l
      1912         38          0          0          0       1452   mf_p.l

    ----------------------------------------------------------------------
      2394         54          0          0          0       2116   Library Totals

    ----------------------------------------------------------------------

==============================================================================


      Code (inc. data)   RO Data    RW Data    ZI Data      Debug   

     12192       1038       6416        192       1664     329413   Grand Totals
     12192       1038       6416        192       1664     329413   ELF Image Totals
     12192       1038       6416        192          0          0   ROM Totals

==============================================================================

    Total RO  Size (Code + RO Data)                18608 (  18.17kB)
    Total RW  Size (RW Data + ZI Data)              1856 (   1.81kB)
    Total ROM Size (Code + RO Data + RW Data)      18800 (  18.36kB)

==============================================================================

