Component: ARM Compiler 5.06 update 6 (build 750) Tool: armlink [4d35ed]

==============================================================================

Section Cross References

    interrupts_cw32f030.o(i.DMACH1_IRQHandler) refers to cw32f030_dma.o(i.DMA_GetITStatus) for DMA_GetITStatus
    interrupts_cw32f030.o(i.DMACH1_IRQHandler) refers to cw32f030_dma.o(i.DMA_ClearITPendingBit) for DMA_ClearITPendingBit
    interrupts_cw32f030.o(i.DMACH1_IRQHandler) refers to adc.o(i.DMACH1_IRQHandlerCallBack) for DMACH1_IRQHandlerCallBack
    interrupts_cw32f030.o(i.DMACH23_IRQHandler) refers to cw32f030_dma.o(i.DMA_GetITStatus) for DMA_GetITStatus
    interrupts_cw32f030.o(i.DMACH23_IRQHandler) refers to cw32f030_dma.o(i.DMA_ClearITPendingBit) for DMA_ClearITPendingBit
    interrupts_cw32f030.o(i.UART1_IRQHandler) refers to uart.o(i.UART1_IRQHandleCallback) for UART1_IRQHandleCallback
    main.o(i.main) refers to sys_init.o(i.SYS_Init) for SYS_Init
    main.o(i.main) refers to task.o(i.Task_Pro_Handler_Callback) for Task_Pro_Handler_Callback
    startup_cw32f030.o(RESET) refers to startup_cw32f030.o(STACK) for __initial_sp
    startup_cw32f030.o(RESET) refers to startup_cw32f030.o(.text) for Reset_Handler
    startup_cw32f030.o(RESET) refers to interrupts_cw32f030.o(i.NMI_Handler) for NMI_Handler
    startup_cw32f030.o(RESET) refers to interrupts_cw32f030.o(i.HardFault_Handler) for HardFault_Handler
    startup_cw32f030.o(RESET) refers to interrupts_cw32f030.o(i.SVC_Handler) for SVC_Handler
    startup_cw32f030.o(RESET) refers to interrupts_cw32f030.o(i.PendSV_Handler) for PendSV_Handler
    startup_cw32f030.o(RESET) refers to cw32f030_systick.o(i.SysTick_Handler) for SysTick_Handler
    startup_cw32f030.o(RESET) refers to interrupts_cw32f030.o(i.WDT_IRQHandler) for WDT_IRQHandler
    startup_cw32f030.o(RESET) refers to interrupts_cw32f030.o(i.LVD_IRQHandler) for LVD_IRQHandler
    startup_cw32f030.o(RESET) refers to interrupts_cw32f030.o(i.RTC_IRQHandler) for RTC_IRQHandler
    startup_cw32f030.o(RESET) refers to interrupts_cw32f030.o(i.FLASHRAM_IRQHandler) for FLASHRAM_IRQHandler
    startup_cw32f030.o(RESET) refers to interrupts_cw32f030.o(i.RCC_IRQHandler) for RCC_IRQHandler
    startup_cw32f030.o(RESET) refers to interrupts_cw32f030.o(i.GPIOA_IRQHandler) for GPIOA_IRQHandler
    startup_cw32f030.o(RESET) refers to encoder.o(i.GPIOB_IRQHandler) for GPIOB_IRQHandler
    startup_cw32f030.o(RESET) refers to interrupts_cw32f030.o(i.GPIOC_IRQHandler) for GPIOC_IRQHandler
    startup_cw32f030.o(RESET) refers to interrupts_cw32f030.o(i.GPIOF_IRQHandler) for GPIOF_IRQHandler
    startup_cw32f030.o(RESET) refers to interrupts_cw32f030.o(i.DMACH1_IRQHandler) for DMACH1_IRQHandler
    startup_cw32f030.o(RESET) refers to interrupts_cw32f030.o(i.DMACH23_IRQHandler) for DMACH23_IRQHandler
    startup_cw32f030.o(RESET) refers to interrupts_cw32f030.o(i.DMACH45_IRQHandler) for DMACH45_IRQHandler
    startup_cw32f030.o(RESET) refers to interrupts_cw32f030.o(i.ADC_IRQHandler) for ADC_IRQHandler
    startup_cw32f030.o(RESET) refers to atim.o(i.ATIM_IRQHandler) for ATIM_IRQHandler
    startup_cw32f030.o(RESET) refers to interrupts_cw32f030.o(i.VC1_IRQHandler) for VC1_IRQHandler
    startup_cw32f030.o(RESET) refers to interrupts_cw32f030.o(i.VC2_IRQHandler) for VC2_IRQHandler
    startup_cw32f030.o(RESET) refers to encoder.o(i.GTIM1_IRQHandler) for GTIM1_IRQHandler
    startup_cw32f030.o(RESET) refers to gtim.o(i.GTIM2_IRQHandler) for GTIM2_IRQHandler
    startup_cw32f030.o(RESET) refers to interrupts_cw32f030.o(i.GTIM3_IRQHandler) for GTIM3_IRQHandler
    startup_cw32f030.o(RESET) refers to interrupts_cw32f030.o(i.GTIM4_IRQHandler) for GTIM4_IRQHandler
    startup_cw32f030.o(RESET) refers to btim.o(i.BTIM1_IRQHandler) for BTIM1_IRQHandler
    startup_cw32f030.o(RESET) refers to interrupts_cw32f030.o(i.BTIM2_IRQHandler) for BTIM2_IRQHandler
    startup_cw32f030.o(RESET) refers to interrupts_cw32f030.o(i.BTIM3_IRQHandler) for BTIM3_IRQHandler
    startup_cw32f030.o(RESET) refers to interrupts_cw32f030.o(i.I2C1_IRQHandler) for I2C1_IRQHandler
    startup_cw32f030.o(RESET) refers to interrupts_cw32f030.o(i.I2C2_IRQHandler) for I2C2_IRQHandler
    startup_cw32f030.o(RESET) refers to interrupts_cw32f030.o(i.SPI1_IRQHandler) for SPI1_IRQHandler
    startup_cw32f030.o(RESET) refers to interrupts_cw32f030.o(i.SPI2_IRQHandler) for SPI2_IRQHandler
    startup_cw32f030.o(RESET) refers to interrupts_cw32f030.o(i.UART1_IRQHandler) for UART1_IRQHandler
    startup_cw32f030.o(RESET) refers to interrupts_cw32f030.o(i.UART2_IRQHandler) for UART2_IRQHandler
    startup_cw32f030.o(RESET) refers to interrupts_cw32f030.o(i.UART3_IRQHandler) for UART3_IRQHandler
    startup_cw32f030.o(RESET) refers to interrupts_cw32f030.o(i.AWT_IRQHandler) for AWT_IRQHandler
    startup_cw32f030.o(RESET) refers to interrupts_cw32f030.o(i.FAULT_IRQHandler) for FAULT_IRQHandler
    startup_cw32f030.o(.text) refers to system_cw32f030.o(i.SystemInit) for SystemInit
[...]
    Removing fflti.o(.text), (22 bytes).
    Removing cw32f030_iwdt.o(i.IWDT_Unlock), (16 bytes).
    Removing cw32f030_iwdt.o(i.IWDT_Lock), (16 bytes).
    Removing cw32f030_iwdt.o(i.IWDT_Stop), (28 bytes).
    Removing cw32f030_iwdt.o(i.IWDT_ClearOVFlag), (20 bytes).

482 unused section(s) (total 22708 bytes) removed from the image.

==============================================================================

Image Symbol Table

    Local Symbols

    Symbol Name                              Value     Ov Type        Size  Object(Section)

    RESET                                    0x00000000   Section      192  startup_cw32f030.o(RESET)
    ../clib/../cmprslib/lz77c.c              0x00000000   Number         0  __dclz77c.o ABSOLUTE
    ../clib/microlib/division.c              0x00000000   Number         0  idiv.o ABSOLUTE
    ../clib/microlib/division.c              0x00000000   Number         0  ldiv.o ABSOLUTE
    ../clib/microlib/division.c              0x00000000   Number         0  uidiv.o ABSOLUTE
    ../clib/microlib/division.c              0x00000000   Number         0  uldiv.o ABSOLUTE
    ../clib/microlib/init/entry.s            0x00000000   Number         0  entry7a.o ABSOLUTE
    ../clib/microlib/init/entry.s            0x00000000   Number         0  entry11a.o ABSOLUTE
    ../clib/microlib/init/entry.s            0x00000000   Number         0  entry8b.o ABSOLUTE
    ../clib/microlib/init/entry.s            0x00000000   Number         0  entry.o ABSOLUTE
    ../clib/microlib/init/entry.s            0x00000000   Number         0  entry2.o ABSOLUTE
    ../clib/microlib/init/entry.s            0x00000000   Number         0  entry11b.o ABSOLUTE
    ../clib/microlib/init/entry.s            0x00000000   Number         0  entry10b.o ABSOLUTE
    ../clib/microlib/init/entry.s            0x00000000   Number         0  entry10a.o ABSOLUTE
    ../clib/microlib/init/entry.s            0x00000000   Number         0  entry9b.o ABSOLUTE
    ../clib/microlib/init/entry.s            0x00000000   Number         0  entry9a.o ABSOLUTE
    ../clib/microlib/init/entry.s            0x00000000   Number         0  entry7b.o ABSOLUTE
    ../clib/microlib/init/entry.s            0x00000000   Number         0  entry5.o ABSOLUTE
    ../clib/microlib/init/entry.s            0x00000000   Number         0  entry8a.o ABSOLUTE
    ../clib/microlib/longlong.c              0x00000000   Number         0  llshl.o ABSOLUTE
    ../clib/microlib/longlong.c              0x00000000   Number         0  llushr.o ABSOLUTE
    ../clib/microlib/longlong.c              0x00000000   Number         0  llsshr.o ABSOLUTE
    ../clib/microlib/string/memcpy.c         0x00000000   Number         0  memcpya.o ABSOLUTE
    ../clib/microlib/string/memcpy.c         0x00000000   Number         0  memcpyb.o ABSOLUTE
    ../clib/microlib/string/memset.c         0x00000000   Number         0  memseta.o ABSOLUTE
    ../clib/microlib/stubs.s                 0x00000000   Number         0  iusefp.o ABSOLUTE
    ../fplib/microlib/f2d.c                  0x00000000   Number         0  f2d.o ABSOLUTE
    ../fplib/microlib/fpadd.c                0x00000000   Number         0  dadd.o ABSOLUTE
    ../fplib/microlib/fpadd.c                0x00000000   Number         0  fadd.o ABSOLUTE
    ../fplib/microlib/fpdiv.c                0x00000000   Number         0  fdiv.o ABSOLUTE
    ../fplib/microlib/fpepilogue.c           0x00000000   Number         0  fepilogue.o ABSOLUTE
    ../fplib/microlib/fpepilogue.c           0x00000000   Number         0  depilogue.o ABSOLUTE
    ../fplib/microlib/fpfix.c                0x00000000   Number         0  dfixui.o ABSOLUTE
    ../fplib/microlib/fpfix.c                0x00000000   Number         0  ffixui.o ABSOLUTE
    ../fplib/microlib/fpflt.c                0x00000000   Number         0  dflti.o ABSOLUTE
    ../fplib/microlib/fpflt.c                0x00000000   Number         0  fflti.o ABSOLUTE
    ../fplib/microlib/fpflt.c                0x00000000   Number         0  ffltui.o ABSOLUTE
    ../fplib/microlib/fpflt.c                0x00000000   Number         0  dfltui.o ABSOLUTE
    ../fplib/microlib/fpmul.c                0x00000000   Number         0  fmul.o ABSOLUTE
    HARDWARE\ADC\adc.c                       0x00000000   Number         0  adc.o ABSOLUTE
    HARDWARE\APP\app.c                       0x00000000   Number         0  app.o ABSOLUTE
    HARDWARE\ATIM\atim.c                     0x00000000   Number         0  atim.o ABSOLUTE
    HARDWARE\BTIM\btim.c                     0x00000000   Number         0  btim.o ABSOLUTE
    HARDWARE\BUZZER\buzzer.c                 0x00000000   Number         0  buzzer.o ABSOLUTE
    HARDWARE\ENCODER\encoder.c               0x00000000   Number         0  encoder.o ABSOLUTE
    HARDWARE\GTIM\gtim.c                     0x00000000   Number         0  gtim.o ABSOLUTE
    HARDWARE\IWDT\iwdt.c                     0x00000000   Number         0  iwdt.o ABSOLUTE
    HARDWARE\KEY\key.c                       0x00000000   Number         0  key.o ABSOLUTE
    HARDWARE\LED\led.c                       0x00000000   Number         0  led.o ABSOLUTE
    HARDWARE\MOTOR\motor.c                   0x00000000   Number         0  motor.o ABSOLUTE
    HARDWARE\OLED\oled_iic.c                 0x00000000   Number         0  oled_iic.o ABSOLUTE
    HARDWARE\TASK\task.c                     0x00000000   Number         0  task.o ABSOLUTE
    HARDWARE\UART\uart.c                     0x00000000   Number         0  uart.o ABSOLUTE
    HARDWARE\\ADC\\adc.c                     0x00000000   Number         0  adc.o ABSOLUTE
    HARDWARE\\APP\\app.c                     0x00000000   Number         0  app.o ABSOLUTE
    HARDWARE\\ATIM\\atim.c                   0x00000000   Number         0  atim.o ABSOLUTE
    HARDWARE\\BTIM\\btim.c                   0x00000000   Number         0  btim.o ABSOLUTE
    HARDWARE\\BUZZER\\buzzer.c               0x00000000   Number         0  buzzer.o ABSOLUTE
    HARDWARE\\ENCODER\\encoder.c             0x00000000   Number         0  encoder.o ABSOLUTE
    HARDWARE\\GTIM\\gtim.c                   0x00000000   Number         0  gtim.o ABSOLUTE
    HARDWARE\\IWDT\\iwdt.c                   0x00000000   Number         0  iwdt.o ABSOLUTE
    HARDWARE\\KEY\\key.c                     0x00000000   Number         0  key.o ABSOLUTE
    HARDWARE\\LED\\led.c                     0x00000000   Number         0  led.o ABSOLUTE
    HARDWARE\\MOTOR\\motor.c                 0x00000000   Number         0  motor.o ABSOLUTE
    HARDWARE\\OLED\\oled_iic.c               0x00000000   Number         0  oled_iic.o ABSOLUTE
    HARDWARE\\TASK\\task.c                   0x00000000   Number         0  task.o ABSOLUTE
    HARDWARE\\UART\\uart.c                   0x00000000   Number         0  uart.o ABSOLUTE
    Libraries\\src\\cw32f030_adc.c           0x00000000   Number         0  cw32f030_adc.o ABSOLUTE
    Libraries\\src\\cw32f030_atim.c          0x00000000   Number         0  cw32f030_atim.o ABSOLUTE
    Libraries\\src\\cw32f030_awt.c           0x00000000   Number         0  cw32f030_awt.o ABSOLUTE
    Libraries\\src\\cw32f030_btim.c          0x00000000   Number         0  cw32f030_btim.o ABSOLUTE
    Libraries\\src\\cw32f030_crc.c           0x00000000   Number         0  cw32f030_crc.o ABSOLUTE
    Libraries\\src\\cw32f030_debug.c         0x00000000   Number         0  cw32f030_debug.o ABSOLUTE
    Libraries\\src\\cw32f030_digitalsign.c   0x00000000   Number         0  cw32f030_digitalsign.o ABSOLUTE
    Libraries\\src\\cw32f030_dma.c           0x00000000   Number         0  cw32f030_dma.o ABSOLUTE
    Libraries\\src\\cw32f030_flash.c         0x00000000   Number         0  cw32f030_flash.o ABSOLUTE
    Libraries\\src\\cw32f030_gpio.c          0x00000000   Number         0  cw32f030_gpio.o ABSOLUTE
    Libraries\\src\\cw32f030_gtim.c          0x00000000   Number         0  cw32f030_gtim.o ABSOLUTE
    Libraries\\src\\cw32f030_i2c.c           0x00000000   Number         0  cw32f030_i2c.o ABSOLUTE
    Libraries\\src\\cw32f030_iwdt.c          0x00000000   Number         0  cw32f030_iwdt.o ABSOLUTE
    Libraries\\src\\cw32f030_lvd.c           0x00000000   Number         0  cw32f030_lvd.o ABSOLUTE
    Libraries\\src\\cw32f030_pwr.c           0x00000000   Number         0  cw32f030_pwr.o ABSOLUTE
    Libraries\\src\\cw32f030_ram.c           0x00000000   Number         0  cw32f030_ram.o ABSOLUTE
    Libraries\\src\\cw32f030_rcc.c           0x00000000   Number         0  cw32f030_rcc.o ABSOLUTE
    Libraries\\src\\cw32f030_rtc.c           0x00000000   Number         0  cw32f030_rtc.o ABSOLUTE
    Libraries\\src\\cw32f030_spi.c           0x00000000   Number         0  cw32f030_spi.o ABSOLUTE
    Libraries\\src\\cw32f030_systick.c       0x00000000   Number         0  cw32f030_systick.o ABSOLUTE
    Libraries\\src\\cw32f030_uart.c          0x00000000   Number         0  cw32f030_uart.o ABSOLUTE
    Libraries\\src\\cw32f030_vc.c            0x00000000   Number         0  cw32f030_vc.o ABSOLUTE
    Libraries\\src\\cw32f030_wwdt.c          0x00000000   Number         0  cw32f030_wwdt.o ABSOLUTE
    Libraries\\src\\system_cw32f030.c        0x00000000   Number         0  system_cw32f030.o ABSOLUTE
    Libraries\src\cw32f030_adc.c             0x00000000   Number         0  cw32f030_adc.o ABSOLUTE
    Libraries\src\cw32f030_atim.c            0x00000000   Number         0  cw32f030_atim.o ABSOLUTE
    Libraries\src\cw32f030_awt.c             0x00000000   Number         0  cw32f030_awt.o ABSOLUTE
    Libraries\src\cw32f030_btim.c            0x00000000   Number         0  cw32f030_btim.o ABSOLUTE
    Libraries\src\cw32f030_crc.c             0x00000000   Number         0  cw32f030_crc.o ABSOLUTE
    Libraries\src\cw32f030_debug.c           0x00000000   Number         0  cw32f030_debug.o ABSOLUTE
    Libraries\src\cw32f030_digitalsign.c     0x00000000   Number         0  cw32f030_digitalsign.o ABSOLUTE
    Libraries\src\cw32f030_dma.c             0x00000000   Number         0  cw32f030_dma.o ABSOLUTE
    Libraries\src\cw32f030_flash.c           0x00000000   Number         0  cw32f030_flash.o ABSOLUTE
    Libraries\src\cw32f030_gpio.c            0x00000000   Number         0  cw32f030_gpio.o ABSOLUTE
    Libraries\src\cw32f030_gtim.c            0x00000000   Number         0  cw32f030_gtim.o ABSOLUTE
    Libraries\src\cw32f030_i2c.c             0x00000000   Number         0  cw32f030_i2c.o ABSOLUTE
    Libraries\src\cw32f030_iwdt.c            0x00000000   Number         0  cw32f030_iwdt.o ABSOLUTE
    Libraries\src\cw32f030_lvd.c             0x00000000   Number         0  cw32f030_lvd.o ABSOLUTE
    Libraries\src\cw32f030_pwr.c             0x00000000   Number         0  cw32f030_pwr.o ABSOLUTE
    Libraries\src\cw32f030_ram.c             0x00000000   Number         0  cw32f030_ram.o ABSOLUTE
    Libraries\src\cw32f030_rcc.c             0x00000000   Number         0  cw32f030_rcc.o ABSOLUTE
    Libraries\src\cw32f030_rtc.c             0x00000000   Number         0  cw32f030_rtc.o ABSOLUTE
    Libraries\src\cw32f030_spi.c             0x00000000   Number         0  cw32f030_spi.o ABSOLUTE
    Libraries\src\cw32f030_systick.c         0x00000000   Number         0  cw32f030_systick.o ABSOLUTE
    Libraries\src\cw32f030_uart.c            0x00000000   Number         0  cw32f030_uart.o ABSOLUTE
    Libraries\src\cw32f030_vc.c              0x00000000   Number         0  cw32f030_vc.o ABSOLUTE
    Libraries\src\cw32f030_wwdt.c            0x00000000   Number         0  cw32f030_wwdt.o ABSOLUTE
    Libraries\src\system_cw32f030.c          0x00000000   Number         0  system_cw32f030.o ABSOLUTE
    User\SYS\sys_init.c                      0x00000000   Number         0  sys_init.o ABSOLUTE
    User\\SYS\\sys_init.c                    0x00000000   Number         0  sys_init.o ABSOLUTE
    User\\interrupts_cw32f030.c              0x00000000   Number         0  interrupts_cw32f030.o ABSOLUTE
    User\\main.c                             0x00000000   Number         0  main.o ABSOLUTE
    User\interrupts_cw32f030.c               0x00000000   Number         0  interrupts_cw32f030.o ABSOLUTE
    User\main.c                              0x00000000   Number         0  main.o ABSOLUTE
    User\startup_cw32f030.s                  0x00000000   Number         0  startup_cw32f030.o ABSOLUTE
    cdcmple.s                                0x00000000   Number         0  cdcmple.o ABSOLUTE
    cdrcmple.s                               0x00000000   Number         0  cdrcmple.o ABSOLUTE
    dc.s                                     0x00000000   Number         0  dc.o ABSOLUTE
    handlers.s                               0x00000000   Number         0  handlers.o ABSOLUTE
    init.s                                   0x00000000   Number         0  init.o ABSOLUTE
    .ARM.Collect$$$$00000000                 0x000000c0   Section        0  entry.o(.ARM.Collect$$$$00000000)
    .ARM.Collect$$$$00000001                 0x000000c0   Section        4  entry2.o(.ARM.Collect$$$$00000001)
    .ARM.Collect$$$$00000004                 0x000000c4   Section        4  entry5.o(.ARM.Collect$$$$00000004)
    .ARM.Collect$$$$00000008                 0x000000c8   Section        0  entry7b.o(.ARM.Collect$$$$00000008)
    .ARM.Collect$$$$0000000A                 0x000000c8   Section        0  entry8b.o(.ARM.Collect$$$$0000000A)
    .ARM.Collect$$$$0000000B                 0x000000c8   Section        8  entry9a.o(.ARM.Collect$$$$0000000B)
    .ARM.Collect$$$$0000000D                 0x000000d0   Section        0  entry10a.o(.ARM.Collect$$$$0000000D)
    .ARM.Collect$$$$0000000F                 0x000000d0   Section        0  entry11a.o(.ARM.Collect$$$$0000000F)
    .ARM.Collect$$$$00002712                 0x000000d0   Section        4  entry2.o(.ARM.Collect$$$$00002712)
    __lit__00000000                          0x000000d0   Data           4  entry2.o(.ARM.Collect$$$$00002712)
    .text                                    0x000000d4   Section       28  startup_cw32f030.o(.text)
    .text                                    0x000000f0   Section        0  uidiv.o(.text)
    .text                                    0x0000011c   Section        0  ldiv.o(.text)
    .text                                    0x00000168   Section        0  memcpya.o(.text)
    .text                                    0x0000018c   Section        0  memseta.o(.text)
    .text                                    0x000001b0   Section        0  fadd.o(.text)
    .text                                    0x00000262   Section        0  fmul.o(.text)
    .text                                    0x000002dc   Section        0  fdiv.o(.text)
    .text                                    0x00000358   Section        0  dadd.o(.text)
    .text                                    0x000004bc   Section        0  ffltui.o(.text)
    .text                                    0x000004cc   Section        0  dflti.o(.text)
    .text                                    0x000004f4   Section        0  dfltui.o(.text)
    .text                                    0x00000510   Section        0  ffixui.o(.text)
    .text                                    0x00000538   Section        0  dfixui.o(.text)
    .text                                    0x00000574   Section        0  f2d.o(.text)
    .text                                    0x0000059c   Section       40  cdcmple.o(.text)
    .text                                    0x000005c4   Section       40  cdrcmple.o(.text)
    .text                                    0x000005ec   Section        0  uldiv.o(.text)
    .text                                    0x0000064c   Section        0  llshl.o(.text)
    .text                                    0x0000066c   Section        0  llushr.o(.text)
    .text                                    0x0000068e   Section        0  llsshr.o(.text)
    .text                                    0x000006b4   Section        0  fepilogue.o(.text)
    .text                                    0x000006b4   Section        0  iusefp.o(.text)
    .text                                    0x00000736   Section        0  depilogue.o(.text)
    .text                                    0x000007f4   Section       36  init.o(.text)
    .text                                    0x00000818   Section        0  __dclz77c.o(.text)
    RAMCODE                                  0x00000878   Section        0  cw32f030_btim.o(RAMCODE)
    i.ADC_Configuration                      0x00000880   Section        0  adc.o(i.ADC_Configuration)
    i.ADC_Enable                             0x00000a54   Section        0  cw32f030_adc.o(i.ADC_Enable)
    i.ADC_GetITStatus                        0x00000a74   Section        0  cw32f030_adc.o(i.ADC_GetITStatus)
    i.ADC_IRQHandler                         0x00000a8c   Section        0  interrupts_cw32f030.o(i.ADC_IRQHandler)
    i.ADC_Init                               0x00000a90   Section        0  cw32f030_adc.o(i.ADC_Init)
    i.APP_config                             0x00000b18   Section        0  app.o(i.APP_config)
    i.ATIM_ClearITPendingBit                 0x00000b80   Section        0  cw32f030_atim.o(i.ATIM_ClearITPendingBit)
    i.ATIM_Cmd                               0x00000b8c   Section        0  cw32f030_atim.o(i.ATIM_Cmd)
    i.ATIM_Configuration                     0x00000ba4   Section        0  atim.o(i.ATIM_Configuration)
    i.ATIM_CtrlPWMOutputs                    0x00000d28   Section        0  cw32f030_atim.o(i.ATIM_CtrlPWMOutputs)
    i.ATIM_GetITStatus                       0x00000d48   Section        0  cw32f030_atim.o(i.ATIM_GetITStatus)
    i.ATIM_IRQHandler                        0x00000d60   Section        0  atim.o(i.ATIM_IRQHandler)
    i.ATIM_Init                              0x00000d78   Section        0  cw32f030_atim.o(i.ATIM_Init)
    i.ATIM_OC1AInit                          0x00000de0   Section        0  cw32f030_atim.o(i.ATIM_OC1AInit)
    i.ATIM_OC2AInit                          0x00000e54   Section        0  cw32f030_atim.o(i.ATIM_OC2AInit)
    i.ATIM_OC3AInit                          0x00000ecc   Section        0  cw32f030_atim.o(i.ATIM_OC3AInit)
    i.ATIM_OC4Init                           0x00000f44   Section        0  cw32f030_atim.o(i.ATIM_OC4Init)
    i.ATIM_PWMOutputConfig                   0x00000f84   Section        0  cw32f030_atim.o(i.ATIM_PWMOutputConfig)
    i.ATIM_SetCompare1A                      0x00000fd0   Section        0  cw32f030_atim.o(i.ATIM_SetCompare1A)
    i.ATIM_SetCompare2A                      0x00000fdc   Section        0  cw32f030_atim.o(i.ATIM_SetCompare2A)
    i.ATIM_SetCompare3A                      0x00000fe8   Section        0  cw32f030_atim.o(i.ATIM_SetCompare3A)
    i.ATIM_SetCompare4                       0x00000ff4   Section        0  cw32f030_atim.o(i.ATIM_SetCompare4)
    i.AWT_IRQHandler                         0x00001000   Section        0  interrupts_cw32f030.o(i.AWT_IRQHandler)
    i.BTIM1_Configuration                    0x00001004   Section        0  btim.o(i.BTIM1_Configuration)
    i.BTIM1_IRQHandler                       0x0000106c   Section        0  btim.o(i.BTIM1_IRQHandler)
    i.BTIM2_IRQHandler                       0x000010a4   Section        0  interrupts_cw32f030.o(i.BTIM2_IRQHandler)
    i.BTIM3_IRQHandler                       0x000010a6   Section        0  interrupts_cw32f030.o(i.BTIM3_IRQHandler)
    i.BTIM_Cmd                               0x000010a8   Section        0  cw32f030_btim.o(i.BTIM_Cmd)
    i.BTIM_GetITStatus                       0x000010c0   Section        0  cw32f030_btim.o(i.BTIM_GetITStatus)
    i.BTIM_ITConfig                          0x000010d2   Section        0  cw32f030_btim.o(i.BTIM_ITConfig)
    i.BTIM_TimeBaseInit                      0x000010e8   Section        0  cw32f030_btim.o(i.BTIM_TimeBaseInit)
    i.Buzzer_Init                            0x00001108   Section        0  buzzer.o(i.Buzzer_Init)
    i.Calculate_PWM_duty                     0x00001144   Section        0  encoder.o(i.Calculate_PWM_duty)
    i.Commutation                            0x00001244   Section        0  motor.o(i.Commutation)
    i.DMACH1_IRQHandler                      0x00001334   Section        0  interrupts_cw32f030.o(i.DMACH1_IRQHandler)
    i.DMACH1_IRQHandlerCallBack              0x0000134c   Section        0  adc.o(i.DMACH1_IRQHandlerCallBack)
    i.DMACH23_IRQHandler                     0x000013f8   Section        0  interrupts_cw32f030.o(i.DMACH23_IRQHandler)
    i.DMACH45_IRQHandler                     0x00001410   Section        0  interrupts_cw32f030.o(i.DMACH45_IRQHandler)
    i.DMA_ClearITPendingBit                  0x00001414   Section        0  cw32f030_dma.o(i.DMA_ClearITPendingBit)
    i.DMA_Cmd                                0x00001424   Section        0  cw32f030_dma.o(i.DMA_Cmd)
    i.DMA_GetITStatus                        0x0000143c   Section        0  cw32f030_dma.o(i.DMA_GetITStatus)
    i.DMA_ITConfig                           0x00001454   Section        0  cw32f030_dma.o(i.DMA_ITConfig)
    i.DMA_Init                               0x00001468   Section        0  cw32f030_dma.o(i.DMA_Init)
    i.Encoder_Init                           0x000014a4   Section        0  encoder.o(i.Encoder_Init)
    i.FAULT_IRQHandler                       0x000014ec   Section        0  interrupts_cw32f030.o(i.FAULT_IRQHandler)
    i.FLASHRAM_IRQHandler                    0x000014ee   Section        0  interrupts_cw32f030.o(i.FLASHRAM_IRQHandler)
    i.FLASH_SetLatency                       0x000014f0   Section        0  cw32f030_flash.o(i.FLASH_SetLatency)
    i.GFP_abs                                0x00001528   Section        0  encoder.o(i.GFP_abs)
    i.GPIOA_IRQHandler                       0x00001538   Section        0  interrupts_cw32f030.o(i.GPIOA_IRQHandler)
    i.GPIOB_IRQHandler                       0x0000153c   Section        0  encoder.o(i.GPIOB_IRQHandler)
    i.GPIOC_IRQHandler                       0x00001660   Section        0  interrupts_cw32f030.o(i.GPIOC_IRQHandler)
    i.GPIOF_IRQHandler                       0x00001662   Section        0  interrupts_cw32f030.o(i.GPIOF_IRQHandler)
    i.GPIO_Init                              0x00001664   Section        0  cw32f030_gpio.o(i.GPIO_Init)
    i.GTIM1_Configuration                    0x00001764   Section        0  encoder.o(i.GTIM1_Configuration)
    i.GTIM1_IRQHandler                       0x00001824   Section        0  encoder.o(i.GTIM1_IRQHandler)
    i.GTIM2_Configuration                    0x00001844   Section        0  gtim.o(i.GTIM2_Configuration)
    i.GTIM2_IRQHandler                       0x00001974   Section        0  gtim.o(i.GTIM2_IRQHandler)
    i.GTIM3_IRQHandler                       0x00001a0c   Section        0  interrupts_cw32f030.o(i.GTIM3_IRQHandler)
    i.GTIM4_IRQHandler                       0x00001a0e   Section        0  interrupts_cw32f030.o(i.GTIM4_IRQHandler)
    i.GTIM_ClearITPendingBit                 0x00001a10   Section        0  cw32f030_gtim.o(i.GTIM_ClearITPendingBit)
    i.GTIM_Cmd                               0x00001a1c   Section        0  cw32f030_gtim.o(i.GTIM_Cmd)
    i.GTIM_EncodeInit                        0x00001a38   Section        0  cw32f030_gtim.o(i.GTIM_EncodeInit)
    i.GTIM_GetITStatus                       0x00001a96   Section        0  cw32f030_gtim.o(i.GTIM_GetITStatus)
    i.GTIM_ICInit                            0x00001aae   Section        0  cw32f030_gtim.o(i.GTIM_ICInit)
    i.GTIM_ITConfig                          0x00001af6   Section        0  cw32f030_gtim.o(i.GTIM_ITConfig)
    i.GTIM_Reed_CNT_Value                    0x00001b24   Section        0  encoder.o(i.GTIM_Reed_CNT_Value)
    i.GTIM_SetCounterValue                   0x00001b30   Section        0  cw32f030_gtim.o(i.GTIM_SetCounterValue)
    i.GTIM_TimeBaseInit                      0x00001b3c   Section        0  cw32f030_gtim.o(i.GTIM_TimeBaseInit)
    i.HALL_Check                             0x00001b7c   Section        0  motor.o(i.HALL_Check)
    i.HALL_Motor_Start                       0x00001bec   Section        0  motor.o(i.HALL_Motor_Start)
    i.HardFault_Handler                      0x00001c2c   Section        0  interrupts_cw32f030.o(i.HardFault_Handler)
    i.I2C1_DeInit                            0x00001c30   Section        0  cw32f030_i2c.o(i.I2C1_DeInit)
    i.I2C1_IRQHandler                        0x00001c5c   Section        0  interrupts_cw32f030.o(i.I2C1_IRQHandler)
    i.I2C2_IRQHandler                        0x00001c5e   Section        0  interrupts_cw32f030.o(i.I2C2_IRQHandler)
    i.I2C_AcknowledgeConfig                  0x00001c60   Section        0  cw32f030_i2c.o(i.I2C_AcknowledgeConfig)
    i.I2C_BaudGeneratorEnable                0x00001c7a   Section        0  cw32f030_i2c.o(i.I2C_BaudGeneratorEnable)
    i.I2C_ClearIrq                           0x00001c94   Section        0  cw32f030_i2c.o(i.I2C_ClearIrq)
    i.I2C_Cmd                                0x00001c9e   Section        0  cw32f030_i2c.o(i.I2C_Cmd)
    i.I2C_FilterConfig                       0x00001cb8   Section        0  cw32f030_i2c.o(i.I2C_FilterConfig)
    i.I2C_GenerateSTART                      0x00001cd2   Section        0  cw32f030_i2c.o(i.I2C_GenerateSTART)
    i.I2C_GenerateSTOP                       0x00001d1a   Section        0  cw32f030_i2c.o(i.I2C_GenerateSTOP)
    i.I2C_GetIrq                             0x00001d34   Section        0  cw32f030_i2c.o(i.I2C_GetIrq)
    i.I2C_GetState                           0x00001d40   Section        0  cw32f030_i2c.o(i.I2C_GetState)
    i.I2C_MasterWriteByte                    0x00001d48   Section        0  oled_iic.o(i.I2C_MasterWriteByte)
    i.I2C_Master_Init                        0x00001dfa   Section        0  cw32f030_i2c.o(i.I2C_Master_Init)
    i.I2C_Send7bitAddress                    0x00001e30   Section        0  cw32f030_i2c.o(i.I2C_Send7bitAddress)
    i.I2C_SendData                           0x00001e42   Section        0  cw32f030_i2c.o(i.I2C_SendData)
    i.I2C_SetBaud                            0x00001e46   Section        0  cw32f030_i2c.o(i.I2C_SetBaud)
    i.IWDT_Cmd                               0x00001e4c   Section        0  cw32f030_iwdt.o(i.IWDT_Cmd)
    i.IWDT_Configuration                     0x00001e5c   Section        0  iwdt.o(i.IWDT_Configuration)
    i.IWDT_Init                              0x00001eb0   Section        0  cw32f030_iwdt.o(i.IWDT_Init)
    i.IWDT_Refresh                           0x00001f14   Section        0  cw32f030_iwdt.o(i.IWDT_Refresh)
    i.KEY_Handle                             0x00001f24   Section        0  key.o(i.KEY_Handle)
    i.KEY_Init                               0x00001f88   Section        0  key.o(i.KEY_Init)
    i.LED_Init                               0x00001fc0   Section        0  led.o(i.LED_Init)
    i.LVD_IRQHandler                         0x00002004   Section        0  interrupts_cw32f030.o(i.LVD_IRQHandler)
    i.NMI_Handler                            0x00002006   Section        0  interrupts_cw32f030.o(i.NMI_Handler)
    i.OLED_Clear                             0x00002008   Section        0  oled_iic.o(i.OLED_Clear)
    i.OLED_ClearPoint                        0x00002038   Section        0  oled_iic.o(i.OLED_ClearPoint)
    i.OLED_Display_On                        0x00002094   Section        0  oled_iic.o(i.OLED_Display_On)
    i.OLED_DrawPoint                         0x000020ac   Section        0  oled_iic.o(i.OLED_DrawPoint)
    i.OLED_I2C_Init                          0x000020e8   Section        0  oled_iic.o(i.OLED_I2C_Init)
    i.OLED_Init                              0x00002178   Section        0  oled_iic.o(i.OLED_Init)
    i.OLED_Play_1                            0x0000222c   Section        0  oled_iic.o(i.OLED_Play_1)
    i.OLED_Pow                               0x0000227c   Section        0  oled_iic.o(i.OLED_Pow)
    i.OLED_Refresh                           0x00002298   Section        0  oled_iic.o(i.OLED_Refresh)
    i.OLED_ShowChar                          0x000022dc   Section        0  oled_iic.o(i.OLED_ShowChar)
    i.OLED_ShowNum                           0x000023c0   Section        0  oled_iic.o(i.OLED_ShowNum)
    i.OLED_ShowString                        0x0000243c   Section        0  oled_iic.o(i.OLED_ShowString)
    i.PendSV_Handler                         0x0000247e   Section        0  interrupts_cw32f030.o(i.PendSV_Handler)
    i.RCC_AHBPeriphClk_Enable                0x00002480   Section        0  cw32f030_rcc.o(i.RCC_AHBPeriphClk_Enable)
    i.RCC_APBPeriphClk_Enable2               0x000024a0   Section        0  cw32f030_rcc.o(i.RCC_APBPeriphClk_Enable2)
    i.RCC_Configuration                      0x000024c0   Section        0  sys_init.o(i.RCC_Configuration)
    i.RCC_HCLKPRS_Config                     0x0000251c   Section        0  cw32f030_rcc.o(i.RCC_HCLKPRS_Config)
    i.RCC_HSE_Enable                         0x0000253c   Section        0  cw32f030_rcc.o(i.RCC_HSE_Enable)
    i.RCC_HSI_Disable                        0x00002608   Section        0  cw32f030_rcc.o(i.RCC_HSI_Disable)
    i.RCC_IRQHandler                         0x00002624   Section        0  interrupts_cw32f030.o(i.RCC_IRQHandler)
    i.RCC_PCLKPRS_Config                     0x00002628   Section        0  cw32f030_rcc.o(i.RCC_PCLKPRS_Config)
    i.RCC_PLL_Enable                         0x00002648   Section        0  cw32f030_rcc.o(i.RCC_PLL_Enable)
    i.RCC_SysClk_Switch                      0x000026fc   Section        0  cw32f030_rcc.o(i.RCC_SysClk_Switch)
    i.RCC_Sysctrl_GetHClkFreq                0x0000273c   Section        0  cw32f030_rcc.o(i.RCC_Sysctrl_GetHClkFreq)
    i.RCC_SystemCoreClockUpdate              0x00002814   Section        0  cw32f030_rcc.o(i.RCC_SystemCoreClockUpdate)
    i.RTC_IRQHandler                         0x00002820   Section        0  interrupts_cw32f030.o(i.RTC_IRQHandler)
    i.SPI1_IRQHandler                        0x00002822   Section        0  interrupts_cw32f030.o(i.SPI1_IRQHandler)
    i.SPI2_IRQHandler                        0x00002824   Section        0  interrupts_cw32f030.o(i.SPI2_IRQHandler)
    i.SVC_Handler                            0x00002826   Section        0  interrupts_cw32f030.o(i.SVC_Handler)
    i.SYS_Init                               0x00002828   Section        0  sys_init.o(i.SYS_Init)
    i.Speed_Count                            0x0000283c   Section        0  gtim.o(i.Speed_Count)
    i.SysTick_Handler                        0x00002864   Section        0  cw32f030_systick.o(i.SysTick_Handler)
    i.SystemCoreClockUpdate                  0x0000287c   Section        0  system_cw32f030.o(i.SystemCoreClockUpdate)
    i.SystemInit                             0x0000288c   Section        0  system_cw32f030.o(i.SystemInit)
    i.Task_Marks_Handler_Callback            0x000028c8   Section        0  task.o(i.Task_Marks_Handler_Callback)
    i.Task_Pro_Handler_Callback              0x0000292c   Section        0  task.o(i.Task_Pro_Handler_Callback)
    i.TasksHandle_100MS                      0x00002968   Section        0  app.o(i.TasksHandle_100MS)
    i.TasksHandle_10MS                       0x00002aa0   Section        0  app.o(i.TasksHandle_10MS)
    i.TasksHandle_250MS                      0x00002aa8   Section        0  app.o(i.TasksHandle_250MS)
    i.TasksHandle_500MS                      0x00002abc   Section        0  app.o(i.TasksHandle_500MS)
    i.UART1_IRQHandleCallback                0x00002b00   Section        0  uart.o(i.UART1_IRQHandleCallback)
    i.UART1_IRQHandler                       0x00002b2c   Section        0  interrupts_cw32f030.o(i.UART1_IRQHandler)
    i.UART2_IRQHandler                       0x00002b34   Section        0  interrupts_cw32f030.o(i.UART2_IRQHandler)
    i.UART3_IRQHandler                       0x00002b36   Section        0  interrupts_cw32f030.o(i.UART3_IRQHandler)
    i.UART_Configuration                     0x00002b38   Section        0  uart.o(i.UART_Configuration)
    i.USART_ClearITPendingBit                0x00002c08   Section        0  cw32f030_uart.o(i.USART_ClearITPendingBit)
    i.USART_GetITStatus                      0x00002c10   Section        0  cw32f030_uart.o(i.USART_GetITStatus)
    i.USART_ITConfig                         0x00002c22   Section        0  cw32f030_uart.o(i.USART_ITConfig)
    i.USART_Init                             0x00002c3c   Section        0  cw32f030_uart.o(i.USART_Init)
    i.USART_ReceiveData_8bit                 0x00002db0   Section        0  cw32f030_uart.o(i.USART_ReceiveData_8bit)
    i.USART_SendData_8bit                    0x00002db8   Section        0  cw32f030_uart.o(i.USART_SendData_8bit)
    i.VC1_IRQHandler                         0x00002dbc   Section        0  interrupts_cw32f030.o(i.VC1_IRQHandler)
    i.VC2_IRQHandler                         0x00002dbe   Section        0  interrupts_cw32f030.o(i.VC2_IRQHandler)
    i.WDT_IRQHandler                         0x00002dc0   Section        0  interrupts_cw32f030.o(i.WDT_IRQHandler)
    i.WriteCmd                               0x00002dc4   Section        0  oled_iic.o(i.WriteCmd)
    i.WriteDat                               0x00002dd8   Section        0  oled_iic.o(i.WriteDat)
    i.__ARM_clz                              0x00002dec   Section        0  depilogue.o(i.__ARM_clz)
    i.__ARM_common_switch8                   0x00002e1a   Section        0  cw32f030_i2c.o(i.__ARM_common_switch8)
    i.__NVIC_SetPriority                     0x00002e38   Section        0  uart.o(i.__NVIC_SetPriority)
    __NVIC_SetPriority                       0x00002e39   Thumb Code   110  uart.o(i.__NVIC_SetPriority)
    i.__NVIC_SetPriority                     0x00002eb0   Section        0  gtim.o(i.__NVIC_SetPriority)
    __NVIC_SetPriority                       0x00002eb1   Thumb Code   110  gtim.o(i.__NVIC_SetPriority)
    i.__NVIC_SetPriority                     0x00002f28   Section        0  encoder.o(i.__NVIC_SetPriority)
    __NVIC_SetPriority                       0x00002f29   Thumb Code   110  encoder.o(i.__NVIC_SetPriority)
    i.__scatterload_copy                     0x00002fa0   Section       14  handlers.o(i.__scatterload_copy)
    i.__scatterload_null                     0x00002fae   Section        2  handlers.o(i.__scatterload_null)
    i.__scatterload_zeroinit                 0x00002fb0   Section       14  handlers.o(i.__scatterload_zeroinit)
    i.delay1ms                               0x00002fc0   Section        0  system_cw32f030.o(i.delay1ms)
    i.main                                   0x00003018   Section        0  main.o(i.main)
    .constdata                               0x00003024   Section     6080  oled_iic.o(.constdata)
    .constdata                               0x000047e4   Section        6  motor.o(.constdata)
    .constdata                               0x000047ec   Section      100  cw32f030_rcc.o(.constdata)
    .data                                    0x20000000   Section     2050  app.o(.data)
    Buzzer_Time                              0x20000801   Data           1  app.o(.data)
    .data                                    0x20000804   Section       49  task.o(.data)
    Task_Comps                               0x20000804   Data          48  task.o(.data)
    .data                                    0x20000835   Section        2  key.o(.data)
    .data                                    0x20000838   Section       14  adc.o(.data)
    .data                                    0x20000846   Section        4  gtim.o(.data)
    .data                                    0x2000084a   Section        9  motor.o(.data)
    Hall_Err_Num                             0x20000852   Data           1  motor.o(.data)
    .data                                    0x20000854   Section       12  encoder.o(.data)
    .data                                    0x20000860   Section        9  cw32f030_systick.o(.data)
    .data                                    0x2000086c   Section        4  system_cw32f030.o(.data)
    .bss                                     0x20000870   Section     1152  oled_iic.o(.bss)
    STACK                                    0x20000cf0   Section      512  startup_cw32f030.o(STACK)

    Global Symbols

    Symbol Name                              Value     Ov Type        Size  Object(Section)

    BuildAttributes$$THM_ISAv3M$S$PE$A:L22$X:L11$S22$IEEE1$IW$USESV6$~STKCKD$USESV7$~SHL$OTIME$ROPI$EBA8$MICROLIB$REQ8$PRES8$EABIv2 0x00000000   Number         0  anon$$obj.o ABSOLUTE
    __ARM_use_no_argv                        0x00000000   Number         0  main.o ABSOLUTE
    __Vectors                                0x00000000   Data           0  startup_cw32f030.o(RESET)
    __cpp_initialize__aeabi_                  - Undefined Weak Reference
    __cxa_finalize                            - Undefined Weak Reference
    _clock_init                               - Undefined Weak Reference
    _microlib_exit                            - Undefined Weak Reference
    __Vectors_End                            0x000000c0   Data           0  startup_cw32f030.o(RESET)
    __Vectors_Size                           0x000000c0   Number         0  startup_cw32f030.o ABSOLUTE
    __main                                   0x000000c1   Thumb Code     0  entry.o(.ARM.Collect$$$$00000000)
    _main_stk                                0x000000c1   Thumb Code     0  entry2.o(.ARM.Collect$$$$00000001)
    _main_scatterload                        0x000000c5   Thumb Code     0  entry5.o(.ARM.Collect$$$$00000004)
    __main_after_scatterload                 0x000000c9   Thumb Code     0  entry5.o(.ARM.Collect$$$$00000004)
    _main_clock                              0x000000c9   Thumb Code     0  entry7b.o(.ARM.Collect$$$$00000008)
    _main_cpp_init                           0x000000c9   Thumb Code     0  entry8b.o(.ARM.Collect$$$$0000000A)
    _main_init                               0x000000c9   Thumb Code     0  entry9a.o(.ARM.Collect$$$$0000000B)
    __rt_final_cpp                           0x000000d1   Thumb Code     0  entry10a.o(.ARM.Collect$$$$0000000D)
    __rt_final_exit                          0x000000d1   Thumb Code     0  entry11a.o(.ARM.Collect$$$$0000000F)
    Reset_Handler                            0x000000d5   Thumb Code     8  startup_cw32f030.o(.text)
    __aeabi_uidiv                            0x000000f1   Thumb Code     0  uidiv.o(.text)
    __aeabi_uidivmod                         0x000000f1   Thumb Code    44  uidiv.o(.text)
    __aeabi_ldivmod                          0x0000011d   Thumb Code    76  ldiv.o(.text)
    __aeabi_memcpy                           0x00000169   Thumb Code    36  memcpya.o(.text)
    __aeabi_memcpy4                          0x00000169   Thumb Code     0  memcpya.o(.text)
    __aeabi_memcpy8                          0x00000169   Thumb Code     0  memcpya.o(.text)
    __aeabi_memset                           0x0000018d   Thumb Code    14  memseta.o(.text)
    __aeabi_memset4                          0x0000018d   Thumb Code     0  memseta.o(.text)
    __aeabi_memset8                          0x0000018d   Thumb Code     0  memseta.o(.text)
    __aeabi_memclr                           0x0000019b   Thumb Code     4  memseta.o(.text)
    __aeabi_memclr4                          0x0000019b   Thumb Code     0  memseta.o(.text)
    __aeabi_memclr8                          0x0000019b   Thumb Code     0  memseta.o(.text)
    _memset$wrapper                          0x0000019f   Thumb Code    18  memseta.o(.text)
    __aeabi_fadd                             0x000001b1   Thumb Code   162  fadd.o(.text)
    __aeabi_fsub                             0x00000253   Thumb Code     8  fadd.o(.text)
    __aeabi_frsub                            0x0000025b   Thumb Code     8  fadd.o(.text)
    __aeabi_fmul                             0x00000263   Thumb Code   122  fmul.o(.text)
    __aeabi_fdiv                             0x000002dd   Thumb Code   124  fdiv.o(.text)
    __aeabi_dadd                             0x00000359   Thumb Code   328  dadd.o(.text)
    __aeabi_dsub                             0x000004a1   Thumb Code    12  dadd.o(.text)
    __aeabi_drsub                            0x000004ad   Thumb Code    12  dadd.o(.text)
    __aeabi_ui2f                             0x000004bd   Thumb Code    14  ffltui.o(.text)
    __aeabi_i2d                              0x000004cd   Thumb Code    34  dflti.o(.text)
    __aeabi_ui2d                             0x000004f5   Thumb Code    24  dfltui.o(.text)
    __aeabi_f2uiz                            0x00000511   Thumb Code    40  ffixui.o(.text)
    __aeabi_d2uiz                            0x00000539   Thumb Code    50  dfixui.o(.text)
    __aeabi_f2d                              0x00000575   Thumb Code    40  f2d.o(.text)
    __aeabi_cdcmpeq                          0x0000059d   Thumb Code     0  cdcmple.o(.text)
    __aeabi_cdcmple                          0x0000059d   Thumb Code    38  cdcmple.o(.text)
    __aeabi_cdrcmple                         0x000005c5   Thumb Code    38  cdrcmple.o(.text)
    __aeabi_uldivmod                         0x000005ed   Thumb Code    96  uldiv.o(.text)
    __aeabi_llsl                             0x0000064d   Thumb Code    32  llshl.o(.text)
    _ll_shift_l                              0x0000064d   Thumb Code     0  llshl.o(.text)
    __aeabi_llsr                             0x0000066d   Thumb Code    34  llushr.o(.text)
    _ll_ushift_r                             0x0000066d   Thumb Code     0  llushr.o(.text)
    __aeabi_lasr                             0x0000068f   Thumb Code    38  llsshr.o(.text)
    _ll_sshift_r                             0x0000068f   Thumb Code     0  llsshr.o(.text)
    __I$use$fp                               0x000006b5   Thumb Code     0  iusefp.o(.text)
    _float_round                             0x000006b5   Thumb Code    16  fepilogue.o(.text)
    _float_epilogue                          0x000006c5   Thumb Code   114  fepilogue.o(.text)
    _double_round                            0x00000737   Thumb Code    26  depilogue.o(.text)
    _double_epilogue                         0x00000751   Thumb Code   164  depilogue.o(.text)
    __scatterload                            0x000007f5   Thumb Code    28  init.o(.text)
    __scatterload_rt2                        0x000007f5   Thumb Code     0  init.o(.text)
    __decompress                             0x00000819   Thumb Code     0  __dclz77c.o(.text)
    __decompress2                            0x00000819   Thumb Code    96  __dclz77c.o(.text)
    BTIM_ClearITPendingBit                   0x00000879   Thumb Code     8  cw32f030_btim.o(RAMCODE)
    ADC_Configuration                        0x00000881   Thumb Code   440  adc.o(i.ADC_Configuration)
    ADC_Enable                               0x00000a55   Thumb Code    28  cw32f030_adc.o(i.ADC_Enable)
    ADC_GetITStatus                          0x00000a75   Thumb Code    20  cw32f030_adc.o(i.ADC_GetITStatus)
    ADC_IRQHandler                           0x00000a8d   Thumb Code     2  interrupts_cw32f030.o(i.ADC_IRQHandler)
    ADC_Init                                 0x00000a91   Thumb Code   118  cw32f030_adc.o(i.ADC_Init)
    APP_config                               0x00000b19   Thumb Code    98  app.o(i.APP_config)
    ATIM_ClearITPendingBit                   0x00000b81   Thumb Code     8  cw32f030_atim.o(i.ATIM_ClearITPendingBit)
    ATIM_Cmd                                 0x00000b8d   Thumb Code    20  cw32f030_atim.o(i.ATIM_Cmd)
    ATIM_Configuration                       0x00000ba5   Thumb Code   358  atim.o(i.ATIM_Configuration)
    ATIM_CtrlPWMOutputs                      0x00000d29   Thumb Code    26  cw32f030_atim.o(i.ATIM_CtrlPWMOutputs)
    ATIM_GetITStatus                         0x00000d49   Thumb Code    20  cw32f030_atim.o(i.ATIM_GetITStatus)
    ATIM_IRQHandler                          0x00000d61   Thumb Code    24  atim.o(i.ATIM_IRQHandler)
    ATIM_Init                                0x00000d79   Thumb Code    94  cw32f030_atim.o(i.ATIM_Init)
    ATIM_OC1AInit                            0x00000de1   Thumb Code   110  cw32f030_atim.o(i.ATIM_OC1AInit)
    ATIM_OC2AInit                            0x00000e55   Thumb Code   114  cw32f030_atim.o(i.ATIM_OC2AInit)
    ATIM_OC3AInit                            0x00000ecd   Thumb Code   114  cw32f030_atim.o(i.ATIM_OC3AInit)
    ATIM_OC4Init                             0x00000f45   Thumb Code    60  cw32f030_atim.o(i.ATIM_OC4Init)
    ATIM_PWMOutputConfig                     0x00000f85   Thumb Code    72  cw32f030_atim.o(i.ATIM_PWMOutputConfig)
    ATIM_SetCompare1A                        0x00000fd1   Thumb Code     6  cw32f030_atim.o(i.ATIM_SetCompare1A)
    ATIM_SetCompare2A                        0x00000fdd   Thumb Code     6  cw32f030_atim.o(i.ATIM_SetCompare2A)
    ATIM_SetCompare3A                        0x00000fe9   Thumb Code     6  cw32f030_atim.o(i.ATIM_SetCompare3A)
    ATIM_SetCompare4                         0x00000ff5   Thumb Code     6  cw32f030_atim.o(i.ATIM_SetCompare4)
    AWT_IRQHandler                           0x00001001   Thumb Code     2  interrupts_cw32f030.o(i.AWT_IRQHandler)
    BTIM1_Configuration                      0x00001005   Thumb Code    86  btim.o(i.BTIM1_Configuration)
    BTIM1_IRQHandler                         0x0000106d   Thumb Code    46  btim.o(i.BTIM1_IRQHandler)
    BTIM2_IRQHandler                         0x000010a5   Thumb Code     2  interrupts_cw32f030.o(i.BTIM2_IRQHandler)
    BTIM3_IRQHandler                         0x000010a7   Thumb Code     2  interrupts_cw32f030.o(i.BTIM3_IRQHandler)
    BTIM_Cmd                                 0x000010a9   Thumb Code    24  cw32f030_btim.o(i.BTIM_Cmd)
    BTIM_GetITStatus                         0x000010c1   Thumb Code    18  cw32f030_btim.o(i.BTIM_GetITStatus)
    BTIM_ITConfig                            0x000010d3   Thumb Code    20  cw32f030_btim.o(i.BTIM_ITConfig)
    BTIM_TimeBaseInit                        0x000010e9   Thumb Code    28  cw32f030_btim.o(i.BTIM_TimeBaseInit)
    Buzzer_Init                              0x00001109   Thumb Code    48  buzzer.o(i.Buzzer_Init)
    Calculate_PWM_duty                       0x00001145   Thumb Code   236  encoder.o(i.Calculate_PWM_duty)
    Commutation                              0x00001245   Thumb Code   234  motor.o(i.Commutation)
    DMACH1_IRQHandler                        0x00001335   Thumb Code    24  interrupts_cw32f030.o(i.DMACH1_IRQHandler)
    DMACH1_IRQHandlerCallBack                0x0000134d   Thumb Code   144  adc.o(i.DMACH1_IRQHandlerCallBack)
    DMACH23_IRQHandler                       0x000013f9   Thumb Code    24  interrupts_cw32f030.o(i.DMACH23_IRQHandler)
    DMACH45_IRQHandler                       0x00001411   Thumb Code     2  interrupts_cw32f030.o(i.DMACH45_IRQHandler)
    DMA_ClearITPendingBit                    0x00001415   Thumb Code    12  cw32f030_dma.o(i.DMA_ClearITPendingBit)
    DMA_Cmd                                  0x00001425   Thumb Code    24  cw32f030_dma.o(i.DMA_Cmd)
    DMA_GetITStatus                          0x0000143d   Thumb Code    20  cw32f030_dma.o(i.DMA_GetITStatus)
    DMA_ITConfig                             0x00001455   Thumb Code    20  cw32f030_dma.o(i.DMA_ITConfig)
    DMA_Init                                 0x00001469   Thumb Code    60  cw32f030_dma.o(i.DMA_Init)
    Encoder_Init                             0x000014a5   Thumb Code    60  encoder.o(i.Encoder_Init)
    FAULT_IRQHandler                         0x000014ed   Thumb Code     2  interrupts_cw32f030.o(i.FAULT_IRQHandler)
    FLASHRAM_IRQHandler                      0x000014ef   Thumb Code     2  interrupts_cw32f030.o(i.FLASHRAM_IRQHandler)
    FLASH_SetLatency                         0x000014f1   Thumb Code    42  cw32f030_flash.o(i.FLASH_SetLatency)
    GFP_abs                                  0x00001529   Thumb Code    16  encoder.o(i.GFP_abs)
    GPIOA_IRQHandler                         0x00001539   Thumb Code     2  interrupts_cw32f030.o(i.GPIOA_IRQHandler)
    GPIOB_IRQHandler                         0x0000153d   Thumb Code   268  encoder.o(i.GPIOB_IRQHandler)
    GPIOC_IRQHandler                         0x00001661   Thumb Code     2  interrupts_cw32f030.o(i.GPIOC_IRQHandler)
    GPIOF_IRQHandler                         0x00001663   Thumb Code     2  interrupts_cw32f030.o(i.GPIOF_IRQHandler)
    GPIO_Init                                0x00001665   Thumb Code   252  cw32f030_gpio.o(i.GPIO_Init)
    GTIM1_Configuration                      0x00001765   Thumb Code   172  encoder.o(i.GTIM1_Configuration)
    GTIM1_IRQHandler                         0x00001825   Thumb Code    28  encoder.o(i.GTIM1_IRQHandler)
    GTIM2_Configuration                      0x00001845   Thumb Code   278  gtim.o(i.GTIM2_Configuration)
    GTIM2_IRQHandler                         0x00001975   Thumb Code   122  gtim.o(i.GTIM2_IRQHandler)
    GTIM3_IRQHandler                         0x00001a0d   Thumb Code     2  interrupts_cw32f030.o(i.GTIM3_IRQHandler)
    GTIM4_IRQHandler                         0x00001a0f   Thumb Code     2  interrupts_cw32f030.o(i.GTIM4_IRQHandler)
    GTIM_ClearITPendingBit                   0x00001a11   Thumb Code    12  cw32f030_gtim.o(i.GTIM_ClearITPendingBit)
    GTIM_Cmd                                 0x00001a1d   Thumb Code    28  cw32f030_gtim.o(i.GTIM_Cmd)
    GTIM_EncodeInit                          0x00001a39   Thumb Code    94  cw32f030_gtim.o(i.GTIM_EncodeInit)
    GTIM_GetITStatus                         0x00001a97   Thumb Code    24  cw32f030_gtim.o(i.GTIM_GetITStatus)
    GTIM_ICInit                              0x00001aaf   Thumb Code    72  cw32f030_gtim.o(i.GTIM_ICInit)
    GTIM_ITConfig                            0x00001af7   Thumb Code    46  cw32f030_gtim.o(i.GTIM_ITConfig)
    GTIM_Reed_CNT_Value                      0x00001b25   Thumb Code    12  encoder.o(i.GTIM_Reed_CNT_Value)
    GTIM_SetCounterValue                     0x00001b31   Thumb Code    10  cw32f030_gtim.o(i.GTIM_SetCounterValue)
    GTIM_TimeBaseInit                        0x00001b3d   Thumb Code    60  cw32f030_gtim.o(i.GTIM_TimeBaseInit)
    HALL_Check                               0x00001b7d   Thumb Code    94  motor.o(i.HALL_Check)
    HALL_Motor_Start                         0x00001bed   Thumb Code    46  motor.o(i.HALL_Motor_Start)
    HardFault_Handler                        0x00001c2d   Thumb Code     4  interrupts_cw32f030.o(i.HardFault_Handler)
    I2C1_DeInit                              0x00001c31   Thumb Code    36  cw32f030_i2c.o(i.I2C1_DeInit)
    I2C1_IRQHandler                          0x00001c5d   Thumb Code     2  interrupts_cw32f030.o(i.I2C1_IRQHandler)
    I2C2_IRQHandler                          0x00001c5f   Thumb Code     2  interrupts_cw32f030.o(i.I2C2_IRQHandler)
    I2C_AcknowledgeConfig                    0x00001c61   Thumb Code    26  cw32f030_i2c.o(i.I2C_AcknowledgeConfig)
    I2C_BaudGeneratorEnable                  0x00001c7b   Thumb Code    26  cw32f030_i2c.o(i.I2C_BaudGeneratorEnable)
    I2C_ClearIrq                             0x00001c95   Thumb Code    10  cw32f030_i2c.o(i.I2C_ClearIrq)
    I2C_Cmd                                  0x00001c9f   Thumb Code    26  cw32f030_i2c.o(i.I2C_Cmd)
    I2C_FilterConfig                         0x00001cb9   Thumb Code    26  cw32f030_i2c.o(i.I2C_FilterConfig)
    I2C_GenerateSTART                        0x00001cd3   Thumb Code    72  cw32f030_i2c.o(i.I2C_GenerateSTART)
    I2C_GenerateSTOP                         0x00001d1b   Thumb Code    26  cw32f030_i2c.o(i.I2C_GenerateSTOP)
    I2C_GetIrq                               0x00001d35   Thumb Code    12  cw32f030_i2c.o(i.I2C_GetIrq)
    I2C_GetState                             0x00001d41   Thumb Code     8  cw32f030_i2c.o(i.I2C_GetState)
    I2C_MasterWriteByte                      0x00001d49   Thumb Code   178  oled_iic.o(i.I2C_MasterWriteByte)
    I2C_Master_Init                          0x00001dfb   Thumb Code    54  cw32f030_i2c.o(i.I2C_Master_Init)
    I2C_Send7bitAddress                      0x00001e31   Thumb Code    18  cw32f030_i2c.o(i.I2C_Send7bitAddress)
    I2C_SendData                             0x00001e43   Thumb Code     4  cw32f030_i2c.o(i.I2C_SendData)
    I2C_SetBaud                              0x00001e47   Thumb Code     4  cw32f030_i2c.o(i.I2C_SetBaud)
    IWDT_Cmd                                 0x00001e4d   Thumb Code     8  cw32f030_iwdt.o(i.IWDT_Cmd)
    IWDT_Configuration                       0x00001e5d   Thumb Code    72  iwdt.o(i.IWDT_Configuration)
    IWDT_Init                                0x00001eb1   Thumb Code    82  cw32f030_iwdt.o(i.IWDT_Init)
    IWDT_Refresh                             0x00001f15   Thumb Code     8  cw32f030_iwdt.o(i.IWDT_Refresh)
    KEY_Handle                               0x00001f25   Thumb Code    88  key.o(i.KEY_Handle)
    KEY_Init                                 0x00001f89   Thumb Code    42  key.o(i.KEY_Init)
    LED_Init                                 0x00001fc1   Thumb Code    56  led.o(i.LED_Init)
    LVD_IRQHandler                           0x00002005   Thumb Code     2  interrupts_cw32f030.o(i.LVD_IRQHandler)
    NMI_Handler                              0x00002007   Thumb Code     2  interrupts_cw32f030.o(i.NMI_Handler)
    OLED_Clear                               0x00002009   Thumb Code    42  oled_iic.o(i.OLED_Clear)
    OLED_ClearPoint                          0x00002039   Thumb Code    86  oled_iic.o(i.OLED_ClearPoint)
    OLED_Display_On                          0x00002095   Thumb Code    22  oled_iic.o(i.OLED_Display_On)
    OLED_DrawPoint                           0x000020ad   Thumb Code    54  oled_iic.o(i.OLED_DrawPoint)
    OLED_I2C_Init                            0x000020e9   Thumb Code   126  oled_iic.o(i.OLED_I2C_Init)
    OLED_Init                                0x00002179   Thumb Code   180  oled_iic.o(i.OLED_Init)
    OLED_Play_1                              0x0000222d   Thumb Code    56  oled_iic.o(i.OLED_Play_1)
    OLED_Pow                                 0x0000227d   Thumb Code    26  oled_iic.o(i.OLED_Pow)
    OLED_Refresh                             0x00002299   Thumb Code    62  oled_iic.o(i.OLED_Refresh)
    OLED_ShowChar                            0x000022dd   Thumb Code   216  oled_iic.o(i.OLED_ShowChar)
    OLED_ShowNum                             0x000023c1   Thumb Code   124  oled_iic.o(i.OLED_ShowNum)
    OLED_ShowString                          0x0000243d   Thumb Code    66  oled_iic.o(i.OLED_ShowString)
    PendSV_Handler                           0x0000247f   Thumb Code     2  interrupts_cw32f030.o(i.PendSV_Handler)
    RCC_AHBPeriphClk_Enable                  0x00002481   Thumb Code    28  cw32f030_rcc.o(i.RCC_AHBPeriphClk_Enable)
    RCC_APBPeriphClk_Enable2                 0x000024a1   Thumb Code    28  cw32f030_rcc.o(i.RCC_APBPeriphClk_Enable2)
    RCC_Configuration                        0x000024c1   Thumb Code    82  sys_init.o(i.RCC_Configuration)
    RCC_HCLKPRS_Config                       0x0000251d   Thumb Code    20  cw32f030_rcc.o(i.RCC_HCLKPRS_Config)
    RCC_HSE_Enable                           0x0000253d   Thumb Code   178  cw32f030_rcc.o(i.RCC_HSE_Enable)
    RCC_HSI_Disable                          0x00002609   Thumb Code    20  cw32f030_rcc.o(i.RCC_HSI_Disable)
    RCC_IRQHandler                           0x00002625   Thumb Code     2  interrupts_cw32f030.o(i.RCC_IRQHandler)
    RCC_PCLKPRS_Config                       0x00002629   Thumb Code    20  cw32f030_rcc.o(i.RCC_PCLKPRS_Config)
    RCC_PLL_Enable                           0x00002649   Thumb Code   168  cw32f030_rcc.o(i.RCC_PLL_Enable)
    RCC_SysClk_Switch                        0x000026fd   Thumb Code    54  cw32f030_rcc.o(i.RCC_SysClk_Switch)
    RCC_Sysctrl_GetHClkFreq                  0x0000273d   Thumb Code   194  cw32f030_rcc.o(i.RCC_Sysctrl_GetHClkFreq)
    RCC_SystemCoreClockUpdate                0x00002815   Thumb Code     6  cw32f030_rcc.o(i.RCC_SystemCoreClockUpdate)
    RTC_IRQHandler                           0x00002821   Thumb Code     2  interrupts_cw32f030.o(i.RTC_IRQHandler)
    SPI1_IRQHandler                          0x00002823   Thumb Code     2  interrupts_cw32f030.o(i.SPI1_IRQHandler)
    SPI2_IRQHandler                          0x00002825   Thumb Code     2  interrupts_cw32f030.o(i.SPI2_IRQHandler)
    SVC_Handler                              0x00002827   Thumb Code     2  interrupts_cw32f030.o(i.SVC_Handler)
    SYS_Init                                 0x00002829   Thumb Code    20  sys_init.o(i.SYS_Init)
    Speed_Count                              0x0000283d   Thumb Code    30  gtim.o(i.Speed_Count)
    SysTick_Handler                          0x00002865   Thumb Code    16  cw32f030_systick.o(i.SysTick_Handler)
    SystemCoreClockUpdate                    0x0000287d   Thumb Code     8  system_cw32f030.o(i.SystemCoreClockUpdate)
    SystemInit                               0x0000288d   Thumb Code    54  system_cw32f030.o(i.SystemInit)
    Task_Marks_Handler_Callback              0x000028c9   Thumb Code    92  task.o(i.Task_Marks_Handler_Callback)
    Task_Pro_Handler_Callback                0x0000292d   Thumb Code    52  task.o(i.Task_Pro_Handler_Callback)
    TasksHandle_100MS                        0x00002969   Thumb Code   274  app.o(i.TasksHandle_100MS)
    TasksHandle_10MS                         0x00002aa1   Thumb Code     8  app.o(i.TasksHandle_10MS)
    TasksHandle_250MS                        0x00002aa9   Thumb Code    16  app.o(i.TasksHandle_250MS)
    TasksHandle_500MS                        0x00002abd   Thumb Code    58  app.o(i.TasksHandle_500MS)
    UART1_IRQHandleCallback                  0x00002b01   Thumb Code    40  uart.o(i.UART1_IRQHandleCallback)
    UART1_IRQHandler                         0x00002b2d   Thumb Code     8  interrupts_cw32f030.o(i.UART1_IRQHandler)
    UART2_IRQHandler                         0x00002b35   Thumb Code     2  interrupts_cw32f030.o(i.UART2_IRQHandler)
    UART3_IRQHandler                         0x00002b37   Thumb Code     2  interrupts_cw32f030.o(i.UART3_IRQHandler)
    UART_Configuration                       0x00002b39   Thumb Code   186  uart.o(i.UART_Configuration)
    USART_ClearITPendingBit                  0x00002c09   Thumb Code     8  cw32f030_uart.o(i.USART_ClearITPendingBit)
    USART_GetITStatus                        0x00002c11   Thumb Code    18  cw32f030_uart.o(i.USART_GetITStatus)
    USART_ITConfig                           0x00002c23   Thumb Code    26  cw32f030_uart.o(i.USART_ITConfig)
    USART_Init                               0x00002c3d   Thumb Code   362  cw32f030_uart.o(i.USART_Init)
    USART_ReceiveData_8bit                   0x00002db1   Thumb Code     8  cw32f030_uart.o(i.USART_ReceiveData_8bit)
    USART_SendData_8bit                      0x00002db9   Thumb Code     4  cw32f030_uart.o(i.USART_SendData_8bit)
    VC1_IRQHandler                           0x00002dbd   Thumb Code     2  interrupts_cw32f030.o(i.VC1_IRQHandler)
    VC2_IRQHandler                           0x00002dbf   Thumb Code     2  interrupts_cw32f030.o(i.VC2_IRQHandler)
    WDT_IRQHandler                           0x00002dc1   Thumb Code     2  interrupts_cw32f030.o(i.WDT_IRQHandler)
    WriteCmd                                 0x00002dc5   Thumb Code    16  oled_iic.o(i.WriteCmd)
    WriteDat                                 0x00002dd9   Thumb Code    16  oled_iic.o(i.WriteDat)
    __ARM_clz                                0x00002ded   Thumb Code    46  depilogue.o(i.__ARM_clz)
    __ARM_common_switch8                     0x00002e1b   Thumb Code    28  cw32f030_i2c.o(i.__ARM_common_switch8)
    __scatterload_copy                       0x00002fa1   Thumb Code    14  handlers.o(i.__scatterload_copy)
    __scatterload_null                       0x00002faf   Thumb Code     2  handlers.o(i.__scatterload_null)
    __scatterload_zeroinit                   0x00002fb1   Thumb Code    14  handlers.o(i.__scatterload_zeroinit)
    delay1ms                                 0x00002fc1   Thumb Code    76  system_cw32f030.o(i.delay1ms)
    main                                     0x00003019   Thumb Code    12  main.o(i.main)
    asc2_1206                                0x00003024   Data        1140  oled_iic.o(.constdata)
    asc2_1608                                0x00003498   Data        1520  oled_iic.o(.constdata)
    asc2_2412                                0x00003a88   Data        3420  oled_iic.o(.constdata)
    STEP_TAB                                 0x000047e4   Data           6  motor.o(.constdata)
    hsiprs_tbl                               0x000047ec   Data          64  cw32f030_rcc.o(.constdata)
    Region$$Table$$Base                      0x00004850   Number         0  anon$$obj.o(Region$$Table)
    Region$$Table$$Limit                     0x00004870   Number         0  anon$$obj.o(Region$$Table)
    BMP1                                     0x20000000   Data        1024  app.o(.data)
    BMP2                                     0x20000400   Data        1024  app.o(.data)
    i                                        0x20000800   Data           1  app.o(.data)
    Tasks_Max                                0x20000834   Data           1  task.o(.data)
    key1_count                               0x20000835   Data           1  key.o(.data)
    key2_count                               0x20000836   Data           1  key.o(.data)
    ADC_CR1Array                             0x20000838   Data           4  adc.o(.data)
    ADC_Start                                0x2000083c   Data           1  adc.o(.data)
    SampleData                               0x2000083e   Data           8  adc.o(.data)
    HALLcount                                0x20000846   Data           2  gtim.o(.data)
    RealS                                    0x20000848   Data           2  gtim.o(.data)
    Err_Code                                 0x2000084a   Data           2  motor.o(.data)
    Cur_step                                 0x2000084c   Data           2  motor.o(.data)
    Motor_Start_F                            0x2000084e   Data           2  motor.o(.data)
    OutPwm                                   0x20000850   Data           2  motor.o(.data)
    Clock_Counter                            0x20000854   Data           1  encoder.o(.data)
    Count_1                                  0x20000855   Data           1  encoder.o(.data)
    Count_2                                  0x20000856   Data           1  encoder.o(.data)
    PWM_Duty_Load                            0x20000858   Data           2  encoder.o(.data)
    PWM_Duty_Set                             0x2000085a   Data           2  encoder.o(.data)
    CNT_Value                                0x2000085c   Data           2  encoder.o(.data)
    CNT_uValue                               0x2000085e   Data           2  encoder.o(.data)
    uwTick                                   0x20000860   Data           4  cw32f030_systick.o(.data)
    uwTickPrio                               0x20000864   Data           4  cw32f030_systick.o(.data)
    uwTickFreq                               0x20000868   Data           1  cw32f030_systick.o(.data)
    SystemCoreClock                          0x2000086c   Data           4  system_cw32f030.o(.data)
    OLED_GRAM                                0x20000870   Data        1152  oled_iic.o(.bss)
    __initial_sp                             0x20000ef0   Data           0  startup_cw32f030.o(STACK)



==============================================================================

Memory Map of the image

  Image Entry point : 0x000000c1

  Load Region LR_IROM1 (Base: 0x00000000, Size: 0x000050e0, Max: 0x00010000, ABSOLUTE, COMPRESSED[0x00004a98])

    Execution Region ER_IROM1 (Exec base: 0x00000000, Load base: 0x00000000, Size: 0x00004870, Max: 0x00010000, ABSOLUTE)

    Exec Addr    Load Addr    Size         Type   Attr      Idx    E Section Name        Object

    0x00000000   0x00000000   0x000000c0   Data   RO          412    RESET               startup_cw32f030.o
    0x000000c0   0x000000c0   0x00000000   Code   RO         4299  * .ARM.Collect$$$$00000000  mc_p.l(entry.o)
    0x000000c0   0x000000c0   0x00000004   Code   RO         4340    .ARM.Collect$$$$00000001  mc_p.l(entry2.o)
    0x000000c4   0x000000c4   0x00000004   Code   RO         4343    .ARM.Collect$$$$00000004  mc_p.l(entry5.o)
    0x000000c8   0x000000c8   0x00000000   Code   RO         4345    .ARM.Collect$$$$00000008  mc_p.l(entry7b.o)
    0x000000c8   0x000000c8   0x00000000   Code   RO         4347    .ARM.Collect$$$$0000000A  mc_p.l(entry8b.o)
    0x000000c8   0x000000c8   0x00000008   Code   RO         4348    .ARM.Collect$$$$0000000B  mc_p.l(entry9a.o)
    0x000000d0   0x000000d0   0x00000000   Code   RO         4350    .ARM.Collect$$$$0000000D  mc_p.l(entry10a.o)
    0x000000d0   0x000000d0   0x00000000   Code   RO         4352    .ARM.Collect$$$$0000000F  mc_p.l(entry11a.o)
    0x000000d0   0x000000d0   0x00000004   Code   RO         4341    .ARM.Collect$$$$00002712  mc_p.l(entry2.o)
    0x000000d4   0x000000d4   0x0000001c   Code   RO          413    .text               startup_cw32f030.o
    0x000000f0   0x000000f0   0x0000002c   Code   RO         4302    .text               mc_p.l(uidiv.o)
    0x0000011c   0x0000011c   0x0000004c   Code   RO         4306    .text               mc_p.l(ldiv.o)
    0x00000168   0x00000168   0x00000024   Code   RO         4308    .text               mc_p.l(memcpya.o)
    0x0000018c   0x0000018c   0x00000024   Code   RO         4310    .text               mc_p.l(memseta.o)
    0x000001b0   0x000001b0   0x000000b2   Code   RO         4314    .text               mf_p.l(fadd.o)
    0x00000262   0x00000262   0x0000007a   Code   RO         4316    .text               mf_p.l(fmul.o)
    0x000002dc   0x000002dc   0x0000007c   Code   RO         4318    .text               mf_p.l(fdiv.o)
    0x00000358   0x00000358   0x00000164   Code   RO         4320    .text               mf_p.l(dadd.o)
    0x000004bc   0x000004bc   0x0000000e   Code   RO         4324    .text               mf_p.l(ffltui.o)
    0x000004ca   0x000004ca   0x00000002   PAD
    0x000004cc   0x000004cc   0x00000028   Code   RO         4326    .text               mf_p.l(dflti.o)
    0x000004f4   0x000004f4   0x0000001c   Code   RO         4328    .text               mf_p.l(dfltui.o)
    0x00000510   0x00000510   0x00000028   Code   RO         4330    .text               mf_p.l(ffixui.o)
    0x00000538   0x00000538   0x0000003c   Code   RO         4332    .text               mf_p.l(dfixui.o)
    0x00000574   0x00000574   0x00000028   Code   RO         4334    .text               mf_p.l(f2d.o)
    0x0000059c   0x0000059c   0x00000028   Code   RO         4336    .text               mf_p.l(cdcmple.o)
    0x000005c4   0x000005c4   0x00000028   Code   RO         4338    .text               mf_p.l(cdrcmple.o)
    0x000005ec   0x000005ec   0x00000060   Code   RO         4354    .text               mc_p.l(uldiv.o)
    0x0000064c   0x0000064c   0x00000020   Code   RO         4356    .text               mc_p.l(llshl.o)
    0x0000066c   0x0000066c   0x00000022   Code   RO         4358    .text               mc_p.l(llushr.o)
    0x0000068e   0x0000068e   0x00000026   Code   RO         4360    .text               mc_p.l(llsshr.o)
    0x000006b4   0x000006b4   0x00000000   Code   RO         4362    .text               mc_p.l(iusefp.o)
    0x000006b4   0x000006b4   0x00000082   Code   RO         4363    .text               mf_p.l(fepilogue.o)
    0x00000736   0x00000736   0x000000be   Code   RO         4365    .text               mf_p.l(depilogue.o)
    0x000007f4   0x000007f4   0x00000024   Code   RO         4369    .text               mc_p.l(init.o)
    0x00000818   0x00000818   0x00000060   Code   RO         4379    .text               mc_p.l(__dclz77c.o)
    0x00000878   0x00000878   0x00000008   Code   RO         1847    RAMCODE             cw32f030_btim.o
    0x00000880   0x00000880   0x000001d4   Code   RO          801    i.ADC_Configuration  adc.o
    0x00000a54   0x00000a54   0x00000020   Code   RO         1148    i.ADC_Enable        cw32f030_adc.o
    0x00000a74   0x00000a74   0x00000018   Code   RO         1154    i.ADC_GetITStatus   cw32f030_adc.o
    0x00000a8c   0x00000a8c   0x00000002   Code   RO            3    i.ADC_IRQHandler    interrupts_cw32f030.o
    0x00000a8e   0x00000a8e   0x00000002   PAD
    0x00000a90   0x00000a90   0x00000088   Code   RO         1163    i.ADC_Init          cw32f030_adc.o
    0x00000b18   0x00000b18   0x00000068   Code   RO          454    i.APP_config        app.o
    0x00000b80   0x00000b80   0x0000000c   Code   RO         1468    i.ATIM_ClearITPendingBit  cw32f030_atim.o
    0x00000b8c   0x00000b8c   0x00000018   Code   RO         1469    i.ATIM_Cmd          cw32f030_atim.o
    0x00000ba4   0x00000ba4   0x00000184   Code   RO          905    i.ATIM_Configuration  atim.o
    0x00000d28   0x00000d28   0x00000020   Code   RO         1470    i.ATIM_CtrlPWMOutputs  cw32f030_atim.o
    0x00000d48   0x00000d48   0x00000018   Code   RO         1479    i.ATIM_GetITStatus  cw32f030_atim.o
    0x00000d60   0x00000d60   0x00000018   Code   RO          906    i.ATIM_IRQHandler   atim.o
    0x00000d78   0x00000d78   0x00000068   Code   RO         1487    i.ATIM_Init         cw32f030_atim.o
    0x00000de0   0x00000de0   0x00000074   Code   RO         1489    i.ATIM_OC1AInit     cw32f030_atim.o
    0x00000e54   0x00000e54   0x00000078   Code   RO         1491    i.ATIM_OC2AInit     cw32f030_atim.o
    0x00000ecc   0x00000ecc   0x00000078   Code   RO         1493    i.ATIM_OC3AInit     cw32f030_atim.o
    0x00000f44   0x00000f44   0x00000040   Code   RO         1495    i.ATIM_OC4Init      cw32f030_atim.o
    0x00000f84   0x00000f84   0x0000004c   Code   RO         1496    i.ATIM_PWMOutputConfig  cw32f030_atim.o
    0x00000fd0   0x00000fd0   0x0000000c   Code   RO         1497    i.ATIM_SetCompare1A  cw32f030_atim.o
    0x00000fdc   0x00000fdc   0x0000000c   Code   RO         1499    i.ATIM_SetCompare2A  cw32f030_atim.o
    0x00000fe8   0x00000fe8   0x0000000c   Code   RO         1501    i.ATIM_SetCompare3A  cw32f030_atim.o
    0x00000ff4   0x00000ff4   0x0000000c   Code   RO         1503    i.ATIM_SetCompare4  cw32f030_atim.o
    0x00001000   0x00001000   0x00000002   Code   RO            4    i.AWT_IRQHandler    interrupts_cw32f030.o
    0x00001002   0x00001002   0x00000002   PAD
    0x00001004   0x00001004   0x00000068   Code   RO          934    i.BTIM1_Configuration  btim.o
    0x0000106c   0x0000106c   0x00000038   Code   RO          935    i.BTIM1_IRQHandler  btim.o
    0x000010a4   0x000010a4   0x00000002   Code   RO            5    i.BTIM2_IRQHandler  interrupts_cw32f030.o
    0x000010a6   0x000010a6   0x00000002   Code   RO            6    i.BTIM3_IRQHandler  interrupts_cw32f030.o
    0x000010a8   0x000010a8   0x00000018   Code   RO         1848    i.BTIM_Cmd          cw32f030_btim.o
    0x000010c0   0x000010c0   0x00000012   Code   RO         1854    i.BTIM_GetITStatus  cw32f030_btim.o
    0x000010d2   0x000010d2   0x00000014   Code   RO         1856    i.BTIM_ITConfig     cw32f030_btim.o
    0x000010e6   0x000010e6   0x00000002   PAD
    0x000010e8   0x000010e8   0x00000020   Code   RO         1865    i.BTIM_TimeBaseInit  cw32f030_btim.o
    0x00001108   0x00001108   0x0000003c   Code   RO         1112    i.Buzzer_Init       buzzer.o
    0x00001144   0x00001144   0x00000100   Code   RO         1045    i.Calculate_PWM_duty  encoder.o
    0x00001244   0x00001244   0x000000f0   Code   RO         1006    i.Commutation       motor.o
    0x00001334   0x00001334   0x00000018   Code   RO            7    i.DMACH1_IRQHandler  interrupts_cw32f030.o
    0x0000134c   0x0000134c   0x000000ac   Code   RO          802    i.DMACH1_IRQHandlerCallBack  adc.o
    0x000013f8   0x000013f8   0x00000018   Code   RO            8    i.DMACH23_IRQHandler  interrupts_cw32f030.o
    0x00001410   0x00001410   0x00000002   Code   RO            9    i.DMACH45_IRQHandler  interrupts_cw32f030.o
    0x00001412   0x00001412   0x00000002   PAD
    0x00001414   0x00001414   0x00000010   Code   RO         2104    i.DMA_ClearITPendingBit  cw32f030_dma.o
    0x00001424   0x00001424   0x00000018   Code   RO         2105    i.DMA_Cmd           cw32f030_dma.o
    0x0000143c   0x0000143c   0x00000018   Code   RO         2108    i.DMA_GetITStatus   cw32f030_dma.o
    0x00001454   0x00001454   0x00000014   Code   RO         2109    i.DMA_ITConfig      cw32f030_dma.o
    0x00001468   0x00001468   0x0000003c   Code   RO         2110    i.DMA_Init          cw32f030_dma.o
    0x000014a4   0x000014a4   0x00000048   Code   RO         1046    i.Encoder_Init      encoder.o
    0x000014ec   0x000014ec   0x00000002   Code   RO           10    i.FAULT_IRQHandler  interrupts_cw32f030.o
    0x000014ee   0x000014ee   0x00000002   Code   RO           11    i.FLASHRAM_IRQHandler  interrupts_cw32f030.o
    0x000014f0   0x000014f0   0x00000038   Code   RO         2186    i.FLASH_SetLatency  cw32f030_flash.o
    0x00001528   0x00001528   0x00000010   Code   RO         1047    i.GFP_abs           encoder.o
    0x00001538   0x00001538   0x00000002   Code   RO           12    i.GPIOA_IRQHandler  interrupts_cw32f030.o
    0x0000153a   0x0000153a   0x00000002   PAD
    0x0000153c   0x0000153c   0x00000124   Code   RO         1048    i.GPIOB_IRQHandler  encoder.o
    0x00001660   0x00001660   0x00000002   Code   RO           13    i.GPIOC_IRQHandler  interrupts_cw32f030.o
    0x00001662   0x00001662   0x00000002   Code   RO           14    i.GPIOF_IRQHandler  interrupts_cw32f030.o
    0x00001664   0x00001664   0x00000100   Code   RO         2316    i.GPIO_Init         cw32f030_gpio.o
    0x00001764   0x00001764   0x000000c0   Code   RO         1049    i.GTIM1_Configuration  encoder.o
    0x00001824   0x00001824   0x00000020   Code   RO         1050    i.GTIM1_IRQHandler  encoder.o
    0x00001844   0x00001844   0x00000130   Code   RO          963    i.GTIM2_Configuration  gtim.o
    0x00001974   0x00001974   0x00000098   Code   RO          964    i.GTIM2_IRQHandler  gtim.o
    0x00001a0c   0x00001a0c   0x00000002   Code   RO           15    i.GTIM3_IRQHandler  interrupts_cw32f030.o
    0x00001a0e   0x00001a0e   0x00000002   Code   RO           16    i.GTIM4_IRQHandler  interrupts_cw32f030.o
    0x00001a10   0x00001a10   0x0000000c   Code   RO         2400    i.GTIM_ClearITPendingBit  cw32f030_gtim.o
    0x00001a1c   0x00001a1c   0x0000001c   Code   RO         2401    i.GTIM_Cmd          cw32f030_gtim.o
    0x00001a38   0x00001a38   0x0000005e   Code   RO         2404    i.GTIM_EncodeInit   cw32f030_gtim.o
    0x00001a96   0x00001a96   0x00000018   Code   RO         2409    i.GTIM_GetITStatus  cw32f030_gtim.o
    0x00001aae   0x00001aae   0x00000048   Code   RO         2411    i.GTIM_ICInit       cw32f030_gtim.o
    0x00001af6   0x00001af6   0x0000002e   Code   RO         2412    i.GTIM_ITConfig     cw32f030_gtim.o
    0x00001b24   0x00001b24   0x0000000c   Code   RO         1051    i.GTIM_Reed_CNT_Value  encoder.o
    0x00001b30   0x00001b30   0x0000000a   Code   RO         2418    i.GTIM_SetCounterValue  cw32f030_gtim.o
    0x00001b3a   0x00001b3a   0x00000002   PAD
    0x00001b3c   0x00001b3c   0x00000040   Code   RO         2421    i.GTIM_TimeBaseInit  cw32f030_gtim.o
    0x00001b7c   0x00001b7c   0x00000070   Code   RO         1007    i.HALL_Check        motor.o
    0x00001bec   0x00001bec   0x00000040   Code   RO         1008    i.HALL_Motor_Start  motor.o
    0x00001c2c   0x00001c2c   0x00000004   Code   RO           17    i.HardFault_Handler  interrupts_cw32f030.o
    0x00001c30   0x00001c30   0x0000002c   Code   RO         2586    i.I2C1_DeInit       cw32f030_i2c.o
    0x00001c5c   0x00001c5c   0x00000002   Code   RO           18    i.I2C1_IRQHandler   interrupts_cw32f030.o
    0x00001c5e   0x00001c5e   0x00000002   Code   RO           19    i.I2C2_IRQHandler   interrupts_cw32f030.o
    0x00001c60   0x00001c60   0x0000001a   Code   RO         2590    i.I2C_AcknowledgeConfig  cw32f030_i2c.o
    0x00001c7a   0x00001c7a   0x0000001a   Code   RO         2591    i.I2C_BaudGeneratorEnable  cw32f030_i2c.o
    0x00001c94   0x00001c94   0x0000000a   Code   RO         2592    i.I2C_ClearIrq      cw32f030_i2c.o
    0x00001c9e   0x00001c9e   0x0000001a   Code   RO         2593    i.I2C_Cmd           cw32f030_i2c.o
    0x00001cb8   0x00001cb8   0x0000001a   Code   RO         2594    i.I2C_FilterConfig  cw32f030_i2c.o
    0x00001cd2   0x00001cd2   0x00000048   Code   RO         2596    i.I2C_GenerateSTART  cw32f030_i2c.o
    0x00001d1a   0x00001d1a   0x0000001a   Code   RO         2597    i.I2C_GenerateSTOP  cw32f030_i2c.o
    0x00001d34   0x00001d34   0x0000000c   Code   RO         2598    i.I2C_GetIrq        cw32f030_i2c.o
    0x00001d40   0x00001d40   0x00000008   Code   RO         2599    i.I2C_GetState      cw32f030_i2c.o
    0x00001d48   0x00001d48   0x000000b2   Code   RO          650    i.I2C_MasterWriteByte  oled_iic.o
    0x00001dfa   0x00001dfa   0x00000036   Code   RO         2604    i.I2C_Master_Init   cw32f030_i2c.o
    0x00001e30   0x00001e30   0x00000012   Code   RO         2606    i.I2C_Send7bitAddress  cw32f030_i2c.o
    0x00001e42   0x00001e42   0x00000004   Code   RO         2607    i.I2C_SendData      cw32f030_i2c.o
    0x00001e46   0x00001e46   0x00000004   Code   RO         2608    i.I2C_SetBaud       cw32f030_i2c.o
    0x00001e4a   0x00001e4a   0x00000002   PAD
    0x00001e4c   0x00001e4c   0x00000010   Code   RO         2833    i.IWDT_Cmd          cw32f030_iwdt.o
    0x00001e5c   0x00001e5c   0x00000054   Code   RO          882    i.IWDT_Configuration  iwdt.o
    0x00001eb0   0x00001eb0   0x00000064   Code   RO         2780    i.IWDT_Init         cw32f030_iwdt.o
    0x00001f14   0x00001f14   0x00000010   Code   RO         2839    i.IWDT_Refresh      cw32f030_iwdt.o
    0x00001f24   0x00001f24   0x00000064   Code   RO          562    i.KEY_Handle        key.o
    0x00001f88   0x00001f88   0x00000038   Code   RO          563    i.KEY_Init          key.o
    0x00001fc0   0x00001fc0   0x00000044   Code   RO          539    i.LED_Init          led.o
    0x00002004   0x00002004   0x00000002   Code   RO           20    i.LVD_IRQHandler    interrupts_cw32f030.o
    0x00002006   0x00002006   0x00000002   Code   RO           21    i.NMI_Handler       interrupts_cw32f030.o
    0x00002008   0x00002008   0x00000030   Code   RO          651    i.OLED_Clear        oled_iic.o
    0x00002038   0x00002038   0x0000005c   Code   RO          653    i.OLED_ClearPoint   oled_iic.o
    0x00002094   0x00002094   0x00000016   Code   RO          655    i.OLED_Display_On   oled_iic.o
    0x000020aa   0x000020aa   0x00000002   PAD
    0x000020ac   0x000020ac   0x0000003c   Code   RO          657    i.OLED_DrawPoint    oled_iic.o
    0x000020e8   0x000020e8   0x00000090   Code   RO          658    i.OLED_I2C_Init     oled_iic.o
    0x00002178   0x00002178   0x000000b4   Code   RO          659    i.OLED_Init         oled_iic.o
    0x0000222c   0x0000222c   0x00000050   Code   RO          660    i.OLED_Play_1       oled_iic.o
    0x0000227c   0x0000227c   0x0000001a   Code   RO          661    i.OLED_Pow          oled_iic.o
    0x00002296   0x00002296   0x00000002   PAD
    0x00002298   0x00002298   0x00000044   Code   RO          662    i.OLED_Refresh      oled_iic.o
    0x000022dc   0x000022dc   0x000000e4   Code   RO          663    i.OLED_ShowChar     oled_iic.o
    0x000023c0   0x000023c0   0x0000007c   Code   RO          665    i.OLED_ShowNum      oled_iic.o
    0x0000243c   0x0000243c   0x00000042   Code   RO          667    i.OLED_ShowString   oled_iic.o
    0x0000247e   0x0000247e   0x00000002   Code   RO           22    i.PendSV_Handler    interrupts_cw32f030.o
    0x00002480   0x00002480   0x00000020   Code   RO         3052    i.RCC_AHBPeriphClk_Enable  cw32f030_rcc.o
    0x000024a0   0x000024a0   0x00000020   Code   RO         3055    i.RCC_APBPeriphClk_Enable2  cw32f030_rcc.o
    0x000024c0   0x000024c0   0x0000005c   Code   RO          419    i.RCC_Configuration  sys_init.o
    0x0000251c   0x0000251c   0x00000020   Code   RO         3075    i.RCC_HCLKPRS_Config  cw32f030_rcc.o
    0x0000253c   0x0000253c   0x000000cc   Code   RO         3078    i.RCC_HSE_Enable    cw32f030_rcc.o
    0x00002608   0x00002608   0x0000001c   Code   RO         3080    i.RCC_HSI_Disable   cw32f030_rcc.o
    0x00002624   0x00002624   0x00000002   Code   RO           23    i.RCC_IRQHandler    interrupts_cw32f030.o
    0x00002626   0x00002626   0x00000002   PAD
    0x00002628   0x00002628   0x00000020   Code   RO         3093    i.RCC_PCLKPRS_Config  cw32f030_rcc.o
    0x00002648   0x00002648   0x000000b4   Code   RO         3096    i.RCC_PLL_Enable    cw32f030_rcc.o
    0x000026fc   0x000026fc   0x00000040   Code   RO         3100    i.RCC_SysClk_Switch  cw32f030_rcc.o
    0x0000273c   0x0000273c   0x000000d8   Code   RO         3101    i.RCC_Sysctrl_GetHClkFreq  cw32f030_rcc.o
    0x00002814   0x00002814   0x0000000c   Code   RO         3103    i.RCC_SystemCoreClockUpdate  cw32f030_rcc.o
    0x00002820   0x00002820   0x00000002   Code   RO           24    i.RTC_IRQHandler    interrupts_cw32f030.o
    0x00002822   0x00002822   0x00000002   Code   RO           25    i.SPI1_IRQHandler   interrupts_cw32f030.o
    0x00002824   0x00002824   0x00000002   Code   RO           26    i.SPI2_IRQHandler   interrupts_cw32f030.o
    0x00002826   0x00002826   0x00000002   Code   RO           27    i.SVC_Handler       interrupts_cw32f030.o
    0x00002828   0x00002828   0x00000014   Code   RO          420    i.SYS_Init          sys_init.o
    0x0000283c   0x0000283c   0x00000028   Code   RO          965    i.Speed_Count       gtim.o
    0x00002864   0x00002864   0x00000018   Code   RO         3690    i.SysTick_Handler   cw32f030_systick.o
    0x0000287c   0x0000287c   0x00000010   Code   RO         4241    i.SystemCoreClockUpdate  system_cw32f030.o
    0x0000288c   0x0000288c   0x0000003c   Code   RO         4242    i.SystemInit        system_cw32f030.o
    0x000028c8   0x000028c8   0x00000064   Code   RO          507    i.Task_Marks_Handler_Callback  task.o
    0x0000292c   0x0000292c   0x0000003c   Code   RO          508    i.Task_Pro_Handler_Callback  task.o
    0x00002968   0x00002968   0x00000138   Code   RO          455    i.TasksHandle_100MS  app.o
    0x00002aa0   0x00002aa0   0x00000008   Code   RO          456    i.TasksHandle_10MS  app.o
    0x00002aa8   0x00002aa8   0x00000014   Code   RO          457    i.TasksHandle_250MS  app.o
    0x00002abc   0x00002abc   0x00000044   Code   RO          458    i.TasksHandle_500MS  app.o
    0x00002b00   0x00002b00   0x0000002c   Code   RO          836    i.UART1_IRQHandleCallback  uart.o
    0x00002b2c   0x00002b2c   0x00000008   Code   RO           28    i.UART1_IRQHandler  interrupts_cw32f030.o
    0x00002b34   0x00002b34   0x00000002   Code   RO           29    i.UART2_IRQHandler  interrupts_cw32f030.o
    0x00002b36   0x00002b36   0x00000002   Code   RO           30    i.UART3_IRQHandler  interrupts_cw32f030.o
    0x00002b38   0x00002b38   0x000000d0   Code   RO          837    i.UART_Configuration  uart.o
    0x00002c08   0x00002c08   0x00000008   Code   RO         3753    i.USART_ClearITPendingBit  cw32f030_uart.o
    0x00002c10   0x00002c10   0x00000012   Code   RO         3759    i.USART_GetITStatus  cw32f030_uart.o
    0x00002c22   0x00002c22   0x0000001a   Code   RO         3761    i.USART_ITConfig    cw32f030_uart.o
    0x00002c3c   0x00002c3c   0x00000174   Code   RO         3762    i.USART_Init        cw32f030_uart.o
    0x00002db0   0x00002db0   0x00000008   Code   RO         3765    i.USART_ReceiveData_8bit  cw32f030_uart.o
    0x00002db8   0x00002db8   0x00000004   Code   RO         3767    i.USART_SendData_8bit  cw32f030_uart.o
    0x00002dbc   0x00002dbc   0x00000002   Code   RO           31    i.VC1_IRQHandler    interrupts_cw32f030.o
    0x00002dbe   0x00002dbe   0x00000002   Code   RO           32    i.VC2_IRQHandler    interrupts_cw32f030.o
    0x00002dc0   0x00002dc0   0x00000002   Code   RO           33    i.WDT_IRQHandler    interrupts_cw32f030.o
    0x00002dc2   0x00002dc2   0x00000002   PAD
    0x00002dc4   0x00002dc4   0x00000014   Code   RO          669    i.WriteCmd          oled_iic.o
    0x00002dd8   0x00002dd8   0x00000014   Code   RO          670    i.WriteDat          oled_iic.o
    0x00002dec   0x00002dec   0x0000002e   Code   RO         4367    i.__ARM_clz         mf_p.l(depilogue.o)
    0x00002e1a   0x00002e1a   0x0000001c   Code   RO         2769    i.__ARM_common_switch8  cw32f030_i2c.o
    0x00002e36   0x00002e36   0x00000002   PAD
    0x00002e38   0x00002e38   0x00000078   Code   RO          838    i.__NVIC_SetPriority  uart.o
    0x00002eb0   0x00002eb0   0x00000078   Code   RO          966    i.__NVIC_SetPriority  gtim.o
    0x00002f28   0x00002f28   0x00000078   Code   RO         1052    i.__NVIC_SetPriority  encoder.o
    0x00002fa0   0x00002fa0   0x0000000e   Code   RO         4373    i.__scatterload_copy  mc_p.l(handlers.o)
    0x00002fae   0x00002fae   0x00000002   Code   RO         4374    i.__scatterload_null  mc_p.l(handlers.o)
    0x00002fb0   0x00002fb0   0x0000000e   Code   RO         4375    i.__scatterload_zeroinit  mc_p.l(handlers.o)
    0x00002fbe   0x00002fbe   0x00000002   PAD
    0x00002fc0   0x00002fc0   0x00000058   Code   RO         4245    i.delay1ms          system_cw32f030.o
    0x00003018   0x00003018   0x0000000c   Code   RO          287    i.main              main.o
    0x00003024   0x00003024   0x000017c0   Data   RO          672    .constdata          oled_iic.o
    0x000047e4   0x000047e4   0x00000006   Data   RO         1009    .constdata          motor.o
    0x000047ea   0x000047ea   0x00000002   PAD
    0x000047ec   0x000047ec   0x00000064   Data   RO         3105    .constdata          cw32f030_rcc.o
    0x00004850   0x00004850   0x00000020   Data   RO         4371    Region$$Table       anon$$obj.o


    Execution Region RW_IRAM1 (Exec base: 0x20000000, Load base: 0x00004870, Size: 0x00000ef0, Max: 0x00020000, ABSOLUTE, COMPRESSED[0x00000228])

    Exec Addr    Load Addr    Size         Type   Attr      Idx    E Section Name        Object

    0x20000000   COMPRESSED   0x00000802   Data   RW          459    .data               app.o
    0x20000802   COMPRESSED   0x00000002   PAD
    0x20000804   COMPRESSED   0x00000031   Data   RW          509    .data               task.o
    0x20000835   COMPRESSED   0x00000002   Data   RW          564    .data               key.o
    0x20000837   COMPRESSED   0x00000001   PAD
    0x20000838   COMPRESSED   0x0000000e   Data   RW          803    .data               adc.o
    0x20000846   COMPRESSED   0x00000004   Data   RW          967    .data               gtim.o
    0x2000084a   COMPRESSED   0x00000009   Data   RW         1010    .data               motor.o
    0x20000853   COMPRESSED   0x00000001   PAD
    0x20000854   COMPRESSED   0x0000000c   Data   RW         1053    .data               encoder.o
    0x20000860   COMPRESSED   0x00000009   Data   RW         3692    .data               cw32f030_systick.o
    0x20000869   COMPRESSED   0x00000003   PAD
    0x2000086c   COMPRESSED   0x00000004   Data   RW         4246    .data               system_cw32f030.o
    0x20000870        -       0x00000480   Zero   RW          671    .bss                oled_iic.o
    0x20000cf0        -       0x00000200   Zero   RW          410    STACK               startup_cw32f030.o


==============================================================================

Image component sizes


      Code (inc. data)   RO Data    RW Data    ZI Data      Debug   Object Name

       640         56          0         14          0       9260   adc.o
       512         58          0       2050          0       2950   app.o
       412         30          0          0          0       1183   atim.o
       160         28          0          0          0       1097   btim.o
        60         12          0          0          0        502   buzzer.o
       192         26          0          0          0       1926   cw32f030_adc.o
       740         78          0          0          0       7706   cw32f030_atim.o
       102          4          0          0          0       3103   cw32f030_btim.o
       144          8          0          0          0       2982   cw32f030_dma.o
        56         14          0          0          0        531   cw32f030_flash.o
       256          4          0          0          0        988   cw32f030_gpio.o
       350          4          0          0          0       4786   cw32f030_gtim.o
       384          8          0          0          0       7752   cw32f030_i2c.o
       132         34          0          0          0       1714   cw32f030_iwdt.o
       832        124        100          0          0       6574   cw32f030_rcc.o
        24          8          0          9          0       1709   cw32f030_systick.o
       436         10          0          0          0       3927   cw32f030_uart.o
       992         90          0         12          0       5112   encoder.o
       616         76          0          4          0       2481   gtim.o
       114          0          0          0          0      17930   interrupts_cw32f030.o
        84         12          0          0          0        553   iwdt.o
       156         26          0          2          0     227168   key.o
        68         12          0          0          0        467   led.o
        12          0          0          0          0     222487   main.o
       416         42          6          9          0       2464   motor.o
      1356         86       6080          0       1152      10449   oled_iic.o
        28          8        192          0        512        608   startup_cw32f030.o
       112         10          0          0          0        935   sys_init.o
       164         26          0          4          0       1762   system_cw32f030.o
       160         16          0         49          0       1874   task.o
       372         36          0          0          0       8999   uart.o

    ----------------------------------------------------------------------
     10106        946       6412       2160       1664     561979   Object Totals
         0          0         32          0          0          0   (incl. Generated)
        24          0          2          7          0          0   (incl. Padding)

    ----------------------------------------------------------------------

      Code (inc. data)   RO Data    RW Data    ZI Data      Debug   Library Member Name

        96          0          0          0          0          0   __dclz77c.o
         0          0          0          0          0          0   entry.o
         0          0          0          0          0          0   entry10a.o
         0          0          0          0          0          0   entry11a.o
         8          4          0          0          0          0   entry2.o
         4          0          0          0          0          0   entry5.o
         0          0          0          0          0          0   entry7b.o
         0          0          0          0          0          0   entry8b.o
         8          4          0          0          0          0   entry9a.o
        30          0          0          0          0          0   handlers.o
        36          8          0          0          0         68   init.o
         0          0          0          0          0          0   iusefp.o
        76          0          0          0          0         76   ldiv.o
        32          0          0          0          0         68   llshl.o
        38          0          0          0          0         68   llsshr.o
        34          0          0          0          0         68   llushr.o
        36          0          0          0          0         60   memcpya.o
        36          0          0          0          0        100   memseta.o
        44          0          0          0          0         72   uidiv.o
        96          0          0          0          0         84   uldiv.o
        40          2          0          0          0         68   cdcmple.o
        40          2          0          0          0         68   cdrcmple.o
       356          4          0          0          0        140   dadd.o
       236          0          0          0          0        216   depilogue.o
        60         10          0          0          0         68   dfixui.o
        40          6          0          0          0         68   dflti.o
        28          4          0          0          0         68   dfltui.o
        40          0          0          0          0         60   f2d.o
       178          0          0          0          0        108   fadd.o
       124          0          0          0          0         72   fdiv.o
       130          0          0          0          0        144   fepilogue.o
        40          0          0          0          0         60   ffixui.o
        14          0          0          0          0         68   ffltui.o
       122          0          0          0          0         72   fmul.o

    ----------------------------------------------------------------------
      2026         44          0          0          0       1944   Library Totals
         4          0          0          0          0          0   (incl. Padding)

    ----------------------------------------------------------------------

      Code (inc. data)   RO Data    RW Data    ZI Data      Debug   Library Name

       574         16          0          0          0        664   mc_p.l
      1448         28          0          0          0       1280   mf_p.l

    ----------------------------------------------------------------------
      2026         44          0          0          0       1944   Library Totals

    ----------------------------------------------------------------------

==============================================================================


      Code (inc. data)   RO Data    RW Data    ZI Data      Debug   

     12132        990       6412       2160       1664     556299   Grand Totals
     12132        990       6412        552       1664     556299   ELF Image Totals (compressed)
     12132        990       6412        552          0          0   ROM Totals

==============================================================================

    Total RO  Size (Code + RO Data)                18544 (  18.11kB)
    Total RW  Size (RW Data + ZI Data)              3824 (   3.73kB)
    Total ROM Size (Code + RO Data + RW Data)      19096 (  18.65kB)

==============================================================================

